Archive member included to satisfy reference by file (symbol)

C:/Users/gjmontagner/.pico-sdk/toolchain/13_3_Rel1/bin/../lib/gcc/arm-none-eabi/13.3.1/thumb/v6-m/nofp\libgcc.a(_dvmd_tls.o)
                              CMakeFiles/Cyclometer.dir/C_/Users/gjmontagner/.pico-sdk/sdk/1.5.1/src/rp2_common/pico_divider/divider.S.obj (__aeabi_idiv0)
C:/Users/gjmontagner/.pico-sdk/toolchain/13_3_Rel1/bin/../lib/gcc/arm-none-eabi/13.3.1/thumb/v6-m/nofp\libg.a(libc_a-calloc.o)
                              CMakeFiles/Cyclometer.dir/C_/Users/gjmontagner/.pico-sdk/sdk/1.5.1/src/rp2_common/pico_malloc/pico_malloc.c.obj (calloc)
C:/Users/gjmontagner/.pico-sdk/toolchain/13_3_Rel1/bin/../lib/gcc/arm-none-eabi/13.3.1/thumb/v6-m/nofp\libg.a(libc_a-callocr.o)
                              C:/Users/gjmontagner/.pico-sdk/toolchain/13_3_Rel1/bin/../lib/gcc/arm-none-eabi/13.3.1/thumb/v6-m/nofp\libg.a(libc_a-calloc.o) (_calloc_r)
C:/Users/gjmontagner/.pico-sdk/toolchain/13_3_Rel1/bin/../lib/gcc/arm-none-eabi/13.3.1/thumb/v6-m/nofp\libg.a(libc_a-malloc.o)
                              CMakeFiles/Cyclometer.dir/C_/Users/gjmontagner/.pico-sdk/sdk/1.5.1/src/rp2_common/pico_malloc/pico_malloc.c.obj (malloc)
C:/Users/gjmontagner/.pico-sdk/toolchain/13_3_Rel1/bin/../lib/gcc/arm-none-eabi/13.3.1/thumb/v6-m/nofp\libg.a(libc_a-mallocr.o)
                              C:/Users/gjmontagner/.pico-sdk/toolchain/13_3_Rel1/bin/../lib/gcc/arm-none-eabi/13.3.1/thumb/v6-m/nofp\libg.a(libc_a-callocr.o) (_malloc_r)
C:/Users/gjmontagner/.pico-sdk/toolchain/13_3_Rel1/bin/../lib/gcc/arm-none-eabi/13.3.1/thumb/v6-m/nofp\libg.a(libc_a-mlock.o)
                              C:/Users/gjmontagner/.pico-sdk/toolchain/13_3_Rel1/bin/../lib/gcc/arm-none-eabi/13.3.1/thumb/v6-m/nofp\libg.a(libc_a-mallocr.o) (__malloc_lock)
C:/Users/gjmontagner/.pico-sdk/toolchain/13_3_Rel1/bin/../lib/gcc/arm-none-eabi/13.3.1/thumb/v6-m/nofp\libg.a(libc_a-realloc.o)
                              CMakeFiles/Cyclometer.dir/C_/Users/gjmontagner/.pico-sdk/sdk/1.5.1/src/rp2_common/pico_malloc/pico_malloc.c.obj (realloc)
C:/Users/gjmontagner/.pico-sdk/toolchain/13_3_Rel1/bin/../lib/gcc/arm-none-eabi/13.3.1/thumb/v6-m/nofp\libg.a(libc_a-reallocr.o)
                              C:/Users/gjmontagner/.pico-sdk/toolchain/13_3_Rel1/bin/../lib/gcc/arm-none-eabi/13.3.1/thumb/v6-m/nofp\libg.a(libc_a-realloc.o) (_realloc_r)
C:/Users/gjmontagner/.pico-sdk/toolchain/13_3_Rel1/bin/../lib/gcc/arm-none-eabi/13.3.1/thumb/v6-m/nofp\libg.a(libc_a-memcmp.o)
                              CMakeFiles/Cyclometer.dir/C_/Users/gjmontagner/.pico-sdk/sdk/1.5.1/lib/cyw43-driver/src/cyw43_ll.c.obj (memcmp)
C:/Users/gjmontagner/.pico-sdk/toolchain/13_3_Rel1/bin/../lib/gcc/arm-none-eabi/13.3.1/thumb/v6-m/nofp\libg.a(libc_a-memmove.o)
                              CMakeFiles/Cyclometer.dir/C_/Users/gjmontagner/.pico-sdk/sdk/1.5.1/lib/cyw43-driver/src/cyw43_ll.c.obj (memmove)
C:/Users/gjmontagner/.pico-sdk/toolchain/13_3_Rel1/bin/../lib/gcc/arm-none-eabi/13.3.1/thumb/v6-m/nofp\libg.a(libc_a-strncmp.o)
                              CMakeFiles/Cyclometer.dir/C_/Users/gjmontagner/.pico-sdk/sdk/1.5.1/lib/cyw43-driver/src/cyw43_ll.c.obj (strncmp)
C:/Users/gjmontagner/.pico-sdk/toolchain/13_3_Rel1/bin/../lib/gcc/arm-none-eabi/13.3.1/thumb/v6-m/nofp\libg.a(libc_a-impure.o)
                              C:/Users/gjmontagner/.pico-sdk/toolchain/13_3_Rel1/bin/../lib/gcc/arm-none-eabi/13.3.1/thumb/v6-m/nofp\libg.a(libc_a-calloc.o) (_impure_ptr)
C:/Users/gjmontagner/.pico-sdk/toolchain/13_3_Rel1/bin/../lib/gcc/arm-none-eabi/13.3.1/thumb/v6-m/nofp\libg.a(libc_a-sbrkr.o)
                              C:/Users/gjmontagner/.pico-sdk/toolchain/13_3_Rel1/bin/../lib/gcc/arm-none-eabi/13.3.1/thumb/v6-m/nofp\libg.a(libc_a-mallocr.o) (_sbrk_r)
C:/Users/gjmontagner/.pico-sdk/toolchain/13_3_Rel1/bin/../lib/gcc/arm-none-eabi/13.3.1/thumb/v6-m/nofp\libg.a(libc_a-errno.o)
                              C:/Users/gjmontagner/.pico-sdk/toolchain/13_3_Rel1/bin/../lib/gcc/arm-none-eabi/13.3.1/thumb/v6-m/nofp\libg.a(libc_a-callocr.o) (__errno)
C:/Users/gjmontagner/.pico-sdk/toolchain/13_3_Rel1/bin/../lib/gcc/arm-none-eabi/13.3.1/thumb/v6-m/nofp\libg.a(libc_a-init.o)
                              C:/Users/gjmontagner/.pico-sdk/toolchain/13_3_Rel1/bin/../lib/gcc/arm-none-eabi/13.3.1/thumb/v6-m/nofp/crt0.o (__libc_init_array)
C:/Users/gjmontagner/.pico-sdk/toolchain/13_3_Rel1/bin/../lib/gcc/arm-none-eabi/13.3.1/thumb/v6-m/nofp\libg.a(libc_a-lock.o)
                              C:/Users/gjmontagner/.pico-sdk/toolchain/13_3_Rel1/bin/../lib/gcc/arm-none-eabi/13.3.1/thumb/v6-m/nofp\libg.a(libc_a-mlock.o) (__retarget_lock_acquire_recursive)
C:/Users/gjmontagner/.pico-sdk/toolchain/13_3_Rel1/bin/../lib/gcc/arm-none-eabi/13.3.1/thumb/v6-m/nofp\libg.a(libc_a-sysconf.o)
                              C:/Users/gjmontagner/.pico-sdk/toolchain/13_3_Rel1/bin/../lib/gcc/arm-none-eabi/13.3.1/thumb/v6-m/nofp\libg.a(libc_a-mallocr.o) (sysconf)
[...]
Memory Configuration

Name             Origin             Length             Attributes
FLASH            0x10000000         0x00200000         xr
RAM              0x20000000         0x00040000         xrw
SCRATCH_X        0x20040000         0x00001000         xrw
SCRATCH_Y        0x20041000         0x00001000         xrw
*default*        0x00000000         0xffffffff

Linker script and memory map

LOAD C:/Users/gjmontagner/.pico-sdk/toolchain/13_3_Rel1/bin/../lib/gcc/arm-none-eabi/13.3.1/thumb/v6-m/nofp/crti.o
LOAD C:/Users/gjmontagner/.pico-sdk/toolchain/13_3_Rel1/bin/../lib/gcc/arm-none-eabi/13.3.1/thumb/v6-m/nofp/crtbegin.o
LOAD C:/Users/gjmontagner/.pico-sdk/toolchain/13_3_Rel1/bin/../lib/gcc/arm-none-eabi/13.3.1/thumb/v6-m/nofp/crt0.o

.flash_begin    0x10000000        0x0
                0x10000000                        __flash_binary_start = .

.boot2          0x10000000      0x100
                0x10000000                        __boot2_start__ = .
 *(.boot2)
 .boot2         0x10000000      0x100 C:\Users\GJMONT~1\AppData\Local\Temp\ccAIvK5f.o
                0x10000100                        __boot2_end__ = .
                0x00000001                        ASSERT (((__boot2_end__ - __boot2_start__) == 0x100), ERROR: Pico second stage bootloader must be 256 bytes in size)

.text           0x10000100     0xaef8
                0x10000100                        __logical_binary_start = .
 *(.vectors)
 .vectors       0x10000100       0xd4 CMakeFiles/Cyclometer.dir/C_/Users/gjmontagner/.pico-sdk/sdk/1.5.1/src/rp2_common/pico_standard_link/crt0.S.obj
                0x10000100                __VECTOR_TABLE
                0x10000100                __vectors
                0x100001c0                isr_invalid
                0x100001c0                __default_isrs_start
                0x100001c2                isr_nmi
                0x100001c4                isr_hardfault
                0x100001c6                isr_svcall
                0x100001c8                isr_pendsv
                0x100001ca                isr_systick
                0x100001cc                isr_irq23
                0x100001cc                isr_irq18
                0x100001cc                isr_irq11
                0x100001cc                isr_irq28
                0x100001cc                isr_irq19
                0x100001cc                isr_irq0
                0x100001cc                isr_irq6
                0x100001cc                isr_irq5
                0x100001cc                isr_irq12
                0x100001cc                isr_irq22
                0x100001cc                isr_irq31
                0x100001cc                isr_irq17
                0x100001cc                isr_irq27
                0x100001cc                isr_irq30
                0x100001cc                isr_irq2
                0x100001cc                isr_irq10
                0x100001cc                isr_irq8
                0x100001cc                isr_irq24
                0x100001cc                isr_irq1
                0x100001cc                isr_irq7
                0x100001cc                isr_irq21
                0x100001cc                isr_irq20
                0x100001cc                isr_irq15
                0x100001cc                isr_irq25
                0x100001cc                isr_irq13
                0x100001cc                __unhandled_user_irq
                0x100001cc                isr_irq4
                0x100001cc                isr_irq16
                0x100001cc                isr_irq29
                0x100001cc                isr_irq26
                0x100001cc                __default_isrs_end
                0x100001cc                isr_irq3
                0x100001cc                isr_irq14
                0x100001cc                isr_irq9
                0x100001d2                unhandled_user_irq_num_in_r0
 *(.binary_info_header)
 .binary_info_header
                0x100001d4       0x14 CMakeFiles/Cyclometer.dir/C_/Users/gjmontagner/.pico-sdk/sdk/1.5.1/src/rp2_common/pico_standard_link/crt0.S.obj
                0x100001e8                        __binary_info_header_end = .
 *(.reset)
 .reset         0x100001e8       0xa0 CMakeFiles/Cyclometer.dir/C_/Users/gjmontagner/.pico-sdk/sdk/1.5.1/src/rp2_common/pico_standard_link/crt0.S.obj
                0x100001e8                _entry_point
 .reset         0x10000288       0x30 CMakeFiles/Cyclometer.dir/C_/Users/gjmontagner/.pico-sdk/sdk/1.5.1/src/rp2_common/pico_standard_link/binary_info.c.obj
 *(.init)
 .init          0x100002b8        0x4 C:/Users/gjmontagner/.pico-sdk/toolchain/13_3_Rel1/bin/../lib/gcc/arm-none-eabi/13.3.1/thumb/v6-m/nofp/crti.o
                0x100002b8                _init
 *(EXCLUDE_FILE(*libm.a: *libc.a:*lib_a-mem*.o *libgcc.a:) .text*)
 .text.register_tm_clones
                0x100002bc       0x28 C:/Users/gjmontagner/.pico-sdk/toolchain/13_3_Rel1/bin/../lib/gcc/arm-none-eabi/13.3.1/thumb/v6-m/nofp/crtbegin.o
 .text.frame_dummy
                0x100002e4       0x24 C:/Users/gjmontagner/.pico-sdk/toolchain/13_3_Rel1/bin/../lib/gcc/arm-none-eabi/13.3.1/thumb/v6-m/nofp/crtbegin.o
 .text.pwm_set_chan_level
                0x10000308       0x40 CMakeFiles/Cyclometer.dir/main_cyclometer.c.obj
 .text.sm_config_set_clkdiv
                0x10000348       0x3c CMakeFiles/Cyclometer.dir/main_cyclometer.c.obj
 .text.pio_get_default_sm_config
                0x10000384       0x28 CMakeFiles/Cyclometer.dir/main_cyclometer.c.obj
 .text.quadrature_encoder_program_get_default_config
                0x100003ac       0x28 CMakeFiles/Cyclometer.dir/main_cyclometer.c.obj
 .text.quadrature_encoder_get_count
                0x100003d4       0x30 CMakeFiles/Cyclometer.dir/main_cyclometer.c.obj
 .text.pwm_irq_handler
                0x10000404       0x98 CMakeFiles/Cyclometer.dir/main_cyclometer.c.obj
                0x10000404                pwm_irq_handler
 .text.update_us_since_boot
                0x1000049c       0x24 CMakeFiles/Cyclometer.dir/main_cyclometer.c.obj
 .text.delayed_by_ms
                0x100004c0       0x44 CMakeFiles/Cyclometer.dir/main_cyclometer.c.obj
 .text.add_repeating_timer_ms
                0x10000504       0x3c CMakeFiles/Cyclometer.dir/main_cyclometer.c.obj
 .text.quadrature_encoder_program_init
                0x10000540       0xe8 CMakeFiles/Cyclometer.dir/main_cyclometer.c.obj
 .text.get_absolute_time
                0x10000628       0x22 CMakeFiles/Cyclometer.dir/main_cyclometer.c.obj
 .text.alarm_pool_add_alarm_in_ms
                0x1000064a       0x3e CMakeFiles/Cyclometer.dir/main_cyclometer.c.obj
 .text.add_alarm_in_ms
                0x10000688       0x20 CMakeFiles/Cyclometer.dir/main_cyclometer.c.obj
 .text.execute_tacho_read
                0x100006a8       0x50 CMakeFiles/Cyclometer.dir/main_cyclometer.c.obj
                0x100006a8                execute_tacho_read
 .text.set_RGB_leds
                0x100006f8       0xcc CMakeFiles/Cyclometer.dir/main_cyclometer.c.obj
                0x100006f8                set_RGB_leds
 .text.setup_pwm_r
                0x100007c4       0x74 CMakeFiles/Cyclometer.dir/main_cyclometer.c.obj
                0x100007c4                setup_pwm_r
 .text.setup_pwm_g
                0x10000838       0x60 CMakeFiles/Cyclometer.dir/main_cyclometer.c.obj
                0x10000838                setup_pwm_g
 .text.mpu9250_write_byte
                0x10000898       0x24 CMakeFiles/Cyclometer.dir/main_cyclometer.c.obj
                0x10000898                mpu9250_write_byte
 .text.mpu9250_read_bytes
                0x100008bc       0x34 CMakeFiles/Cyclometer.dir/main_cyclometer.c.obj
                0x100008bc                mpu9250_read_bytes
 .text.mpu9250_init
                0x100008f0       0x1c CMakeFiles/Cyclometer.dir/main_cyclometer.c.obj
                0x100008f0                mpu9250_init
 .text.read_accel_gyro
                0x1000090c       0x40 CMakeFiles/Cyclometer.dir/main_cyclometer.c.obj
                0x1000090c                read_accel_gyro
 .text.read_magnetometer
                0x1000094c       0x4c CMakeFiles/Cyclometer.dir/main_cyclometer.c.obj
                0x1000094c                read_magnetometer
 .text.repeating_timer_callback
                0x10000998       0x50 CMakeFiles/Cyclometer.dir/main_cyclometer.c.obj
                0x10000998                repeating_timer_callback
 .text.pico_led_init
                0x100009e8        0x8 CMakeFiles/Cyclometer.dir/main_cyclometer.c.obj
                0x100009e8                pico_led_init
 .text.pico_set_led
                0x100009f0        0xc CMakeFiles/Cyclometer.dir/main_cyclometer.c.obj
                0x100009f0                pico_set_led
 .text.acquisition_finalized_callback
                0x100009fc       0x24 CMakeFiles/Cyclometer.dir/main_cyclometer.c.obj
                0x100009fc                acquisition_finalized_callback
 .text.main     0x10000a20      0x1ec CMakeFiles/Cyclometer.dir/main_cyclometer.c.obj
                0x10000a20                main
 .text.gpio_set_function
                0x10000c0c       0x30 CMakeFiles/Cyclometer.dir/C_/Users/gjmontagner/.pico-sdk/sdk/1.5.1/src/rp2_common/hardware_gpio/gpio.c.obj
                0x10000c0c                gpio_set_function
 .text.gpio_set_pulls
                0x10000c3c       0x34 CMakeFiles/Cyclometer.dir/C_/Users/gjmontagner/.pico-sdk/sdk/1.5.1/src/rp2_common/hardware_gpio/gpio.c.obj
                0x10000c3c                gpio_set_pulls
 .text.gpio_set_input_hysteresis_enabled
                0x10000c70       0x30 CMakeFiles/Cyclometer.dir/C_/Users/gjmontagner/.pico-sdk/sdk/1.5.1/src/rp2_common/hardware_gpio/gpio.c.obj
                0x10000c70                gpio_set_input_hysteresis_enabled
 .text.gpio_add_raw_irq_handler_with_order_priority_masked
                0x10000ca0       0x40 CMakeFiles/Cyclometer.dir/C_/Users/gjmontagner/.pico-sdk/sdk/1.5.1/src/rp2_common/hardware_gpio/gpio.c.obj
                0x10000ca0                gpio_add_raw_irq_handler_with_order_priority_masked
 .text.gpio_remove_raw_irq_handler_masked
                0x10000ce0       0x48 CMakeFiles/Cyclometer.dir/C_/Users/gjmontagner/.pico-sdk/sdk/1.5.1/src/rp2_common/hardware_gpio/gpio.c.obj
                0x10000ce0                gpio_remove_raw_irq_handler_masked
 .text.gpio_acknowledge_irq
                0x10000d28       0x18 CMakeFiles/Cyclometer.dir/C_/Users/gjmontagner/.pico-sdk/sdk/1.5.1/src/rp2_common/hardware_gpio/gpio.c.obj
                0x10000d28                gpio_acknowledge_irq
 .text._gpio_set_irq_enabled
                0x10000d40       0x34 CMakeFiles/Cyclometer.dir/C_/Users/gjmontagner/.pico-sdk/sdk/1.5.1/src/rp2_common/hardware_gpio/gpio.c.obj
 .text.gpio_set_irq_enabled
                0x10000d74       0x20 CMakeFiles/Cyclometer.dir/C_/Users/gjmontagner/.pico-sdk/sdk/1.5.1/src/rp2_common/hardware_gpio/gpio.c.obj
                0x10000d74                gpio_set_irq_enabled
 .text.gpio_init
                0x10000d94       0x16 CMakeFiles/Cyclometer.dir/C_/Users/gjmontagner/.pico-sdk/sdk/1.5.1/src/rp2_common/hardware_gpio/gpio.c.obj
                0x10000d94                gpio_init
 *fill*         0x10000daa        0x2 
 .text.running_on_fpga
                0x10000dac       0x14 CMakeFiles/Cyclometer.dir/C_/Users/gjmontagner/.pico-sdk/sdk/1.5.1/src/rp2_common/pico_platform/platform.c.obj
                0x10000dac                running_on_fpga
 .text.hw_claim_lock
                0x10000dc0       0x18 CMakeFiles/Cyclometer.dir/C_/Users/gjmontagner/.pico-sdk/sdk/1.5.1/src/rp2_common/hardware_claim/claim.c.obj
                0x10000dc0                hw_claim_lock
 .text.hw_claim_unlock
                0x10000dd8       0x14 CMakeFiles/Cyclometer.dir/C_/Users/gjmontagner/.pico-sdk/sdk/1.5.1/src/rp2_common/hardware_claim/claim.c.obj
                0x10000dd8                hw_claim_unlock
 .text.hw_claim_or_assert
                0x10000dec       0x32 CMakeFiles/Cyclometer.dir/C_/Users/gjmontagner/.pico-sdk/sdk/1.5.1/src/rp2_common/hardware_claim/claim.c.obj
                0x10000dec                hw_claim_or_assert
 .text.hw_claim_unused_from_range
                0x10000e1e       0x50 CMakeFiles/Cyclometer.dir/C_/Users/gjmontagner/.pico-sdk/sdk/1.5.1/src/rp2_common/hardware_claim/claim.c.obj
                0x10000e1e                hw_claim_unused_from_range
 *fill*         0x10000e6e        0x2 
 .text.hw_claim_clear
                0x10000e70       0x40 CMakeFiles/Cyclometer.dir/C_/Users/gjmontagner/.pico-sdk/sdk/1.5.1/src/rp2_common/hardware_claim/claim.c.obj
                0x10000e70                hw_claim_clear
 .text.spin_locks_reset
                0x10000eb0       0x20 CMakeFiles/Cyclometer.dir/C_/Users/gjmontagner/.pico-sdk/sdk/1.5.1/src/rp2_common/hardware_sync/sync.c.obj
                0x10000eb0                spin_locks_reset
 .text.next_striped_spin_lock_num
                0x10000ed0       0x1c CMakeFiles/Cyclometer.dir/C_/Users/gjmontagner/.pico-sdk/sdk/1.5.1/src/rp2_common/hardware_sync/sync.c.obj
                0x10000ed0                next_striped_spin_lock_num
 .text.spin_lock_claim_unused
                0x10000eec       0x24 CMakeFiles/Cyclometer.dir/C_/Users/gjmontagner/.pico-sdk/sdk/1.5.1/src/rp2_common/hardware_sync/sync.c.obj
                0x10000eec                spin_lock_claim_unused
 .text.set_raw_irq_handler_and_unlock
                0x10000f10       0x28 CMakeFiles/Cyclometer.dir/C_/Users/gjmontagner/.pico-sdk/sdk/1.5.1/src/rp2_common/hardware_irq/irq.c.obj
 .text.get_user_irq_claim_index
                0x10000f38        0x6 CMakeFiles/Cyclometer.dir/C_/Users/gjmontagner/.pico-sdk/sdk/1.5.1/src/rp2_common/hardware_irq/irq.c.obj
 *fill*         0x10000f3e        0x2 
 .text.resolve_branch
                0x10000f40       0x30 CMakeFiles/Cyclometer.dir/C_/Users/gjmontagner/.pico-sdk/sdk/1.5.1/src/rp2_common/hardware_irq/irq.c.obj
 .text.make_branch
                0x10000f70       0x48 CMakeFiles/Cyclometer.dir/C_/Users/gjmontagner/.pico-sdk/sdk/1.5.1/src/rp2_common/hardware_irq/irq.c.obj
 .text.insert_branch_and_link
                0x10000fb8       0x40 CMakeFiles/Cyclometer.dir/C_/Users/gjmontagner/.pico-sdk/sdk/1.5.1/src/rp2_common/hardware_irq/irq.c.obj
 .text.irq_is_enabled
                0x10000ff8       0x18 CMakeFiles/Cyclometer.dir/C_/Users/gjmontagner/.pico-sdk/sdk/1.5.1/src/rp2_common/hardware_irq/irq.c.obj
                0x10000ff8                irq_is_enabled
 .text.irq_set_mask_enabled
                0x10001010       0x20 CMakeFiles/Cyclometer.dir/C_/Users/gjmontagner/.pico-sdk/sdk/1.5.1/src/rp2_common/hardware_irq/irq.c.obj
                0x10001010                irq_set_mask_enabled
 .text.irq_set_enabled
                0x10001030        0xe CMakeFiles/Cyclometer.dir/C_/Users/gjmontagner/.pico-sdk/sdk/1.5.1/src/rp2_common/hardware_irq/irq.c.obj
                0x10001030                irq_set_enabled
 *fill*         0x1000103e        0x2 
 .text.irq_set_pending
                0x10001040       0x10 CMakeFiles/Cyclometer.dir/C_/Users/gjmontagner/.pico-sdk/sdk/1.5.1/src/rp2_common/hardware_irq/irq.c.obj
                0x10001040                irq_set_pending
 .text.irq_get_vtable_handler
                0x10001050       0x10 CMakeFiles/Cyclometer.dir/C_/Users/gjmontagner/.pico-sdk/sdk/1.5.1/src/rp2_common/hardware_irq/irq.c.obj
                0x10001050                irq_get_vtable_handler
 .text.irq_has_shared_handler
                0x10001060       0x24 CMakeFiles/Cyclometer.dir/C_/Users/gjmontagner/.pico-sdk/sdk/1.5.1/src/rp2_common/hardware_irq/irq.c.obj
                0x10001060                irq_has_shared_handler
 .text.irq_set_exclusive_handler
                0x10001084       0x54 CMakeFiles/Cyclometer.dir/C_/Users/gjmontagner/.pico-sdk/sdk/1.5.1/src/rp2_common/hardware_irq/irq.c.obj
                0x10001084                irq_set_exclusive_handler
 .text.irq_add_shared_handler
                0x100010d8      0x210 CMakeFiles/Cyclometer.dir/C_/Users/gjmontagner/.pico-sdk/sdk/1.5.1/src/rp2_common/hardware_irq/irq.c.obj
                0x100010d8                irq_add_shared_handler
 .text.irq_remove_handler
                0x100012e8      0x188 CMakeFiles/Cyclometer.dir/C_/Users/gjmontagner/.pico-sdk/sdk/1.5.1/src/rp2_common/hardware_irq/irq.c.obj
                0x100012e8                irq_remove_handler
 .text.irq_set_priority
                0x10001470       0x28 CMakeFiles/Cyclometer.dir/C_/Users/gjmontagner/.pico-sdk/sdk/1.5.1/src/rp2_common/hardware_irq/irq.c.obj
                0x10001470                irq_set_priority
 .text.irq_add_tail_to_free_list
                0x10001498       0xf0 CMakeFiles/Cyclometer.dir/C_/Users/gjmontagner/.pico-sdk/sdk/1.5.1/src/rp2_common/hardware_irq/irq.c.obj
                0x10001498                irq_add_tail_to_free_list
 .text.irq_init_priorities
                0x10001588       0x1c CMakeFiles/Cyclometer.dir/C_/Users/gjmontagner/.pico-sdk/sdk/1.5.1/src/rp2_common/hardware_irq/irq.c.obj
                0x10001588                irq_init_priorities
 .text.user_irq_unclaim
                0x100015a4       0x18 CMakeFiles/Cyclometer.dir/C_/Users/gjmontagner/.pico-sdk/sdk/1.5.1/src/rp2_common/hardware_irq/irq.c.obj
                0x100015a4                user_irq_unclaim
 .text.user_irq_claim_unused
                0x100015bc       0x2c CMakeFiles/Cyclometer.dir/C_/Users/gjmontagner/.pico-sdk/sdk/1.5.1/src/rp2_common/hardware_irq/irq.c.obj
                0x100015bc                user_irq_claim_unused
 .text.sem_init
                0x100015e8       0x1e CMakeFiles/Cyclometer.dir/C_/Users/gjmontagner/.pico-sdk/sdk/1.5.1/src/common/pico_sync/sem.c.obj
                0x100015e8                sem_init
 *fill*         0x10001606        0x2 
 .text.lock_init
                0x10001608       0x10 CMakeFiles/Cyclometer.dir/C_/Users/gjmontagner/.pico-sdk/sdk/1.5.1/src/common/pico_sync/lock_core.c.obj
                0x10001608                lock_init
 .text.update_us_since_boot
                0x10001618       0x24 CMakeFiles/Cyclometer.dir/C_/Users/gjmontagner/.pico-sdk/sdk/1.5.1/src/common/pico_sync/mutex.c.obj
 .text.delayed_by_ms
                0x1000163c       0x44 CMakeFiles/Cyclometer.dir/C_/Users/gjmontagner/.pico-sdk/sdk/1.5.1/src/common/pico_sync/mutex.c.obj
 .text.get_absolute_time
                0x10001680       0x22 CMakeFiles/Cyclometer.dir/C_/Users/gjmontagner/.pico-sdk/sdk/1.5.1/src/common/pico_sync/mutex.c.obj
 .text.make_timeout_time_ms
                0x100016a2       0x20 CMakeFiles/Cyclometer.dir/C_/Users/gjmontagner/.pico-sdk/sdk/1.5.1/src/common/pico_sync/mutex.c.obj
 .text.mutex_init
                0x100016c2       0x1a CMakeFiles/Cyclometer.dir/C_/Users/gjmontagner/.pico-sdk/sdk/1.5.1/src/common/pico_sync/mutex.c.obj
                0x100016c2                mutex_init
 .text.recursive_mutex_init
                0x100016dc       0x1e CMakeFiles/Cyclometer.dir/C_/Users/gjmontagner/.pico-sdk/sdk/1.5.1/src/common/pico_sync/mutex.c.obj
                0x100016dc                recursive_mutex_init
 *fill*         0x100016fa        0x2 
 .text.critical_section_init_with_lock_num
                0x100016fc       0x14 CMakeFiles/Cyclometer.dir/C_/Users/gjmontagner/.pico-sdk/sdk/1.5.1/src/common/pico_sync/critical_section.c.obj
                0x100016fc                critical_section_init_with_lock_num
 .text.critical_section_init
                0x10001710       0x14 CMakeFiles/Cyclometer.dir/C_/Users/gjmontagner/.pico-sdk/sdk/1.5.1/src/common/pico_sync/critical_section.c.obj
                0x10001710                critical_section_init
 .text.time_reached
                0x10001724       0x28 CMakeFiles/Cyclometer.dir/C_/Users/gjmontagner/.pico-sdk/sdk/1.5.1/src/common/pico_time/time.c.obj
 .text.get_entry
                0x1000174c       0x38 CMakeFiles/Cyclometer.dir/C_/Users/gjmontagner/.pico-sdk/sdk/1.5.1/src/common/pico_time/time.c.obj
 .text.timer_pool_entry_comparator
                0x10001784       0x2e CMakeFiles/Cyclometer.dir/C_/Users/gjmontagner/.pico-sdk/sdk/1.5.1/src/common/pico_time/time.c.obj
                0x10001784                timer_pool_entry_comparator
 *fill*         0x100017b2        0x2 
 .text.update_us_since_boot
                0x100017b4       0x24 CMakeFiles/Cyclometer.dir/C_/Users/gjmontagner/.pico-sdk/sdk/1.5.1/src/common/pico_time/time.c.obj
 .text.delayed_by_us
                0x100017d8       0x34 CMakeFiles/Cyclometer.dir/C_/Users/gjmontagner/.pico-sdk/sdk/1.5.1/src/common/pico_time/time.c.obj
 .text.ph_get_node
                0x1000180c       0x30 CMakeFiles/Cyclometer.dir/C_/Users/gjmontagner/.pico-sdk/sdk/1.5.1/src/common/pico_time/time.c.obj
 .text.ph_contains_node
                0x1000183c       0x1e CMakeFiles/Cyclometer.dir/C_/Users/gjmontagner/.pico-sdk/sdk/1.5.1/src/common/pico_time/time.c.obj
 .text.ph_new_node
                0x1000185a       0x28 CMakeFiles/Cyclometer.dir/C_/Users/gjmontagner/.pico-sdk/sdk/1.5.1/src/common/pico_time/time.c.obj
 *fill*         0x10001882        0x2 
 .text.ph_add_child_node
                0x10001884       0x6c CMakeFiles/Cyclometer.dir/C_/Users/gjmontagner/.pico-sdk/sdk/1.5.1/src/common/pico_time/time.c.obj
 .text.ph_merge_nodes
                0x100018f0       0x3e CMakeFiles/Cyclometer.dir/C_/Users/gjmontagner/.pico-sdk/sdk/1.5.1/src/common/pico_time/time.c.obj
 *fill*         0x1000192e        0x2 
 .text.ph_insert_node
                0x10001930       0x3c CMakeFiles/Cyclometer.dir/C_/Users/gjmontagner/.pico-sdk/sdk/1.5.1/src/common/pico_time/time.c.obj
 .text.ph_free_node
                0x1000196c       0x5c CMakeFiles/Cyclometer.dir/C_/Users/gjmontagner/.pico-sdk/sdk/1.5.1/src/common/pico_time/time.c.obj
 .text.get_entry_id_high
                0x100019c8       0x30 CMakeFiles/Cyclometer.dir/C_/Users/gjmontagner/.pico-sdk/sdk/1.5.1/src/common/pico_time/time.c.obj
 .text.repeating_timer_callback
                0x100019f8       0x40 CMakeFiles/Cyclometer.dir/C_/Users/gjmontagner/.pico-sdk/sdk/1.5.1/src/common/pico_time/time.c.obj
 .text.alarm_pool_post_alloc_init
                0x10001a38       0x40 CMakeFiles/Cyclometer.dir/C_/Users/gjmontagner/.pico-sdk/sdk/1.5.1/src/common/pico_time/time.c.obj
 .text.sleep_until_callback
                0x10001a78       0x30 CMakeFiles/Cyclometer.dir/C_/Users/gjmontagner/.pico-sdk/sdk/1.5.1/src/common/pico_time/time.c.obj
 .text.get_absolute_time
                0x10001aa8       0x22 CMakeFiles/Cyclometer.dir/C_/Users/gjmontagner/.pico-sdk/sdk/1.5.1/src/common/pico_time/time.c.obj
 .text.make_timeout_time_us
                0x10001aca       0x24 CMakeFiles/Cyclometer.dir/C_/Users/gjmontagner/.pico-sdk/sdk/1.5.1/src/common/pico_time/time.c.obj
 *fill*         0x10001aee        0x2 
 .text.add_alarm_under_lock
                0x10001af0       0x94 CMakeFiles/Cyclometer.dir/C_/Users/gjmontagner/.pico-sdk/sdk/1.5.1/src/common/pico_time/time.c.obj
 .text.alarm_pool_alarm_callback
                0x10001b84      0x210 CMakeFiles/Cyclometer.dir/C_/Users/gjmontagner/.pico-sdk/sdk/1.5.1/src/common/pico_time/time.c.obj
 .text.alarm_pool_init_default
                0x10001d94       0x40 CMakeFiles/Cyclometer.dir/C_/Users/gjmontagner/.pico-sdk/sdk/1.5.1/src/common/pico_time/time.c.obj
                0x10001d94                alarm_pool_init_default
 .text.alarm_pool_get_default
                0x10001dd4       0x2c CMakeFiles/Cyclometer.dir/C_/Users/gjmontagner/.pico-sdk/sdk/1.5.1/src/common/pico_time/time.c.obj
                0x10001dd4                alarm_pool_get_default
 .text.alarm_pool_add_alarm_at
                0x10001e00      0x10e CMakeFiles/Cyclometer.dir/C_/Users/gjmontagner/.pico-sdk/sdk/1.5.1/src/common/pico_time/time.c.obj
                0x10001e00                alarm_pool_add_alarm_at
 .text.add_alarm_at
                0x10001f0e       0x2e CMakeFiles/Cyclometer.dir/C_/Users/gjmontagner/.pico-sdk/sdk/1.5.1/src/common/pico_time/time.c.obj
 .text.alarm_pool_cancel_alarm
                0x10001f3c       0xa8 CMakeFiles/Cyclometer.dir/C_/Users/gjmontagner/.pico-sdk/sdk/1.5.1/src/common/pico_time/time.c.obj
                0x10001f3c                alarm_pool_cancel_alarm
 .text.cancel_alarm
                0x10001fe4       0x10 CMakeFiles/Cyclometer.dir/C_/Users/gjmontagner/.pico-sdk/sdk/1.5.1/src/common/pico_time/time.c.obj
 .text.alarm_pool_core_num
                0x10001ff4        0x4 CMakeFiles/Cyclometer.dir/C_/Users/gjmontagner/.pico-sdk/sdk/1.5.1/src/common/pico_time/time.c.obj
                0x10001ff4                alarm_pool_core_num
 .text.alarm_pool_add_repeating_timer_us
                0x10001ff8       0x5c CMakeFiles/Cyclometer.dir/C_/Users/gjmontagner/.pico-sdk/sdk/1.5.1/src/common/pico_time/time.c.obj
                0x10001ff8                alarm_pool_add_repeating_timer_us
 .text.sleep_until
                0x10002054       0xb0 CMakeFiles/Cyclometer.dir/C_/Users/gjmontagner/.pico-sdk/sdk/1.5.1/src/common/pico_time/time.c.obj
                0x10002054                sleep_until
 .text.sleep_us
                0x10002104       0x1a CMakeFiles/Cyclometer.dir/C_/Users/gjmontagner/.pico-sdk/sdk/1.5.1/src/common/pico_time/time.c.obj
                0x10002104                sleep_us
 .text.sleep_ms
                0x1000211e       0x14 CMakeFiles/Cyclometer.dir/C_/Users/gjmontagner/.pico-sdk/sdk/1.5.1/src/common/pico_time/time.c.obj
                0x1000211e                sleep_ms
 *fill*         0x10002132        0x2 
 .text.best_effort_wfe_or_timeout
                0x10002134       0x44 CMakeFiles/Cyclometer.dir/C_/Users/gjmontagner/.pico-sdk/sdk/1.5.1/src/common/pico_time/time.c.obj
                0x10002134                best_effort_wfe_or_timeout
 .text.hardware_alarm_irq_handler
                0x10002178       0x8c CMakeFiles/Cyclometer.dir/C_/Users/gjmontagner/.pico-sdk/sdk/1.5.1/src/rp2_common/hardware_timer/timer.c.obj
 .text.hardware_alarm_claim
                0x10002204       0x18 CMakeFiles/Cyclometer.dir/C_/Users/gjmontagner/.pico-sdk/sdk/1.5.1/src/rp2_common/hardware_timer/timer.c.obj
                0x10002204                hardware_alarm_claim
 .text.time_us_64
                0x1000221c       0x18 CMakeFiles/Cyclometer.dir/C_/Users/gjmontagner/.pico-sdk/sdk/1.5.1/src/rp2_common/hardware_timer/timer.c.obj
                0x1000221c                time_us_64
 .text.busy_wait_until
                0x10002234       0x28 CMakeFiles/Cyclometer.dir/C_/Users/gjmontagner/.pico-sdk/sdk/1.5.1/src/rp2_common/hardware_timer/timer.c.obj
                0x10002234                busy_wait_until
 .text.hardware_alarm_set_callback
                0x1000225c       0x90 CMakeFiles/Cyclometer.dir/C_/Users/gjmontagner/.pico-sdk/sdk/1.5.1/src/rp2_common/hardware_timer/timer.c.obj
                0x1000225c                hardware_alarm_set_callback
 .text.hardware_alarm_set_target
                0x100022ec       0xe8 CMakeFiles/Cyclometer.dir/C_/Users/gjmontagner/.pico-sdk/sdk/1.5.1/src/rp2_common/hardware_timer/timer.c.obj
                0x100022ec                hardware_alarm_set_target
 .text.hardware_alarm_cancel
                0x100023d4       0x40 CMakeFiles/Cyclometer.dir/C_/Users/gjmontagner/.pico-sdk/sdk/1.5.1/src/rp2_common/hardware_timer/timer.c.obj
                0x100023d4                hardware_alarm_cancel
 .text.datetime_to_str
                0x10002414       0x68 CMakeFiles/Cyclometer.dir/C_/Users/gjmontagner/.pico-sdk/sdk/1.5.1/src/common/pico_util/datetime.c.obj
                0x10002414                datetime_to_str
 .text.ph_get_node
                0x1000247c       0x30 CMakeFiles/Cyclometer.dir/C_/Users/gjmontagner/.pico-sdk/sdk/1.5.1/src/common/pico_util/pheap.c.obj
 .text.ph_add_child_node
                0x100024ac       0x6c CMakeFiles/Cyclometer.dir/C_/Users/gjmontagner/.pico-sdk/sdk/1.5.1/src/common/pico_util/pheap.c.obj
 .text.ph_merge_nodes
                0x10002518       0x3e CMakeFiles/Cyclometer.dir/C_/Users/gjmontagner/.pico-sdk/sdk/1.5.1/src/common/pico_util/pheap.c.obj
 .text.ph_clear
                0x10002556       0x34 CMakeFiles/Cyclometer.dir/C_/Users/gjmontagner/.pico-sdk/sdk/1.5.1/src/common/pico_util/pheap.c.obj
                0x10002556                ph_clear
 .text.ph_post_alloc_init
                0x1000258a        0xe CMakeFiles/Cyclometer.dir/C_/Users/gjmontagner/.pico-sdk/sdk/1.5.1/src/common/pico_util/pheap.c.obj
                0x1000258a                ph_post_alloc_init
 .text.ph_merge_two_pass
                0x10002598       0x5c CMakeFiles/Cyclometer.dir/C_/Users/gjmontagner/.pico-sdk/sdk/1.5.1/src/common/pico_util/pheap.c.obj
                0x10002598                ph_merge_two_pass
 .text.ph_remove_any_head
                0x100025f4       0xc0 CMakeFiles/Cyclometer.dir/C_/Users/gjmontagner/.pico-sdk/sdk/1.5.1/src/common/pico_util/pheap.c.obj
 .text.ph_remove_head
                0x100026b4       0x14 CMakeFiles/Cyclometer.dir/C_/Users/gjmontagner/.pico-sdk/sdk/1.5.1/src/common/pico_util/pheap.c.obj
                0x100026b4                ph_remove_head
 .text.ph_remove_and_free_node
                0x100026c8       0xa0 CMakeFiles/Cyclometer.dir/C_/Users/gjmontagner/.pico-sdk/sdk/1.5.1/src/common/pico_util/pheap.c.obj
                0x100026c8                ph_remove_and_free_node
 .text.clock_configure
                0x10002768      0x108 CMakeFiles/Cyclometer.dir/C_/Users/gjmontagner/.pico-sdk/sdk/1.5.1/src/rp2_common/hardware_clocks/clocks.c.obj
                0x10002768                clock_configure
 .text.clocks_init
                0x10002870      0x100 CMakeFiles/Cyclometer.dir/C_/Users/gjmontagner/.pico-sdk/sdk/1.5.1/src/rp2_common/hardware_clocks/clocks.c.obj
                0x10002870                clocks_init
 .text.clock_get_hz
                0x10002970        0xc CMakeFiles/Cyclometer.dir/C_/Users/gjmontagner/.pico-sdk/sdk/1.5.1/src/rp2_common/hardware_clocks/clocks.c.obj
                0x10002970                clock_get_hz
 .text.pll_init
                0x1000297c      0x120 CMakeFiles/Cyclometer.dir/C_/Users/gjmontagner/.pico-sdk/sdk/1.5.1/src/rp2_common/hardware_pll/pll.c.obj
                0x1000297c                pll_init
 .text.watchdog_start_tick
                0x10002a9c       0x10 CMakeFiles/Cyclometer.dir/C_/Users/gjmontagner/.pico-sdk/sdk/1.5.1/src/rp2_common/hardware_watchdog/watchdog.c.obj
                0x10002a9c                watchdog_start_tick
 .text.watchdog_update
                0x10002aac       0x14 CMakeFiles/Cyclometer.dir/C_/Users/gjmontagner/.pico-sdk/sdk/1.5.1/src/rp2_common/hardware_watchdog/watchdog.c.obj
                0x10002aac                watchdog_update
 .text._watchdog_enable
                0x10002ac0       0x78 CMakeFiles/Cyclometer.dir/C_/Users/gjmontagner/.pico-sdk/sdk/1.5.1/src/rp2_common/hardware_watchdog/watchdog.c.obj
                0x10002ac0                _watchdog_enable
 .text.watchdog_reboot
                0x10002b38       0x48 CMakeFiles/Cyclometer.dir/C_/Users/gjmontagner/.pico-sdk/sdk/1.5.1/src/rp2_common/hardware_watchdog/watchdog.c.obj
                0x10002b38                watchdog_reboot
 .text.xosc_init
                0x10002b80       0x28 CMakeFiles/Cyclometer.dir/C_/Users/gjmontagner/.pico-sdk/sdk/1.5.1/src/rp2_common/hardware_xosc/xosc.c.obj
                0x10002b80                xosc_init
 .text._exit    0x10002ba8        0x4 CMakeFiles/Cyclometer.dir/C_/Users/gjmontagner/.pico-sdk/sdk/1.5.1/src/rp2_common/pico_runtime/runtime.c.obj
                0x10002ba8                _exit
 .text.exit     0x10002bac        0x6 CMakeFiles/Cyclometer.dir/C_/Users/gjmontagner/.pico-sdk/sdk/1.5.1/src/rp2_common/pico_runtime/runtime.c.obj
                0x10002bac                exit
 *fill*         0x10002bb2        0x2 
 .text.__assert_func
                0x10002bb4       0x38 CMakeFiles/Cyclometer.dir/C_/Users/gjmontagner/.pico-sdk/sdk/1.5.1/src/rp2_common/pico_runtime/runtime.c.obj
                0x10002bb4                __assert_func
 .text.runtime_init
                0x10002bec       0xf8 CMakeFiles/Cyclometer.dir/C_/Users/gjmontagner/.pico-sdk/sdk/1.5.1/src/rp2_common/pico_runtime/runtime.c.obj
                0x10002bec                runtime_init
 .text.panic    0x10002ce4       0x30 CMakeFiles/Cyclometer.dir/C_/Users/gjmontagner/.pico-sdk/sdk/1.5.1/src/rp2_common/pico_runtime/runtime.c.obj
                0x10002ce4                panic
 .text.panic_unsupported
                0x10002d14        0xc CMakeFiles/Cyclometer.dir/C_/Users/gjmontagner/.pico-sdk/sdk/1.5.1/src/rp2_common/pico_runtime/runtime.c.obj
                0x10002d14                panic_unsupported
 .text._out_buffer
                0x10002d20        0x8 CMakeFiles/Cyclometer.dir/C_/Users/gjmontagner/.pico-sdk/sdk/1.5.1/src/rp2_common/pico_printf/printf.c.obj
 .text._out_null
                0x10002d28        0x2 CMakeFiles/Cyclometer.dir/C_/Users/gjmontagner/.pico-sdk/sdk/1.5.1/src/rp2_common/pico_printf/printf.c.obj
 .text._out_fct
                0x10002d2a        0xe CMakeFiles/Cyclometer.dir/C_/Users/gjmontagner/.pico-sdk/sdk/1.5.1/src/rp2_common/pico_printf/printf.c.obj
 .text._atoi    0x10002d38       0x24 CMakeFiles/Cyclometer.dir/C_/Users/gjmontagner/.pico-sdk/sdk/1.5.1/src/rp2_common/pico_printf/printf.c.obj
 .text._out_rev
                0x10002d5c       0xae CMakeFiles/Cyclometer.dir/C_/Users/gjmontagner/.pico-sdk/sdk/1.5.1/src/rp2_common/pico_printf/printf.c.obj
 .text._ntoa_format
                0x10002e0a      0x110 CMakeFiles/Cyclometer.dir/C_/Users/gjmontagner/.pico-sdk/sdk/1.5.1/src/rp2_common/pico_printf/printf.c.obj
 .text._ntoa_long
                0x10002f1a       0xbc CMakeFiles/Cyclometer.dir/C_/Users/gjmontagner/.pico-sdk/sdk/1.5.1/src/rp2_common/pico_printf/printf.c.obj
 .text._ntoa_long_long
                0x10002fd6      0x10e CMakeFiles/Cyclometer.dir/C_/Users/gjmontagner/.pico-sdk/sdk/1.5.1/src/rp2_common/pico_printf/printf.c.obj
 .text._etoa    0x100030e4      0x420 CMakeFiles/Cyclometer.dir/C_/Users/gjmontagner/.pico-sdk/sdk/1.5.1/src/rp2_common/pico_printf/printf.c.obj
 .text._ftoa    0x10003504      0x354 CMakeFiles/Cyclometer.dir/C_/Users/gjmontagner/.pico-sdk/sdk/1.5.1/src/rp2_common/pico_printf/printf.c.obj
 .text._vsnprintf
                0x10003858      0x668 CMakeFiles/Cyclometer.dir/C_/Users/gjmontagner/.pico-sdk/sdk/1.5.1/src/rp2_common/pico_printf/printf.c.obj
 .text.__wrap_snprintf
                0x10003ec0       0x28 CMakeFiles/Cyclometer.dir/C_/Users/gjmontagner/.pico-sdk/sdk/1.5.1/src/rp2_common/pico_printf/printf.c.obj
                0x10003ec0                __wrap_snprintf
 .text.vfctprintf
                0x10003ee8       0x20 CMakeFiles/Cyclometer.dir/C_/Users/gjmontagner/.pico-sdk/sdk/1.5.1/src/rp2_common/pico_printf/printf.c.obj
                0x10003ee8                vfctprintf
 .text          0x10003f08       0x10 CMakeFiles/Cyclometer.dir/C_/Users/gjmontagner/.pico-sdk/sdk/1.5.1/src/rp2_common/pico_bit_ops/bit_ops_aeabi.S.obj
 .text.ctzsi    0x10003f18        0xc CMakeFiles/Cyclometer.dir/C_/Users/gjmontagner/.pico-sdk/sdk/1.5.1/src/rp2_common/pico_bit_ops/bit_ops_aeabi.S.obj
                0x10003f18                __wrap___ctzsi2
 .text.rom_func_lookup
                0x10003f24       0x10 CMakeFiles/Cyclometer.dir/C_/Users/gjmontagner/.pico-sdk/sdk/1.5.1/src/rp2_common/pico_bootrom/bootrom.c.obj
                0x10003f24                rom_func_lookup
 .text.rom_data_lookup
                0x10003f34       0x10 CMakeFiles/Cyclometer.dir/C_/Users/gjmontagner/.pico-sdk/sdk/1.5.1/src/rp2_common/pico_bootrom/bootrom.c.obj
                0x10003f34                rom_data_lookup
 .text.rom_funcs_lookup
                0x10003f44       0x36 CMakeFiles/Cyclometer.dir/C_/Users/gjmontagner/.pico-sdk/sdk/1.5.1/src/rp2_common/pico_bootrom/bootrom.c.obj
                0x10003f44                rom_funcs_lookup
 *fill*         0x10003f7a        0x2 
 .text.__wrap___aeabi_idiv
                0x10003f7c       0x50 CMakeFiles/Cyclometer.dir/C_/Users/gjmontagner/.pico-sdk/sdk/1.5.1/src/rp2_common/pico_divider/divider.S.obj
                0x10003f7c                __wrap___aeabi_idivmod
                0x10003f7c                divmod_s32s32
                0x10003f7c                div_s32s32
                0x10003f7c                __wrap___aeabi_idiv
                0x10003f84                divmod_s32s32_unsafe
                0x10003fb0                divmod_s32s32_savestate
 .text.__wrap___aeabi_uidiv
                0x10003fcc       0x4c CMakeFiles/Cyclometer.dir/C_/Users/gjmontagner/.pico-sdk/sdk/1.5.1/src/rp2_common/pico_divider/divider.S.obj
                0x10003fcc                __wrap___aeabi_uidiv
                0x10003fcc                __wrap___aeabi_uidivmod
                0x10003fcc                div_u32u32
                0x10003fcc                divmod_u32u32
                0x10003fd4                divmod_u32u32_unsafe
                0x10003ffc                divmod_u32u32_savestate
 .text.__wrap___aeabi_ldiv
                0x10004018      0x424 CMakeFiles/Cyclometer.dir/C_/Users/gjmontagner/.pico-sdk/sdk/1.5.1/src/rp2_common/pico_divider/divider.S.obj
                0x10004018                div_s64s64
                0x10004018                divmod_s64s64
                0x10004018                __wrap___aeabi_ldivmod
                0x10004048                divmod_u64u64
                0x10004048                div_u64u64
                0x10004048                __wrap___aeabi_uldivmod
                0x10004058                divmod_u64u64_savestate
                0x10004078                divmod_s64s64_unsafe
                0x10004100                divmod_u64u64_unsafe
 .text.__wrap___aeabi_darithmetic
                0x1000443c       0x60 CMakeFiles/Cyclometer.dir/C_/Users/gjmontagner/.pico-sdk/sdk/1.5.1/src/rp2_common/pico_double/double_aeabi.S.obj
                0x1000443c                __wrap___aeabi_drsub
                0x10004442                __wrap___aeabi_dsub
                0x1000444c                __wrap___aeabi_dadd
                0x10004456                __wrap___aeabi_ddiv
                0x1000448a                __wrap___aeabi_dmul
 .text.__wrap___aeabi_cdcmple
                0x1000449c       0x6c CMakeFiles/Cyclometer.dir/C_/Users/gjmontagner/.pico-sdk/sdk/1.5.1/src/rp2_common/pico_double/double_aeabi.S.obj
                0x1000449c                __wrap___aeabi_cdrcmple
                0x100044ac                __wrap___aeabi_cdcmpeq
                0x100044ac                __wrap___aeabi_cdcmple
 .text.__wrap___aeabi_dcmplt
                0x10004508        0xc CMakeFiles/Cyclometer.dir/C_/Users/gjmontagner/.pico-sdk/sdk/1.5.1/src/rp2_common/pico_double/double_aeabi.S.obj
                0x10004508                __wrap___aeabi_dcmplt
 .text.__wrap___aeabi_dcmple
                0x10004514       0x10 CMakeFiles/Cyclometer.dir/C_/Users/gjmontagner/.pico-sdk/sdk/1.5.1/src/rp2_common/pico_double/double_aeabi.S.obj
                0x10004514                __wrap___aeabi_dcmple
 .text.__wrap___aeabi_dcmpge
                0x10004524       0x10 CMakeFiles/Cyclometer.dir/C_/Users/gjmontagner/.pico-sdk/sdk/1.5.1/src/rp2_common/pico_double/double_aeabi.S.obj
                0x10004524                __wrap___aeabi_dcmpge
 .text.__wrap___aeabi_dcmpgt
                0x10004534        0xa CMakeFiles/Cyclometer.dir/C_/Users/gjmontagner/.pico-sdk/sdk/1.5.1/src/rp2_common/pico_double/double_aeabi.S.obj
                0x10004534                __wrap___aeabi_dcmpgt
 .text.__wrap___aeabi_dcmpun
                0x1000453e       0x1c CMakeFiles/Cyclometer.dir/C_/Users/gjmontagner/.pico-sdk/sdk/1.5.1/src/rp2_common/pico_double/double_aeabi.S.obj
                0x1000453e                __wrap___aeabi_dcmpun
 *fill*         0x1000455a        0x2 
 .text.__wrap___aeabi_i2d
                0x1000455c       0x38 CMakeFiles/Cyclometer.dir/C_/Users/gjmontagner/.pico-sdk/sdk/1.5.1/src/rp2_common/pico_double/double_aeabi.S.obj
                0x1000455c                __wrap___aeabi_ui2d
                0x10004564                __wrap___aeabi_i2d
 .text.__wrap___aeabi_d2iz
                0x10004594       0x48 CMakeFiles/Cyclometer.dir/C_/Users/gjmontagner/.pico-sdk/sdk/1.5.1/src/rp2_common/pico_double/double_aeabi.S.obj
                0x10004594                double2int_z
                0x10004594                __wrap___aeabi_d2iz
 .text.__wrap___aeabi_d2uiz
                0x100045dc       0x10 CMakeFiles/Cyclometer.dir/C_/Users/gjmontagner/.pico-sdk/sdk/1.5.1/src/rp2_common/pico_double/double_aeabi.S.obj
                0x100045dc                __wrap___aeabi_d2uiz
                0x100045dc                double2uint
 .text.missing_double_func_shim
                0x100045ec        0xc CMakeFiles/Cyclometer.dir/C_/Users/gjmontagner/.pico-sdk/sdk/1.5.1/src/rp2_common/pico_double/double_init_rom.c.obj
 .text.__aeabi_double_init
                0x100045f8       0xd0 CMakeFiles/Cyclometer.dir/C_/Users/gjmontagner/.pico-sdk/sdk/1.5.1/src/rp2_common/pico_double/double_init_rom.c.obj
                0x100045f8                __aeabi_double_init
 .text.double_table_shim_on_use_helper
                0x100046c8       0x34 CMakeFiles/Cyclometer.dir/C_/Users/gjmontagner/.pico-sdk/sdk/1.5.1/src/rp2_common/pico_double/double_v1_rom_shim.S.obj
                0x100046c8                double_table_shim_on_use_helper
 .text.__aeabi_lmul
                0x100046fc       0x32 CMakeFiles/Cyclometer.dir/C_/Users/gjmontagner/.pico-sdk/sdk/1.5.1/src/rp2_common/pico_int64_ops/pico_int64_ops_aeabi.S.obj
                0x100046fc                __wrap___aeabi_lmul
 *fill*         0x1000472e        0x2 
 .text.__wrap___aeabi_farithmetic
                0x10004730       0x48 CMakeFiles/Cyclometer.dir/C_/Users/gjmontagner/.pico-sdk/sdk/1.5.1/src/rp2_common/pico_float/float_aeabi.S.obj
                0x10004730                __wrap___aeabi_frsub
                0x10004736                __wrap___aeabi_fsub
                0x1000473c                __wrap___aeabi_fadd
                0x10004742                __wrap___aeabi_fdiv
                0x1000476a                __wrap___aeabi_fmul
 .text.__wrap___aeabi_ui2f
                0x10004778        0xa CMakeFiles/Cyclometer.dir/C_/Users/gjmontagner/.pico-sdk/sdk/1.5.1/src/rp2_common/pico_float/float_aeabi.S.obj
                0x10004778                __wrap___aeabi_ui2f
 *fill*         0x10004782        0x2 
 .text.__wrap___aeabi_i2f
                0x10004784       0x44 CMakeFiles/Cyclometer.dir/C_/Users/gjmontagner/.pico-sdk/sdk/1.5.1/src/rp2_common/pico_float/float_aeabi.S.obj
                0x10004784                __wrap___aeabi_i2f
 .text.__wrap___aeabi_f2uiz
                0x100047c8        0xc CMakeFiles/Cyclometer.dir/C_/Users/gjmontagner/.pico-sdk/sdk/1.5.1/src/rp2_common/pico_float/float_aeabi.S.obj
                0x100047c8                __wrap___aeabi_f2uiz
 .text.missing_float_func_shim
                0x100047d4        0xc CMakeFiles/Cyclometer.dir/C_/Users/gjmontagner/.pico-sdk/sdk/1.5.1/src/rp2_common/pico_float/float_init_rom.c.obj
 .text.__aeabi_float_init
                0x100047e0       0x88 CMakeFiles/Cyclometer.dir/C_/Users/gjmontagner/.pico-sdk/sdk/1.5.1/src/rp2_common/pico_float/float_init_rom.c.obj
                0x100047e0                __aeabi_float_init
 .text          0x10004868       0x10 CMakeFiles/Cyclometer.dir/C_/Users/gjmontagner/.pico-sdk/sdk/1.5.1/src/rp2_common/pico_mem_ops/mem_ops_aeabi.S.obj
                0x10004868                __aeabi_mem_init
 .text.memset   0x10004878        0xc CMakeFiles/Cyclometer.dir/C_/Users/gjmontagner/.pico-sdk/sdk/1.5.1/src/rp2_common/pico_mem_ops/mem_ops_aeabi.S.obj
                0x10004878                __wrap_memset
 .text.memcpy   0x10004884        0xc CMakeFiles/Cyclometer.dir/C_/Users/gjmontagner/.pico-sdk/sdk/1.5.1/src/rp2_common/pico_mem_ops/mem_ops_aeabi.S.obj
                0x10004884                __wrap_memcpy
                0x10004884                __wrap___aeabi_memcpy
 .text.stdio_out_chars_no_crlf
                0x10004890        0xe CMakeFiles/Cyclometer.dir/C_/Users/gjmontagner/.pico-sdk/sdk/1.5.1/src/rp2_common/pico_stdio/stdio.c.obj
 *fill*         0x1000489e        0x2 
 .text.stdio_out_chars_crlf
                0x100048a0       0x80 CMakeFiles/Cyclometer.dir/C_/Users/gjmontagner/.pico-sdk/sdk/1.5.1/src/rp2_common/pico_stdio/stdio.c.obj
 .text.stdio_stack_buffer_flush
                0x10004920       0x44 CMakeFiles/Cyclometer.dir/C_/Users/gjmontagner/.pico-sdk/sdk/1.5.1/src/rp2_common/pico_stdio/stdio.c.obj
 .text.stdio_buffered_printer
                0x10004964       0x20 CMakeFiles/Cyclometer.dir/C_/Users/gjmontagner/.pico-sdk/sdk/1.5.1/src/rp2_common/pico_stdio/stdio.c.obj
 .text.update_us_since_boot
                0x10004984       0x24 CMakeFiles/Cyclometer.dir/C_/Users/gjmontagner/.pico-sdk/sdk/1.5.1/src/rp2_common/pico_stdio/stdio.c.obj
 .text.get_absolute_time
                0x100049a8       0x22 CMakeFiles/Cyclometer.dir/C_/Users/gjmontagner/.pico-sdk/sdk/1.5.1/src/rp2_common/pico_stdio/stdio.c.obj
 *fill*         0x100049ca        0x2 
 .text.delayed_by_ms
                0x100049cc       0x44 CMakeFiles/Cyclometer.dir/C_/Users/gjmontagner/.pico-sdk/sdk/1.5.1/src/rp2_common/pico_stdio/stdio.c.obj
 .text.make_timeout_time_ms
                0x10004a10       0x20 CMakeFiles/Cyclometer.dir/C_/Users/gjmontagner/.pico-sdk/sdk/1.5.1/src/rp2_common/pico_stdio/stdio.c.obj
 .text.stdout_serialize_begin
                0x10004a30       0x20 CMakeFiles/Cyclometer.dir/C_/Users/gjmontagner/.pico-sdk/sdk/1.5.1/src/rp2_common/pico_stdio/stdio.c.obj
                0x10004a30                stdout_serialize_begin
 .text.stdout_serialize_end
                0x10004a50       0x10 CMakeFiles/Cyclometer.dir/C_/Users/gjmontagner/.pico-sdk/sdk/1.5.1/src/rp2_common/pico_stdio/stdio.c.obj
                0x10004a50                stdout_serialize_end
 .text.stdio_put_string
                0x10004a60       0x98 CMakeFiles/Cyclometer.dir/C_/Users/gjmontagner/.pico-sdk/sdk/1.5.1/src/rp2_common/pico_stdio/stdio.c.obj
 .text.stdio_set_driver_enabled
                0x10004af8       0x2c CMakeFiles/Cyclometer.dir/C_/Users/gjmontagner/.pico-sdk/sdk/1.5.1/src/rp2_common/pico_stdio/stdio.c.obj
                0x10004af8                stdio_set_driver_enabled
 .text.stdio_flush
                0x10004b24       0x20 CMakeFiles/Cyclometer.dir/C_/Users/gjmontagner/.pico-sdk/sdk/1.5.1/src/rp2_common/pico_stdio/stdio.c.obj
                0x10004b24                stdio_flush
 .text.__wrap_puts
                0x10004b44       0x1e CMakeFiles/Cyclometer.dir/C_/Users/gjmontagner/.pico-sdk/sdk/1.5.1/src/rp2_common/pico_stdio/stdio.c.obj
                0x10004b44                __wrap_puts
 *fill*         0x10004b62        0x2 
 .text.__wrap_vprintf
                0x10004b64       0x40 CMakeFiles/Cyclometer.dir/C_/Users/gjmontagner/.pico-sdk/sdk/1.5.1/src/rp2_common/pico_stdio/stdio.c.obj
                0x10004b64                __wrap_vprintf
 .text.__wrap_printf
                0x10004ba4       0x18 CMakeFiles/Cyclometer.dir/C_/Users/gjmontagner/.pico-sdk/sdk/1.5.1/src/rp2_common/pico_stdio/stdio.c.obj
                0x10004ba4                __wrap_printf
 .text.stdio_init_all
                0x10004bbc        0x8 CMakeFiles/Cyclometer.dir/C_/Users/gjmontagner/.pico-sdk/sdk/1.5.1/src/rp2_common/pico_stdio/stdio.c.obj
                0x10004bbc                stdio_init_all
 .text.resetd_init
                0x10004bc4        0x2 CMakeFiles/Cyclometer.dir/C_/Users/gjmontagner/.pico-sdk/sdk/1.5.1/src/rp2_common/pico_stdio_usb/reset_interface.c.obj
 *fill*         0x10004bc6        0x2 
 .text.resetd_reset
                0x10004bc8        0xc CMakeFiles/Cyclometer.dir/C_/Users/gjmontagner/.pico-sdk/sdk/1.5.1/src/rp2_common/pico_stdio_usb/reset_interface.c.obj
 .text.resetd_open
                0x10004bd4       0x34 CMakeFiles/Cyclometer.dir/C_/Users/gjmontagner/.pico-sdk/sdk/1.5.1/src/rp2_common/pico_stdio_usb/reset_interface.c.obj
 .text.resetd_xfer_cb
                0x10004c08        0x4 CMakeFiles/Cyclometer.dir/C_/Users/gjmontagner/.pico-sdk/sdk/1.5.1/src/rp2_common/pico_stdio_usb/reset_interface.c.obj
 .text.reset_usb_boot
                0x10004c0c       0x18 CMakeFiles/Cyclometer.dir/C_/Users/gjmontagner/.pico-sdk/sdk/1.5.1/src/rp2_common/pico_stdio_usb/reset_interface.c.obj
 .text.resetd_control_xfer_cb
                0x10004c24       0x5c CMakeFiles/Cyclometer.dir/C_/Users/gjmontagner/.pico-sdk/sdk/1.5.1/src/rp2_common/pico_stdio_usb/reset_interface.c.obj
 .text.usbd_app_driver_get_cb
                0x10004c80        0xc CMakeFiles/Cyclometer.dir/C_/Users/gjmontagner/.pico-sdk/sdk/1.5.1/src/rp2_common/pico_stdio_usb/reset_interface.c.obj
                0x10004c80                usbd_app_driver_get_cb
 .text.tud_cdc_line_coding_cb
                0x10004c8c       0x28 CMakeFiles/Cyclometer.dir/C_/Users/gjmontagner/.pico-sdk/sdk/1.5.1/src/rp2_common/pico_stdio_usb/reset_interface.c.obj
                0x10004c8c                tud_cdc_line_coding_cb
 .text.stdio_usb_set_chars_available_callback
                0x10004cb4       0x14 CMakeFiles/Cyclometer.dir/C_/Users/gjmontagner/.pico-sdk/sdk/1.5.1/src/rp2_common/pico_stdio_usb/stdio_usb.c.obj
                0x10004cb4                stdio_usb_set_chars_available_callback
 .text.update_us_since_boot
                0x10004cc8       0x24 CMakeFiles/Cyclometer.dir/C_/Users/gjmontagner/.pico-sdk/sdk/1.5.1/src/rp2_common/pico_stdio_usb/stdio_usb.c.obj
 .text.get_absolute_time
                0x10004cec       0x22 CMakeFiles/Cyclometer.dir/C_/Users/gjmontagner/.pico-sdk/sdk/1.5.1/src/rp2_common/pico_stdio_usb/stdio_usb.c.obj
 *fill*         0x10004d0e        0x2 
 .text.delayed_by_ms
                0x10004d10       0x44 CMakeFiles/Cyclometer.dir/C_/Users/gjmontagner/.pico-sdk/sdk/1.5.1/src/rp2_common/pico_stdio_usb/stdio_usb.c.obj
 .text.make_timeout_time_ms
                0x10004d54       0x20 CMakeFiles/Cyclometer.dir/C_/Users/gjmontagner/.pico-sdk/sdk/1.5.1/src/rp2_common/pico_stdio_usb/stdio_usb.c.obj
 .text.delayed_by_us
                0x10004d74       0x34 CMakeFiles/Cyclometer.dir/C_/Users/gjmontagner/.pico-sdk/sdk/1.5.1/src/rp2_common/pico_stdio_usb/stdio_usb.c.obj
 .text.usb_irq  0x10004da8       0x10 CMakeFiles/Cyclometer.dir/C_/Users/gjmontagner/.pico-sdk/sdk/1.5.1/src/rp2_common/pico_stdio_usb/stdio_usb.c.obj
 .text.critical_section_enter_blocking
                0x10004db8       0x16 CMakeFiles/Cyclometer.dir/C_/Users/gjmontagner/.pico-sdk/sdk/1.5.1/src/rp2_common/pico_stdio_usb/stdio_usb.c.obj
 *fill*         0x10004dce        0x2 
 .text.timer_task
                0x10004dd0       0x4c CMakeFiles/Cyclometer.dir/C_/Users/gjmontagner/.pico-sdk/sdk/1.5.1/src/rp2_common/pico_stdio_usb/stdio_usb.c.obj
 .text.alarm_pool_add_alarm_in_us
                0x10004e1c       0x3a CMakeFiles/Cyclometer.dir/C_/Users/gjmontagner/.pico-sdk/sdk/1.5.1/src/rp2_common/pico_stdio_usb/stdio_usb.c.obj
 .text.add_alarm_in_us
                0x10004e56       0x2e CMakeFiles/Cyclometer.dir/C_/Users/gjmontagner/.pico-sdk/sdk/1.5.1/src/rp2_common/pico_stdio_usb/stdio_usb.c.obj
 .text.low_priority_worker_irq
                0x10004e84       0x7c CMakeFiles/Cyclometer.dir/C_/Users/gjmontagner/.pico-sdk/sdk/1.5.1/src/rp2_common/pico_stdio_usb/stdio_usb.c.obj
 .text.tud_cdc_rx_cb
                0x10004f00       0x20 CMakeFiles/Cyclometer.dir/C_/Users/gjmontagner/.pico-sdk/sdk/1.5.1/src/rp2_common/pico_stdio_usb/stdio_usb.c.obj
                0x10004f00                tud_cdc_rx_cb
 .text.stdio_usb_init
                0x10004f20       0xd0 CMakeFiles/Cyclometer.dir/C_/Users/gjmontagner/.pico-sdk/sdk/1.5.1/src/rp2_common/pico_stdio_usb/stdio_usb.c.obj
                0x10004f20                stdio_usb_init
 .text.stdio_usb_connected
                0x10004ff0        0xa CMakeFiles/Cyclometer.dir/C_/Users/gjmontagner/.pico-sdk/sdk/1.5.1/src/rp2_common/pico_stdio_usb/stdio_usb.c.obj
                0x10004ff0                stdio_usb_connected
 *fill*         0x10004ffa        0x2 
 .text.stdio_usb_in_chars
                0x10004ffc       0x88 CMakeFiles/Cyclometer.dir/C_/Users/gjmontagner/.pico-sdk/sdk/1.5.1/src/rp2_common/pico_stdio_usb/stdio_usb.c.obj
                0x10004ffc                stdio_usb_in_chars
 .text.stdio_usb_out_chars
                0x10005084       0xd8 CMakeFiles/Cyclometer.dir/C_/Users/gjmontagner/.pico-sdk/sdk/1.5.1/src/rp2_common/pico_stdio_usb/stdio_usb.c.obj
 .text.tud_descriptor_device_cb
                0x1000515c        0x8 CMakeFiles/Cyclometer.dir/C_/Users/gjmontagner/.pico-sdk/sdk/1.5.1/src/rp2_common/pico_stdio_usb/stdio_usb_descriptors.c.obj
                0x1000515c                tud_descriptor_device_cb
 .text.tud_descriptor_configuration_cb
                0x10005164        0x8 CMakeFiles/Cyclometer.dir/C_/Users/gjmontagner/.pico-sdk/sdk/1.5.1/src/rp2_common/pico_stdio_usb/stdio_usb_descriptors.c.obj
                0x10005164                tud_descriptor_configuration_cb
 .text.tud_descriptor_string_cb
                0x1000516c       0x6c CMakeFiles/Cyclometer.dir/C_/Users/gjmontagner/.pico-sdk/sdk/1.5.1/src/rp2_common/pico_stdio_usb/stdio_usb_descriptors.c.obj
                0x1000516c                tud_descriptor_string_cb
 .text._retrieve_unique_id_on_boot
                0x100051d8       0x10 CMakeFiles/Cyclometer.dir/C_/Users/gjmontagner/.pico-sdk/sdk/1.5.1/src/rp2_common/pico_unique_id/unique_id.c.obj
 .text.pico_get_unique_board_id
                0x100051e8       0x10 CMakeFiles/Cyclometer.dir/C_/Users/gjmontagner/.pico-sdk/sdk/1.5.1/src/rp2_common/pico_unique_id/unique_id.c.obj
                0x100051e8                pico_get_unique_board_id
 .text.pico_get_unique_board_id_string
                0x100051f8       0x5c CMakeFiles/Cyclometer.dir/C_/Users/gjmontagner/.pico-sdk/sdk/1.5.1/src/rp2_common/pico_unique_id/unique_id.c.obj
                0x100051f8                pico_get_unique_board_id_string
 .text.flash_get_unique_id
                0x10005254       0x40 CMakeFiles/Cyclometer.dir/C_/Users/gjmontagner/.pico-sdk/sdk/1.5.1/src/rp2_common/hardware_flash/flash.c.obj
                0x10005254                flash_get_unique_id
 .text.hw_endpoint_get_by_addr
                0x10005294       0x18 CMakeFiles/Cyclometer.dir/C_/Users/gjmontagner/.pico-sdk/sdk/1.5.1/lib/tinyusb/src/portable/raspberrypi/rp2040/dcd_rp2040.c.obj
 .text._hw_endpoint_alloc
                0x100052ac       0x70 CMakeFiles/Cyclometer.dir/C_/Users/gjmontagner/.pico-sdk/sdk/1.5.1/lib/tinyusb/src/portable/raspberrypi/rp2040/dcd_rp2040.c.obj
 .text.hw_endpoint_init
                0x1000531c       0x88 CMakeFiles/Cyclometer.dir/C_/Users/gjmontagner/.pico-sdk/sdk/1.5.1/lib/tinyusb/src/portable/raspberrypi/rp2040/dcd_rp2040.c.obj
 .text.dcd_event_sof
                0x100053a4       0x2c CMakeFiles/Cyclometer.dir/C_/Users/gjmontagner/.pico-sdk/sdk/1.5.1/lib/tinyusb/src/portable/raspberrypi/rp2040/dcd_rp2040.c.obj
 .text.hw_endpoint_xfer
                0x100053d0       0x14 CMakeFiles/Cyclometer.dir/C_/Users/gjmontagner/.pico-sdk/sdk/1.5.1/lib/tinyusb/src/portable/raspberrypi/rp2040/dcd_rp2040.c.obj
 .text.dcd_int_enable
                0x100053e4       0x2c CMakeFiles/Cyclometer.dir/C_/Users/gjmontagner/.pico-sdk/sdk/1.5.1/lib/tinyusb/src/portable/raspberrypi/rp2040/dcd_rp2040.c.obj
                0x100053e4                dcd_int_enable
 .text.dcd_set_address
                0x10005410       0x2c CMakeFiles/Cyclometer.dir/C_/Users/gjmontagner/.pico-sdk/sdk/1.5.1/lib/tinyusb/src/portable/raspberrypi/rp2040/dcd_rp2040.c.obj
                0x10005410                dcd_set_address
 .text.dcd_connect
                0x1000543c       0x10 CMakeFiles/Cyclometer.dir/C_/Users/gjmontagner/.pico-sdk/sdk/1.5.1/lib/tinyusb/src/portable/raspberrypi/rp2040/dcd_rp2040.c.obj
                0x1000543c                dcd_connect
 .text.dcd_init
                0x1000544c       0x80 CMakeFiles/Cyclometer.dir/C_/Users/gjmontagner/.pico-sdk/sdk/1.5.1/lib/tinyusb/src/portable/raspberrypi/rp2040/dcd_rp2040.c.obj
                0x1000544c                dcd_init
 .text.dcd_edpt0_status_complete
                0x100054cc       0x1c CMakeFiles/Cyclometer.dir/C_/Users/gjmontagner/.pico-sdk/sdk/1.5.1/lib/tinyusb/src/portable/raspberrypi/rp2040/dcd_rp2040.c.obj
                0x100054cc                dcd_edpt0_status_complete
 .text.dcd_edpt_open
                0x100054e8       0x40 CMakeFiles/Cyclometer.dir/C_/Users/gjmontagner/.pico-sdk/sdk/1.5.1/lib/tinyusb/src/portable/raspberrypi/rp2040/dcd_rp2040.c.obj
                0x100054e8                dcd_edpt_open
 .text.dcd_edpt_close_all
                0x10005528        0x8 CMakeFiles/Cyclometer.dir/C_/Users/gjmontagner/.pico-sdk/sdk/1.5.1/lib/tinyusb/src/portable/raspberrypi/rp2040/dcd_rp2040.c.obj
                0x10005528                dcd_edpt_close_all
 .text.dcd_edpt_xfer
                0x10005530       0x34 CMakeFiles/Cyclometer.dir/C_/Users/gjmontagner/.pico-sdk/sdk/1.5.1/lib/tinyusb/src/portable/raspberrypi/rp2040/dcd_rp2040.c.obj
                0x10005530                dcd_edpt_xfer
 .text.dcd_edpt_stall
                0x10005564       0x2c CMakeFiles/Cyclometer.dir/C_/Users/gjmontagner/.pico-sdk/sdk/1.5.1/lib/tinyusb/src/portable/raspberrypi/rp2040/dcd_rp2040.c.obj
                0x10005564                dcd_edpt_stall
 .text.dcd_edpt_clear_stall
                0x10005590       0x20 CMakeFiles/Cyclometer.dir/C_/Users/gjmontagner/.pico-sdk/sdk/1.5.1/lib/tinyusb/src/portable/raspberrypi/rp2040/dcd_rp2040.c.obj
                0x10005590                dcd_edpt_clear_stall
 .text.rp2040_usb_init
                0x100055b0       0x4c CMakeFiles/Cyclometer.dir/C_/Users/gjmontagner/.pico-sdk/sdk/1.5.1/lib/tinyusb/src/portable/raspberrypi/rp2040/rp2040_usb.c.obj
                0x100055b0                rp2040_usb_init
 .text.hw_endpoint_xfer_start
                0x100055fc       0x50 CMakeFiles/Cyclometer.dir/C_/Users/gjmontagner/.pico-sdk/sdk/1.5.1/lib/tinyusb/src/portable/raspberrypi/rp2040/rp2040_usb.c.obj
                0x100055fc                hw_endpoint_xfer_start
 .text.configuration_reset
                0x1000564c       0x84 CMakeFiles/Cyclometer.dir/C_/Users/gjmontagner/.pico-sdk/sdk/1.5.1/lib/tinyusb/src/device/usbd.c.obj
 .text.critical_section_enter_blocking
                0x100056d0       0x16 CMakeFiles/Cyclometer.dir/C_/Users/gjmontagner/.pico-sdk/sdk/1.5.1/lib/tinyusb/src/device/usbd.c.obj
 .text.usbd_reset
                0x100056e6        0xc CMakeFiles/Cyclometer.dir/C_/Users/gjmontagner/.pico-sdk/sdk/1.5.1/lib/tinyusb/src/device/usbd.c.obj
 .text.invoke_class_control
                0x100056f2       0x1a CMakeFiles/Cyclometer.dir/C_/Users/gjmontagner/.pico-sdk/sdk/1.5.1/lib/tinyusb/src/device/usbd.c.obj
 .text.process_set_config
                0x1000570c      0x178 CMakeFiles/Cyclometer.dir/C_/Users/gjmontagner/.pico-sdk/sdk/1.5.1/lib/tinyusb/src/device/usbd.c.obj
 .text.process_get_descriptor
                0x10005884       0xdc CMakeFiles/Cyclometer.dir/C_/Users/gjmontagner/.pico-sdk/sdk/1.5.1/lib/tinyusb/src/device/usbd.c.obj
 .text.tud_mounted
                0x10005960       0x10 CMakeFiles/Cyclometer.dir/C_/Users/gjmontagner/.pico-sdk/sdk/1.5.1/lib/tinyusb/src/device/usbd.c.obj
                0x10005960                tud_mounted
 .text.tud_suspended
                0x10005970       0x10 CMakeFiles/Cyclometer.dir/C_/Users/gjmontagner/.pico-sdk/sdk/1.5.1/lib/tinyusb/src/device/usbd.c.obj
                0x10005970                tud_suspended
 .text.tud_inited
                0x10005980       0x14 CMakeFiles/Cyclometer.dir/C_/Users/gjmontagner/.pico-sdk/sdk/1.5.1/lib/tinyusb/src/device/usbd.c.obj
                0x10005980                tud_inited
 .text.tud_init
                0x10005994       0xcc CMakeFiles/Cyclometer.dir/C_/Users/gjmontagner/.pico-sdk/sdk/1.5.1/lib/tinyusb/src/device/usbd.c.obj
                0x10005994                tud_init
 .text.usbd_defer_func
                0x10005a60       0x2a CMakeFiles/Cyclometer.dir/C_/Users/gjmontagner/.pico-sdk/sdk/1.5.1/lib/tinyusb/src/device/usbd.c.obj
                0x10005a60                usbd_defer_func
 *fill*         0x10005a8a        0x2 
 .text.usbd_edpt_open
                0x10005a8c       0x34 CMakeFiles/Cyclometer.dir/C_/Users/gjmontagner/.pico-sdk/sdk/1.5.1/lib/tinyusb/src/device/usbd.c.obj
                0x10005a8c                usbd_edpt_open
 .text.usbd_open_edpt_pair
                0x10005ac0       0x62 CMakeFiles/Cyclometer.dir/C_/Users/gjmontagner/.pico-sdk/sdk/1.5.1/lib/tinyusb/src/device/usbd.c.obj
                0x10005ac0                usbd_open_edpt_pair
 *fill*         0x10005b22        0x2 
 .text.usbd_edpt_claim
                0x10005b24       0x28 CMakeFiles/Cyclometer.dir/C_/Users/gjmontagner/.pico-sdk/sdk/1.5.1/lib/tinyusb/src/device/usbd.c.obj
                0x10005b24                usbd_edpt_claim
 .text.usbd_edpt_release
                0x10005b4c       0x28 CMakeFiles/Cyclometer.dir/C_/Users/gjmontagner/.pico-sdk/sdk/1.5.1/lib/tinyusb/src/device/usbd.c.obj
                0x10005b4c                usbd_edpt_release
 .text.usbd_edpt_xfer
                0x10005b74       0x78 CMakeFiles/Cyclometer.dir/C_/Users/gjmontagner/.pico-sdk/sdk/1.5.1/lib/tinyusb/src/device/usbd.c.obj
                0x10005b74                usbd_edpt_xfer
 .text.usbd_edpt_stall
                0x10005bec       0x48 CMakeFiles/Cyclometer.dir/C_/Users/gjmontagner/.pico-sdk/sdk/1.5.1/lib/tinyusb/src/device/usbd.c.obj
                0x10005bec                usbd_edpt_stall
 .text.usbd_edpt_clear_stall
                0x10005c34       0x48 CMakeFiles/Cyclometer.dir/C_/Users/gjmontagner/.pico-sdk/sdk/1.5.1/lib/tinyusb/src/device/usbd.c.obj
                0x10005c34                usbd_edpt_clear_stall
 .text.usbd_edpt_stalled
                0x10005c7c       0x1c CMakeFiles/Cyclometer.dir/C_/Users/gjmontagner/.pico-sdk/sdk/1.5.1/lib/tinyusb/src/device/usbd.c.obj
                0x10005c7c                usbd_edpt_stalled
 .text.process_control_request
                0x10005c98      0x374 CMakeFiles/Cyclometer.dir/C_/Users/gjmontagner/.pico-sdk/sdk/1.5.1/lib/tinyusb/src/device/usbd.c.obj
 .text.tud_task_ext
                0x1000600c      0x1a8 CMakeFiles/Cyclometer.dir/C_/Users/gjmontagner/.pico-sdk/sdk/1.5.1/lib/tinyusb/src/device/usbd.c.obj
                0x1000600c                tud_task_ext
 .text._status_stage_xact
                0x100061b4       0x1a CMakeFiles/Cyclometer.dir/C_/Users/gjmontagner/.pico-sdk/sdk/1.5.1/lib/tinyusb/src/device/usbd_control.c.obj
 *fill*         0x100061ce        0x2 
 .text._data_stage_xact
                0x100061d0       0x58 CMakeFiles/Cyclometer.dir/C_/Users/gjmontagner/.pico-sdk/sdk/1.5.1/lib/tinyusb/src/device/usbd_control.c.obj
 .text.tud_control_status
                0x10006228       0x28 CMakeFiles/Cyclometer.dir/C_/Users/gjmontagner/.pico-sdk/sdk/1.5.1/lib/tinyusb/src/device/usbd_control.c.obj
                0x10006228                tud_control_status
 .text.tud_control_xfer
                0x10006250       0x68 CMakeFiles/Cyclometer.dir/C_/Users/gjmontagner/.pico-sdk/sdk/1.5.1/lib/tinyusb/src/device/usbd_control.c.obj
                0x10006250                tud_control_xfer
 .text.usbd_control_reset
                0x100062b8       0x14 CMakeFiles/Cyclometer.dir/C_/Users/gjmontagner/.pico-sdk/sdk/1.5.1/lib/tinyusb/src/device/usbd_control.c.obj
                0x100062b8                usbd_control_reset
 .text.usbd_control_set_complete_callback
                0x100062cc        0xc CMakeFiles/Cyclometer.dir/C_/Users/gjmontagner/.pico-sdk/sdk/1.5.1/lib/tinyusb/src/device/usbd_control.c.obj
                0x100062cc                usbd_control_set_complete_callback
 .text.usbd_control_set_request
                0x100062d8       0x1c CMakeFiles/Cyclometer.dir/C_/Users/gjmontagner/.pico-sdk/sdk/1.5.1/lib/tinyusb/src/device/usbd_control.c.obj
                0x100062d8                usbd_control_set_request
 .text.usbd_control_xfer_cb
                0x100062f4       0xbc CMakeFiles/Cyclometer.dir/C_/Users/gjmontagner/.pico-sdk/sdk/1.5.1/lib/tinyusb/src/device/usbd_control.c.obj
                0x100062f4                usbd_control_xfer_cb
 .text._prep_out_transaction
                0x100063b0       0x4a CMakeFiles/Cyclometer.dir/C_/Users/gjmontagner/.pico-sdk/sdk/1.5.1/lib/tinyusb/src/class/cdc/cdc_device.c.obj
 *fill*         0x100063fa        0x2 
 .text.tud_cdc_n_connected
                0x100063fc       0x38 CMakeFiles/Cyclometer.dir/C_/Users/gjmontagner/.pico-sdk/sdk/1.5.1/lib/tinyusb/src/class/cdc/cdc_device.c.obj
                0x100063fc                tud_cdc_n_connected
 .text.tud_cdc_n_available
                0x10006434       0x18 CMakeFiles/Cyclometer.dir/C_/Users/gjmontagner/.pico-sdk/sdk/1.5.1/lib/tinyusb/src/class/cdc/cdc_device.c.obj
                0x10006434                tud_cdc_n_available
 .text.tud_cdc_n_read
                0x1000644c       0x28 CMakeFiles/Cyclometer.dir/C_/Users/gjmontagner/.pico-sdk/sdk/1.5.1/lib/tinyusb/src/class/cdc/cdc_device.c.obj
                0x1000644c                tud_cdc_n_read
 .text.tud_cdc_n_write_flush
                0x10006474       0xb8 CMakeFiles/Cyclometer.dir/C_/Users/gjmontagner/.pico-sdk/sdk/1.5.1/lib/tinyusb/src/class/cdc/cdc_device.c.obj
                0x10006474                tud_cdc_n_write_flush
 .text.tud_cdc_n_write
                0x1000652c       0x38 CMakeFiles/Cyclometer.dir/C_/Users/gjmontagner/.pico-sdk/sdk/1.5.1/lib/tinyusb/src/class/cdc/cdc_device.c.obj
                0x1000652c                tud_cdc_n_write
 .text.tud_cdc_n_write_available
                0x10006564       0x1c CMakeFiles/Cyclometer.dir/C_/Users/gjmontagner/.pico-sdk/sdk/1.5.1/lib/tinyusb/src/class/cdc/cdc_device.c.obj
                0x10006564                tud_cdc_n_write_available
 .text.cdcd_init
                0x10006580       0xbc CMakeFiles/Cyclometer.dir/C_/Users/gjmontagner/.pico-sdk/sdk/1.5.1/lib/tinyusb/src/class/cdc/cdc_device.c.obj
                0x10006580                cdcd_init
 .text.cdcd_reset
                0x1000663c       0x44 CMakeFiles/Cyclometer.dir/C_/Users/gjmontagner/.pico-sdk/sdk/1.5.1/lib/tinyusb/src/class/cdc/cdc_device.c.obj
                0x1000663c                cdcd_reset
 .text.cdcd_open
                0x10006680       0xc4 CMakeFiles/Cyclometer.dir/C_/Users/gjmontagner/.pico-sdk/sdk/1.5.1/lib/tinyusb/src/class/cdc/cdc_device.c.obj
                0x10006680                cdcd_open
 .text.cdcd_control_xfer_cb
                0x10006744      0x134 CMakeFiles/Cyclometer.dir/C_/Users/gjmontagner/.pico-sdk/sdk/1.5.1/lib/tinyusb/src/class/cdc/cdc_device.c.obj
                0x10006744                cdcd_control_xfer_cb
 .text.cdcd_xfer_cb
                0x10006878      0x130 CMakeFiles/Cyclometer.dir/C_/Users/gjmontagner/.pico-sdk/sdk/1.5.1/lib/tinyusb/src/class/cdc/cdc_device.c.obj
                0x10006878                cdcd_xfer_cb
 .text.tusb_init
                0x100069a8        0xa CMakeFiles/Cyclometer.dir/C_/Users/gjmontagner/.pico-sdk/sdk/1.5.1/lib/tinyusb/src/tusb.c.obj
                0x100069a8                tusb_init
 .text.tusb_inited
                0x100069b2        0xe CMakeFiles/Cyclometer.dir/C_/Users/gjmontagner/.pico-sdk/sdk/1.5.1/lib/tinyusb/src/tusb.c.obj
                0x100069b2                tusb_inited
 .text.tu_edpt_claim
                0x100069c0       0x50 CMakeFiles/Cyclometer.dir/C_/Users/gjmontagner/.pico-sdk/sdk/1.5.1/lib/tinyusb/src/tusb.c.obj
                0x100069c0                tu_edpt_claim
 .text.tu_edpt_release
                0x10006a10       0x38 CMakeFiles/Cyclometer.dir/C_/Users/gjmontagner/.pico-sdk/sdk/1.5.1/lib/tinyusb/src/tusb.c.obj
                0x10006a10                tu_edpt_release
 .text.tu_edpt_validate
                0x10006a48       0x78 CMakeFiles/Cyclometer.dir/C_/Users/gjmontagner/.pico-sdk/sdk/1.5.1/lib/tinyusb/src/tusb.c.obj
                0x10006a48                tu_edpt_validate
 .text.tu_edpt_bind_driver
                0x10006ac0       0x26 CMakeFiles/Cyclometer.dir/C_/Users/gjmontagner/.pico-sdk/sdk/1.5.1/lib/tinyusb/src/tusb.c.obj
                0x10006ac0                tu_edpt_bind_driver
 .text.advance_index
                0x10006ae6       0x1a CMakeFiles/Cyclometer.dir/C_/Users/gjmontagner/.pico-sdk/sdk/1.5.1/lib/tinyusb/src/common/tusb_fifo.c.obj
 .text._tu_fifo_peek
                0x10006b00       0x56 CMakeFiles/Cyclometer.dir/C_/Users/gjmontagner/.pico-sdk/sdk/1.5.1/lib/tinyusb/src/common/tusb_fifo.c.obj
 .text._ff_pull_const_addr
                0x10006b56       0x4c CMakeFiles/Cyclometer.dir/C_/Users/gjmontagner/.pico-sdk/sdk/1.5.1/lib/tinyusb/src/common/tusb_fifo.c.obj
 .text._ff_pull_n
                0x10006ba2      0x110 CMakeFiles/Cyclometer.dir/C_/Users/gjmontagner/.pico-sdk/sdk/1.5.1/lib/tinyusb/src/common/tusb_fifo.c.obj
 .text._tu_fifo_peek_n
                0x10006cb2       0x6a CMakeFiles/Cyclometer.dir/C_/Users/gjmontagner/.pico-sdk/sdk/1.5.1/lib/tinyusb/src/common/tusb_fifo.c.obj
 .text._tu_fifo_read_n
                0x10006d1c       0x4e CMakeFiles/Cyclometer.dir/C_/Users/gjmontagner/.pico-sdk/sdk/1.5.1/lib/tinyusb/src/common/tusb_fifo.c.obj
 .text._ff_push_const_addr
                0x10006d6a       0x40 CMakeFiles/Cyclometer.dir/C_/Users/gjmontagner/.pico-sdk/sdk/1.5.1/lib/tinyusb/src/common/tusb_fifo.c.obj
 .text._ff_push_n
                0x10006daa      0x10c CMakeFiles/Cyclometer.dir/C_/Users/gjmontagner/.pico-sdk/sdk/1.5.1/lib/tinyusb/src/common/tusb_fifo.c.obj
 .text._tu_fifo_write_n
                0x10006eb6       0xf0 CMakeFiles/Cyclometer.dir/C_/Users/gjmontagner/.pico-sdk/sdk/1.5.1/lib/tinyusb/src/common/tusb_fifo.c.obj
 .text.tu_fifo_config
                0x10006fa6       0x7c CMakeFiles/Cyclometer.dir/C_/Users/gjmontagner/.pico-sdk/sdk/1.5.1/lib/tinyusb/src/common/tusb_fifo.c.obj
                0x10006fa6                tu_fifo_config
 .text.tu_fifo_count
                0x10007022       0x2a CMakeFiles/Cyclometer.dir/C_/Users/gjmontagner/.pico-sdk/sdk/1.5.1/lib/tinyusb/src/common/tusb_fifo.c.obj
                0x10007022                tu_fifo_count
 .text.tu_fifo_empty
                0x1000704c        0xe CMakeFiles/Cyclometer.dir/C_/Users/gjmontagner/.pico-sdk/sdk/1.5.1/lib/tinyusb/src/common/tusb_fifo.c.obj
                0x1000704c                tu_fifo_empty
 .text.tu_fifo_full
                0x1000705a       0x28 CMakeFiles/Cyclometer.dir/C_/Users/gjmontagner/.pico-sdk/sdk/1.5.1/lib/tinyusb/src/common/tusb_fifo.c.obj
                0x1000705a                tu_fifo_full
 .text.tu_fifo_remaining
                0x10007082       0x2c CMakeFiles/Cyclometer.dir/C_/Users/gjmontagner/.pico-sdk/sdk/1.5.1/lib/tinyusb/src/common/tusb_fifo.c.obj
                0x10007082                tu_fifo_remaining
 .text.tu_fifo_read
                0x100070ae       0x42 CMakeFiles/Cyclometer.dir/C_/Users/gjmontagner/.pico-sdk/sdk/1.5.1/lib/tinyusb/src/common/tusb_fifo.c.obj
                0x100070ae                tu_fifo_read
 .text.tu_fifo_read_n
                0x100070f0        0xa CMakeFiles/Cyclometer.dir/C_/Users/gjmontagner/.pico-sdk/sdk/1.5.1/lib/tinyusb/src/common/tusb_fifo.c.obj
                0x100070f0                tu_fifo_read_n
 .text.tu_fifo_write
                0x100070fa       0x64 CMakeFiles/Cyclometer.dir/C_/Users/gjmontagner/.pico-sdk/sdk/1.5.1/lib/tinyusb/src/common/tusb_fifo.c.obj
                0x100070fa                tu_fifo_write
 .text.tu_fifo_write_n
                0x1000715e        0xa CMakeFiles/Cyclometer.dir/C_/Users/gjmontagner/.pico-sdk/sdk/1.5.1/lib/tinyusb/src/common/tusb_fifo.c.obj
                0x1000715e                tu_fifo_write_n
 .text.tu_fifo_clear
                0x10007168       0x3e CMakeFiles/Cyclometer.dir/C_/Users/gjmontagner/.pico-sdk/sdk/1.5.1/lib/tinyusb/src/common/tusb_fifo.c.obj
                0x10007168                tu_fifo_clear
 .text.tu_fifo_set_overwritable
                0x100071a6       0x46 CMakeFiles/Cyclometer.dir/C_/Users/gjmontagner/.pico-sdk/sdk/1.5.1/lib/tinyusb/src/common/tusb_fifo.c.obj
                0x100071a6                tu_fifo_set_overwritable
 .text.i2c_write_blocking_internal
                0x100071ec      0x146 CMakeFiles/Cyclometer.dir/C_/Users/gjmontagner/.pico-sdk/sdk/1.5.1/src/rp2_common/hardware_i2c/i2c.c.obj
 .text.i2c_read_blocking_internal
                0x10007332       0xe6 CMakeFiles/Cyclometer.dir/C_/Users/gjmontagner/.pico-sdk/sdk/1.5.1/src/rp2_common/hardware_i2c/i2c.c.obj
 .text.i2c_set_baudrate
                0x10007418       0xf0 CMakeFiles/Cyclometer.dir/C_/Users/gjmontagner/.pico-sdk/sdk/1.5.1/src/rp2_common/hardware_i2c/i2c.c.obj
                0x10007418                i2c_set_baudrate
 .text.i2c_init
                0x10007508       0x58 CMakeFiles/Cyclometer.dir/C_/Users/gjmontagner/.pico-sdk/sdk/1.5.1/src/rp2_common/hardware_i2c/i2c.c.obj
                0x10007508                i2c_init
 .text.i2c_write_blocking
                0x10007560       0x18 CMakeFiles/Cyclometer.dir/C_/Users/gjmontagner/.pico-sdk/sdk/1.5.1/src/rp2_common/hardware_i2c/i2c.c.obj
                0x10007560                i2c_write_blocking
 .text.i2c_read_blocking
                0x10007578       0x18 CMakeFiles/Cyclometer.dir/C_/Users/gjmontagner/.pico-sdk/sdk/1.5.1/src/rp2_common/hardware_i2c/i2c.c.obj
                0x10007578                i2c_read_blocking
 .text.pio_get_default_sm_config
                0x10007590       0x28 CMakeFiles/Cyclometer.dir/C_/Users/gjmontagner/.pico-sdk/sdk/1.5.1/src/rp2_common/hardware_pio/pio.c.obj
 .text._pio_can_add_program_at_offset
                0x100075b8       0x3c CMakeFiles/Cyclometer.dir/C_/Users/gjmontagner/.pico-sdk/sdk/1.5.1/src/rp2_common/hardware_pio/pio.c.obj
 .text._pio_find_offset_for_program
                0x100075f4       0x7c CMakeFiles/Cyclometer.dir/C_/Users/gjmontagner/.pico-sdk/sdk/1.5.1/src/rp2_common/hardware_pio/pio.c.obj
 .text._pio_add_program_at_offset
                0x10007670       0x7c CMakeFiles/Cyclometer.dir/C_/Users/gjmontagner/.pico-sdk/sdk/1.5.1/src/rp2_common/hardware_pio/pio.c.obj
 .text.pio_sm_unclaim
                0x100076ec       0x20 CMakeFiles/Cyclometer.dir/C_/Users/gjmontagner/.pico-sdk/sdk/1.5.1/src/rp2_common/hardware_pio/pio.c.obj
                0x100076ec                pio_sm_unclaim
 .text.pio_claim_unused_sm
                0x1000770c       0x3c CMakeFiles/Cyclometer.dir/C_/Users/gjmontagner/.pico-sdk/sdk/1.5.1/src/rp2_common/hardware_pio/pio.c.obj
                0x1000770c                pio_claim_unused_sm
 .text.pio_can_add_program
                0x10007748       0x26 CMakeFiles/Cyclometer.dir/C_/Users/gjmontagner/.pico-sdk/sdk/1.5.1/src/rp2_common/hardware_pio/pio.c.obj
                0x10007748                pio_can_add_program
 *fill*         0x1000776e        0x2 
 .text.pio_add_program
                0x10007770       0x38 CMakeFiles/Cyclometer.dir/C_/Users/gjmontagner/.pico-sdk/sdk/1.5.1/src/rp2_common/hardware_pio/pio.c.obj
                0x10007770                pio_add_program
 .text.pio_remove_program
                0x100077a8       0x58 CMakeFiles/Cyclometer.dir/C_/Users/gjmontagner/.pico-sdk/sdk/1.5.1/src/rp2_common/hardware_pio/pio.c.obj
                0x100077a8                pio_remove_program
 .text.pio_sm_set_pindirs_with_mask
                0x10007800       0x9c CMakeFiles/Cyclometer.dir/C_/Users/gjmontagner/.pico-sdk/sdk/1.5.1/src/rp2_common/hardware_pio/pio.c.obj
                0x10007800                pio_sm_set_pindirs_with_mask
 .text.pio_sm_set_consecutive_pindirs
                0x1000789c       0xa4 CMakeFiles/Cyclometer.dir/C_/Users/gjmontagner/.pico-sdk/sdk/1.5.1/src/rp2_common/hardware_pio/pio.c.obj
                0x1000789c                pio_sm_set_consecutive_pindirs
 .text.pio_sm_init
                0x10007940       0xb0 CMakeFiles/Cyclometer.dir/C_/Users/gjmontagner/.pico-sdk/sdk/1.5.1/src/rp2_common/hardware_pio/pio.c.obj
                0x10007940                pio_sm_init
 .text.valid_datetime
                0x100079f0       0x5a CMakeFiles/Cyclometer.dir/C_/Users/gjmontagner/.pico-sdk/sdk/1.5.1/src/rp2_common/hardware_rtc/rtc.c.obj
 *fill*         0x10007a4a        0x2 
 .text.rtc_running
                0x10007a4c       0x10 CMakeFiles/Cyclometer.dir/C_/Users/gjmontagner/.pico-sdk/sdk/1.5.1/src/rp2_common/hardware_rtc/rtc.c.obj
                0x10007a4c                rtc_running
 .text.rtc_init
                0x10007a5c       0x6c CMakeFiles/Cyclometer.dir/C_/Users/gjmontagner/.pico-sdk/sdk/1.5.1/src/rp2_common/hardware_rtc/rtc.c.obj
                0x10007a5c                rtc_init
 .text.rtc_set_datetime
                0x10007ac8       0x68 CMakeFiles/Cyclometer.dir/C_/Users/gjmontagner/.pico-sdk/sdk/1.5.1/src/rp2_common/hardware_rtc/rtc.c.obj
                0x10007ac8                rtc_set_datetime
 .text.rtc_get_datetime
                0x10007b30       0x4c CMakeFiles/Cyclometer.dir/C_/Users/gjmontagner/.pico-sdk/sdk/1.5.1/src/rp2_common/hardware_rtc/rtc.c.obj
                0x10007b30                rtc_get_datetime
 .text.cyw43_arch_set_async_context
                0x10007b7c        0xc CMakeFiles/Cyclometer.dir/C_/Users/gjmontagner/.pico-sdk/sdk/1.5.1/src/rp2_common/pico_cyw43_arch/cyw43_arch.c.obj
                0x10007b7c                cyw43_arch_set_async_context
 .text.cyw43_arch_gpio_put
                0x10007b88       0x14 CMakeFiles/Cyclometer.dir/C_/Users/gjmontagner/.pico-sdk/sdk/1.5.1/src/rp2_common/pico_cyw43_arch/cyw43_arch.c.obj
                0x10007b88                cyw43_arch_gpio_put
 .text.cyw43_arch_async_context
                0x10007b9c        0xc CMakeFiles/Cyclometer.dir/C_/Users/gjmontagner/.pico-sdk/sdk/1.5.1/src/rp2_common/pico_cyw43_arch/cyw43_arch.c.obj
                0x10007b9c                cyw43_arch_async_context
 .text.cyw43_arch_init_default_async_context
                0x10007ba8       0x20 CMakeFiles/Cyclometer.dir/C_/Users/gjmontagner/.pico-sdk/sdk/1.5.1/src/rp2_common/pico_cyw43_arch/cyw43_arch_threadsafe_background.c.obj
                0x10007ba8                cyw43_arch_init_default_async_context
 .text.cyw43_arch_deinit
                0x10007bc8       0x28 CMakeFiles/Cyclometer.dir/C_/Users/gjmontagner/.pico-sdk/sdk/1.5.1/src/rp2_common/pico_cyw43_arch/cyw43_arch_threadsafe_background.c.obj
                0x10007bc8                cyw43_arch_deinit
 .text.cyw43_arch_init
                0x10007bf0       0x36 CMakeFiles/Cyclometer.dir/C_/Users/gjmontagner/.pico-sdk/sdk/1.5.1/src/rp2_common/pico_cyw43_arch/cyw43_arch_threadsafe_background.c.obj
                0x10007bf0                cyw43_arch_init
 .text.pio_get_default_sm_config
                0x10007c26       0x28 CMakeFiles/Cyclometer.dir/C_/Users/gjmontagner/.pico-sdk/sdk/1.5.1/src/rp2_common/pico_cyw43_driver/cyw43_bus_pio_spi.c.obj
 *fill*         0x10007c4e        0x2 
 .text.spi_gap01_sample0_program_get_default_config
                0x10007c50       0x3c CMakeFiles/Cyclometer.dir/C_/Users/gjmontagner/.pico-sdk/sdk/1.5.1/src/rp2_common/pico_cyw43_driver/cyw43_bus_pio_spi.c.obj
 .text.cs_set   0x10007c8c       0x1c CMakeFiles/Cyclometer.dir/C_/Users/gjmontagner/.pico-sdk/sdk/1.5.1/src/rp2_common/pico_cyw43_driver/cyw43_bus_pio_spi.c.obj
 .text.channel_config_set_chain_to
                0x10007ca8       0x30 CMakeFiles/Cyclometer.dir/C_/Users/gjmontagner/.pico-sdk/sdk/1.5.1/src/rp2_common/pico_cyw43_driver/cyw43_bus_pio_spi.c.obj
 .text.dma_channel_get_default_config
                0x10007cd8       0x74 CMakeFiles/Cyclometer.dir/C_/Users/gjmontagner/.pico-sdk/sdk/1.5.1/src/rp2_common/pico_cyw43_driver/cyw43_bus_pio_spi.c.obj
 .text.channel_config_set_dreq
                0x10007d4c       0x30 CMakeFiles/Cyclometer.dir/C_/Users/gjmontagner/.pico-sdk/sdk/1.5.1/src/rp2_common/pico_cyw43_driver/cyw43_bus_pio_spi.c.obj
 .text.start_spi_comms
                0x10007d7c       0x2c CMakeFiles/Cyclometer.dir/C_/Users/gjmontagner/.pico-sdk/sdk/1.5.1/src/rp2_common/pico_cyw43_driver/cyw43_bus_pio_spi.c.obj
 .text.ns_delay
                0x10007da8       0x20 CMakeFiles/Cyclometer.dir/C_/Users/gjmontagner/.pico-sdk/sdk/1.5.1/src/rp2_common/pico_cyw43_driver/cyw43_bus_pio_spi.c.obj
 .text.stop_spi_comms
                0x10007dc8       0x10 CMakeFiles/Cyclometer.dir/C_/Users/gjmontagner/.pico-sdk/sdk/1.5.1/src/rp2_common/pico_cyw43_driver/cyw43_bus_pio_spi.c.obj
 .text.cyw43_spi_deinit
                0x10007dd8       0x74 CMakeFiles/Cyclometer.dir/C_/Users/gjmontagner/.pico-sdk/sdk/1.5.1/src/rp2_common/pico_cyw43_driver/cyw43_bus_pio_spi.c.obj
                0x10007dd8                cyw43_spi_deinit
 .text.cyw43_spi_init
                0x10007e4c      0x234 CMakeFiles/Cyclometer.dir/C_/Users/gjmontagner/.pico-sdk/sdk/1.5.1/src/rp2_common/pico_cyw43_driver/cyw43_bus_pio_spi.c.obj
                0x10007e4c                cyw43_spi_init
 .text.cyw43_spi_transfer
                0x10008080      0x568 CMakeFiles/Cyclometer.dir/C_/Users/gjmontagner/.pico-sdk/sdk/1.5.1/src/rp2_common/pico_cyw43_driver/cyw43_bus_pio_spi.c.obj
                0x10008080                cyw43_spi_transfer
 .text._cyw43_read_reg
                0x100085e8       0x50 CMakeFiles/Cyclometer.dir/C_/Users/gjmontagner/.pico-sdk/sdk/1.5.1/src/rp2_common/pico_cyw43_driver/cyw43_bus_pio_spi.c.obj
 .text._cyw43_write_reg
                0x10008638       0x58 CMakeFiles/Cyclometer.dir/C_/Users/gjmontagner/.pico-sdk/sdk/1.5.1/src/rp2_common/pico_cyw43_driver/cyw43_bus_pio_spi.c.obj
 .text.cyw43_spi_gpio_setup
                0x10008690       0x3a CMakeFiles/Cyclometer.dir/C_/Users/gjmontagner/.pico-sdk/sdk/1.5.1/src/rp2_common/pico_cyw43_driver/cyw43_bus_pio_spi.c.obj
                0x10008690                cyw43_spi_gpio_setup
 .text.cyw43_spi_reset
                0x100086ca       0x28 CMakeFiles/Cyclometer.dir/C_/Users/gjmontagner/.pico-sdk/sdk/1.5.1/src/rp2_common/pico_cyw43_driver/cyw43_bus_pio_spi.c.obj
                0x100086ca                cyw43_spi_reset
 *fill*         0x100086f2        0x2 
 .text.read_reg_u32_swap
                0x100086f4       0x68 CMakeFiles/Cyclometer.dir/C_/Users/gjmontagner/.pico-sdk/sdk/1.5.1/src/rp2_common/pico_cyw43_driver/cyw43_bus_pio_spi.c.obj
                0x100086f4                read_reg_u32_swap
 .text.cyw43_read_reg_u32
                0x1000875c        0xa CMakeFiles/Cyclometer.dir/C_/Users/gjmontagner/.pico-sdk/sdk/1.5.1/src/rp2_common/pico_cyw43_driver/cyw43_bus_pio_spi.c.obj
                0x1000875c                cyw43_read_reg_u32
 .text.cyw43_read_reg_u16
                0x10008766        0xa CMakeFiles/Cyclometer.dir/C_/Users/gjmontagner/.pico-sdk/sdk/1.5.1/src/rp2_common/pico_cyw43_driver/cyw43_bus_pio_spi.c.obj
                0x10008766                cyw43_read_reg_u16
 .text.cyw43_read_reg_u8
                0x10008770        0xa CMakeFiles/Cyclometer.dir/C_/Users/gjmontagner/.pico-sdk/sdk/1.5.1/src/rp2_common/pico_cyw43_driver/cyw43_bus_pio_spi.c.obj
                0x10008770                cyw43_read_reg_u8
 *fill*         0x1000877a        0x2 
 .text.write_reg_u32_swap
                0x1000877c       0x34 CMakeFiles/Cyclometer.dir/C_/Users/gjmontagner/.pico-sdk/sdk/1.5.1/src/rp2_common/pico_cyw43_driver/cyw43_bus_pio_spi.c.obj
                0x1000877c                write_reg_u32_swap
 .text.cyw43_write_reg_u32
                0x100087b0       0x10 CMakeFiles/Cyclometer.dir/C_/Users/gjmontagner/.pico-sdk/sdk/1.5.1/src/rp2_common/pico_cyw43_driver/cyw43_bus_pio_spi.c.obj
                0x100087b0                cyw43_write_reg_u32
 .text.cyw43_write_reg_u16
                0x100087c0       0x10 CMakeFiles/Cyclometer.dir/C_/Users/gjmontagner/.pico-sdk/sdk/1.5.1/src/rp2_common/pico_cyw43_driver/cyw43_bus_pio_spi.c.obj
                0x100087c0                cyw43_write_reg_u16
 .text.cyw43_write_reg_u8
                0x100087d0       0x10 CMakeFiles/Cyclometer.dir/C_/Users/gjmontagner/.pico-sdk/sdk/1.5.1/src/rp2_common/pico_cyw43_driver/cyw43_bus_pio_spi.c.obj
                0x100087d0                cyw43_write_reg_u8
 .text.cyw43_read_bytes
                0x100087e0       0xfc CMakeFiles/Cyclometer.dir/C_/Users/gjmontagner/.pico-sdk/sdk/1.5.1/src/rp2_common/pico_cyw43_driver/cyw43_bus_pio_spi.c.obj
                0x100087e0                cyw43_read_bytes
 .text.cyw43_write_bytes
                0x100088dc      0x124 CMakeFiles/Cyclometer.dir/C_/Users/gjmontagner/.pico-sdk/sdk/1.5.1/src/rp2_common/pico_cyw43_driver/cyw43_bus_pio_spi.c.obj
                0x100088dc                cyw43_write_bytes
 .text.get_core_address
                0x10008a00       0x1c CMakeFiles/Cyclometer.dir/C_/Users/gjmontagner/.pico-sdk/sdk/1.5.1/lib/cyw43-driver/src/cyw43_ll.c.obj
 .text.sdpcm_process_rx_packet
                0x10008a1c      0x180 CMakeFiles/Cyclometer.dir/C_/Users/gjmontagner/.pico-sdk/sdk/1.5.1/lib/cyw43-driver/src/cyw43_ll.c.obj
 .text.cyw43_ll_wifi_parse_scan_result
                0x10008b9c       0x9c CMakeFiles/Cyclometer.dir/C_/Users/gjmontagner/.pico-sdk/sdk/1.5.1/lib/cyw43-driver/src/cyw43_ll.c.obj
 .text.cyw43_ll_parse_async_event
                0x10008c38       0x8a CMakeFiles/Cyclometer.dir/C_/Users/gjmontagner/.pico-sdk/sdk/1.5.1/lib/cyw43-driver/src/cyw43_ll.c.obj
 *fill*         0x10008cc2        0x2 
 .text.cyw43_kso_set
                0x10008cc4       0x98 CMakeFiles/Cyclometer.dir/C_/Users/gjmontagner/.pico-sdk/sdk/1.5.1/lib/cyw43-driver/src/cyw43_ll.c.obj
 .text.cyw43_ll_bus_sleep_helper
                0x10008d5c        0xe CMakeFiles/Cyclometer.dir/C_/Users/gjmontagner/.pico-sdk/sdk/1.5.1/lib/cyw43-driver/src/cyw43_ll.c.obj
 *fill*         0x10008d6a        0x2 
 .text.cyw43_read_reg
                0x10008d6c       0x48 CMakeFiles/Cyclometer.dir/C_/Users/gjmontagner/.pico-sdk/sdk/1.5.1/lib/cyw43-driver/src/cyw43_ll.c.obj
 .text.cyw43_write_reg
                0x10008db4       0x4c CMakeFiles/Cyclometer.dir/C_/Users/gjmontagner/.pico-sdk/sdk/1.5.1/lib/cyw43-driver/src/cyw43_ll.c.obj
 .text.cyw43_set_backplane_window
                0x10008e00       0x78 CMakeFiles/Cyclometer.dir/C_/Users/gjmontagner/.pico-sdk/sdk/1.5.1/lib/cyw43-driver/src/cyw43_ll.c.obj
 .text.cyw43_read_backplane
                0x10008e78       0x30 CMakeFiles/Cyclometer.dir/C_/Users/gjmontagner/.pico-sdk/sdk/1.5.1/lib/cyw43-driver/src/cyw43_ll.c.obj
 .text.disable_device_core
                0x10008ea8       0x3c CMakeFiles/Cyclometer.dir/C_/Users/gjmontagner/.pico-sdk/sdk/1.5.1/lib/cyw43-driver/src/cyw43_ll.c.obj
 .text.device_core_is_up
                0x10008ee4       0x4c CMakeFiles/Cyclometer.dir/C_/Users/gjmontagner/.pico-sdk/sdk/1.5.1/lib/cyw43-driver/src/cyw43_ll.c.obj
 .text.cyw43_write_backplane
                0x10008f30       0x34 CMakeFiles/Cyclometer.dir/C_/Users/gjmontagner/.pico-sdk/sdk/1.5.1/lib/cyw43-driver/src/cyw43_ll.c.obj
 .text.reset_device_core
                0x10008f64       0x74 CMakeFiles/Cyclometer.dir/C_/Users/gjmontagner/.pico-sdk/sdk/1.5.1/lib/cyw43-driver/src/cyw43_ll.c.obj
 .text.cyw43_download_resource
                0x10008fd8      0x17c CMakeFiles/Cyclometer.dir/C_/Users/gjmontagner/.pico-sdk/sdk/1.5.1/lib/cyw43-driver/src/cyw43_ll.c.obj
 .text.cyw43_ll_init
                0x10009154       0x20 CMakeFiles/Cyclometer.dir/C_/Users/gjmontagner/.pico-sdk/sdk/1.5.1/lib/cyw43-driver/src/cyw43_ll.c.obj
                0x10009154                cyw43_ll_init
 .text.cyw43_ll_deinit
                0x10009174        0x8 CMakeFiles/Cyclometer.dir/C_/Users/gjmontagner/.pico-sdk/sdk/1.5.1/lib/cyw43-driver/src/cyw43_ll.c.obj
                0x10009174                cyw43_ll_deinit
 .text.cyw43_ll_bus_sleep
                0x1000917c       0x34 CMakeFiles/Cyclometer.dir/C_/Users/gjmontagner/.pico-sdk/sdk/1.5.1/lib/cyw43-driver/src/cyw43_ll.c.obj
                0x1000917c                cyw43_ll_bus_sleep
 .text.cyw43_ll_sdpcm_poll_device
                0x100091b0      0x158 CMakeFiles/Cyclometer.dir/C_/Users/gjmontagner/.pico-sdk/sdk/1.5.1/lib/cyw43-driver/src/cyw43_ll.c.obj
 .text.cyw43_ll_process_packets
                0x10009308       0x5c CMakeFiles/Cyclometer.dir/C_/Users/gjmontagner/.pico-sdk/sdk/1.5.1/lib/cyw43-driver/src/cyw43_ll.c.obj
                0x10009308                cyw43_ll_process_packets
 .text.cyw43_sdpcm_send_common
                0x10009364      0x104 CMakeFiles/Cyclometer.dir/C_/Users/gjmontagner/.pico-sdk/sdk/1.5.1/lib/cyw43-driver/src/cyw43_ll.c.obj
 .text.cyw43_send_ioctl
                0x10009468       0x56 CMakeFiles/Cyclometer.dir/C_/Users/gjmontagner/.pico-sdk/sdk/1.5.1/lib/cyw43-driver/src/cyw43_ll.c.obj
 *fill*         0x100094be        0x2 
 .text.cyw43_do_ioctl
                0x100094c0       0xc0 CMakeFiles/Cyclometer.dir/C_/Users/gjmontagner/.pico-sdk/sdk/1.5.1/lib/cyw43-driver/src/cyw43_ll.c.obj
 .text.cyw43_ll_ioctl
                0x10009580       0x1e CMakeFiles/Cyclometer.dir/C_/Users/gjmontagner/.pico-sdk/sdk/1.5.1/lib/cyw43-driver/src/cyw43_ll.c.obj
                0x10009580                cyw43_ll_ioctl
 *fill*         0x1000959e        0x2 
 .text.cyw43_clm_load
                0x100095a0       0xdc CMakeFiles/Cyclometer.dir/C_/Users/gjmontagner/.pico-sdk/sdk/1.5.1/lib/cyw43-driver/src/cyw43_ll.c.obj
 .text.cyw43_write_iovar_u32
                0x1000967c       0x60 CMakeFiles/Cyclometer.dir/C_/Users/gjmontagner/.pico-sdk/sdk/1.5.1/lib/cyw43-driver/src/cyw43_ll.c.obj
 .text.cyw43_write_iovar_n
                0x100096dc       0x50 CMakeFiles/Cyclometer.dir/C_/Users/gjmontagner/.pico-sdk/sdk/1.5.1/lib/cyw43-driver/src/cyw43_ll.c.obj
 .text.cyw43_set_ioctl_u32
                0x1000972c       0x30 CMakeFiles/Cyclometer.dir/C_/Users/gjmontagner/.pico-sdk/sdk/1.5.1/lib/cyw43-driver/src/cyw43_ll.c.obj
 .text.cyw43_write_iovar_u32_u32
                0x1000975c       0x74 CMakeFiles/Cyclometer.dir/C_/Users/gjmontagner/.pico-sdk/sdk/1.5.1/lib/cyw43-driver/src/cyw43_ll.c.obj
 .text.cyw43_ll_wifi_get_mac
                0x100097d0       0x44 CMakeFiles/Cyclometer.dir/C_/Users/gjmontagner/.pico-sdk/sdk/1.5.1/lib/cyw43-driver/src/cyw43_ll.c.obj
                0x100097d0                cyw43_ll_wifi_get_mac
 .text.cyw43_ll_bus_init
                0x10009814      0x360 CMakeFiles/Cyclometer.dir/C_/Users/gjmontagner/.pico-sdk/sdk/1.5.1/lib/cyw43-driver/src/cyw43_ll.c.obj
                0x10009814                cyw43_ll_bus_init
 .text.cyw43_ll_wifi_set_wpa_auth
                0x10009b74        0xe CMakeFiles/Cyclometer.dir/C_/Users/gjmontagner/.pico-sdk/sdk/1.5.1/lib/cyw43-driver/src/cyw43_ll.c.obj
                0x10009b74                cyw43_ll_wifi_set_wpa_auth
 *fill*         0x10009b82        0x2 
 .text.cyw43_ll_wifi_rejoin
                0x10009b84       0x20 CMakeFiles/Cyclometer.dir/C_/Users/gjmontagner/.pico-sdk/sdk/1.5.1/lib/cyw43-driver/src/cyw43_ll.c.obj
                0x10009b84                cyw43_ll_wifi_rejoin
 .text.cyw43_ll_gpio_set
                0x10009ba4       0x30 CMakeFiles/Cyclometer.dir/C_/Users/gjmontagner/.pico-sdk/sdk/1.5.1/lib/cyw43-driver/src/cyw43_ll.c.obj
                0x10009ba4                cyw43_ll_gpio_set
 .text.cyw43_ll_has_work
                0x10009bd4       0x12 CMakeFiles/Cyclometer.dir/C_/Users/gjmontagner/.pico-sdk/sdk/1.5.1/lib/cyw43-driver/src/cyw43_ll.c.obj
                0x10009bd4                cyw43_ll_has_work
 .text.to_ms_since_boot
                0x10009be6       0x1c CMakeFiles/Cyclometer.dir/C_/Users/gjmontagner/.pico-sdk/sdk/1.5.1/lib/cyw43-driver/src/cyw43_ctrl.c.obj
 *fill*         0x10009c02        0x2 
 .text.update_us_since_boot
                0x10009c04       0x24 CMakeFiles/Cyclometer.dir/C_/Users/gjmontagner/.pico-sdk/sdk/1.5.1/lib/cyw43-driver/src/cyw43_ctrl.c.obj
 .text.cyw43_poll_func
                0x10009c28       0xac CMakeFiles/Cyclometer.dir/C_/Users/gjmontagner/.pico-sdk/sdk/1.5.1/lib/cyw43-driver/src/cyw43_ctrl.c.obj
 .text.get_absolute_time
                0x10009cd4       0x22 CMakeFiles/Cyclometer.dir/C_/Users/gjmontagner/.pico-sdk/sdk/1.5.1/lib/cyw43-driver/src/cyw43_ctrl.c.obj
 .text.cyw43_hal_ticks_ms
                0x10009cf6       0x16 CMakeFiles/Cyclometer.dir/C_/Users/gjmontagner/.pico-sdk/sdk/1.5.1/lib/cyw43-driver/src/cyw43_ctrl.c.obj
 .text.cyw43_dump_async_event
                0x10009d0c       0x58 CMakeFiles/Cyclometer.dir/C_/Users/gjmontagner/.pico-sdk/sdk/1.5.1/lib/cyw43-driver/src/cyw43_ctrl.c.obj
 .text.cyw43_ensure_up
                0x10009d64       0xec CMakeFiles/Cyclometer.dir/C_/Users/gjmontagner/.pico-sdk/sdk/1.5.1/lib/cyw43-driver/src/cyw43_ctrl.c.obj
 .text.cyw43_init
                0x10009e50       0x8c CMakeFiles/Cyclometer.dir/C_/Users/gjmontagner/.pico-sdk/sdk/1.5.1/lib/cyw43-driver/src/cyw43_ctrl.c.obj
                0x10009e50                cyw43_init
 .text.cyw43_deinit
                0x10009edc       0x3c CMakeFiles/Cyclometer.dir/C_/Users/gjmontagner/.pico-sdk/sdk/1.5.1/lib/cyw43-driver/src/cyw43_ctrl.c.obj
                0x10009edc                cyw43_deinit
 .text.cyw43_cb_read_host_interrupt_pin
                0x10009f18        0xe CMakeFiles/Cyclometer.dir/C_/Users/gjmontagner/.pico-sdk/sdk/1.5.1/lib/cyw43-driver/src/cyw43_ctrl.c.obj
                0x10009f18                cyw43_cb_read_host_interrupt_pin
 *fill*         0x10009f26        0x2 
 .text.cyw43_cb_ensure_awake
                0x10009f28        0xc CMakeFiles/Cyclometer.dir/C_/Users/gjmontagner/.pico-sdk/sdk/1.5.1/lib/cyw43-driver/src/cyw43_ctrl.c.obj
                0x10009f28                cyw43_cb_ensure_awake
 .text.cyw43_cb_process_async_event
                0x10009f34      0x1ac CMakeFiles/Cyclometer.dir/C_/Users/gjmontagner/.pico-sdk/sdk/1.5.1/lib/cyw43-driver/src/cyw43_ctrl.c.obj
                0x10009f34                cyw43_cb_process_async_event
 .text.cyw43_gpio_set
                0x1000a0e0       0x30 CMakeFiles/Cyclometer.dir/C_/Users/gjmontagner/.pico-sdk/sdk/1.5.1/lib/cyw43-driver/src/cyw43_ctrl.c.obj
                0x1000a0e0                cyw43_gpio_set
 .text.dma_channel_unclaim
                0x1000a110       0x14 CMakeFiles/Cyclometer.dir/C_/Users/gjmontagner/.pico-sdk/sdk/1.5.1/src/rp2_common/hardware_dma/dma.c.obj
                0x1000a110                dma_channel_unclaim
 .text.dma_claim_unused_channel
                0x1000a124       0x24 CMakeFiles/Cyclometer.dir/C_/Users/gjmontagner/.pico-sdk/sdk/1.5.1/src/rp2_common/hardware_dma/dma.c.obj
                0x1000a124                dma_claim_unused_channel
 .text.dma_channel_cleanup
                0x1000a148       0x5c CMakeFiles/Cyclometer.dir/C_/Users/gjmontagner/.pico-sdk/sdk/1.5.1/src/rp2_common/hardware_dma/dma.c.obj