Archive member included to satisfy reference by file (symbol)

C:/Users/gjmontagner/.pico-sdk/toolchain/13_3_Rel1/bin/../lib/gcc/arm-none-eabi/13.3.1/thumb/v6-m/nofp\libgcc.a(_dvmd_tls.o)
                              CMakeFiles/Cyclometer.dir/C_/Users/gjmontagner/.pico-sdk/sdk/1.5.1/src/rp2_common/pico_divider/divider.S.obj (__aeabi_idiv0)
C:/Users/gjmontagner/.pico-sdk/toolchain/13_3_Rel1/bin/../lib/gcc/arm-none-eabi/13.3.1/thumb/v6-m/nofp\libg.a(libc_a-calloc.o)
                              CMakeFiles/Cyclometer.dir/C_/Users/gjmontagner/.pico-sdk/sdk/1.5.1/src/rp2_common/pico_malloc/pico_malloc.c.obj (calloc)
C:/Users/gjmontagner/.pico-sdk/toolchain/13_3_Rel1/bin/../lib/gcc/arm-none-eabi/13.3.1/thumb/v6-m/nofp\libg.a(libc_a-callocr.o)
                              C:/Users/gjmontagner/.pico-sdk/toolchain/13_3_Rel1/bin/../lib/gcc/arm-none-eabi/13.3.1/thumb/v6-m/nofp\libg.a(libc_a-calloc.o) (_calloc_r)
C:/Users/gjmontagner/.pico-sdk/toolchain/13_3_Rel1/bin/../lib/gcc/arm-none-eabi/13.3.1/thumb/v6-m/nofp\libg.a(libc_a-malloc.o)
                              CMakeFiles/Cyclometer.dir/C_/Users/gjmontagner/.pico-sdk/sdk/1.5.1/src/rp2_common/pico_malloc/pico_malloc.c.obj (malloc)
C:/Users/gjmontagner/.pico-sdk/toolchain/13_3_Rel1/bin/../lib/gcc/arm-none-eabi/13.3.1/thumb/v6-m/nofp\libg.a(libc_a-mallocr.o)
                              C:/Users/gjmontagner/.pico-sdk/toolchain/13_3_Rel1/bin/../lib/gcc/arm-none-eabi/13.3.1/thumb/v6-m/nofp\libg.a(libc_a-callocr.o) (_malloc_r)
C:/Users/gjmontagner/.pico-sdk/toolchain/13_3_Rel1/bin/../lib/gcc/arm-none-eabi/13.3.1/thumb/v6-m/nofp\libg.a(libc_a-mlock.o)
                              C:/Users/gjmontagner/.pico-sdk/toolchain/13_3_Rel1/bin/../lib/gcc/arm-none-eabi/13.3.1/thumb/v6-m/nofp\libg.a(libc_a-mallocr.o) (__malloc_lock)
C:/Users/gjmontagner/.pico-sdk/toolchain/13_3_Rel1/bin/../lib/gcc/arm-none-eabi/13.3.1/thumb/v6-m/nofp\libg.a(libc_a-realloc.o)
                              CMakeFiles/Cyclometer.dir/C_/Users/gjmontagner/.pico-sdk/sdk/1.5.1/src/rp2_common/pico_malloc/pico_malloc.c.obj (realloc)
C:/Users/gjmontagner/.pico-sdk/toolchain/13_3_Rel1/bin/../lib/gcc/arm-none-eabi/13.3.1/thumb/v6-m/nofp\libg.a(libc_a-reallocr.o)
                              C:/Users/gjmontagner/.pico-sdk/toolchain/13_3_Rel1/bin/../lib/gcc/arm-none-eabi/13.3.1/thumb/v6-m/nofp\libg.a(libc_a-realloc.o) (_realloc_r)
C:/Users/gjmontagner/.pico-sdk/toolchain/13_3_Rel1/bin/../lib/gcc/arm-none-eabi/13.3.1/thumb/v6-m/nofp\libg.a(libc_a-memcmp.o)
                              CMakeFiles/Cyclometer.dir/C_/Users/gjmontagner/.pico-sdk/sdk/1.5.1/lib/cyw43-driver/src/cyw43_ll.c.obj (memcmp)
C:/Users/gjmontagner/.pico-sdk/toolchain/13_3_Rel1/bin/../lib/gcc/arm-none-eabi/13.3.1/thumb/v6-m/nofp\libg.a(libc_a-memmove.o)
                              CMakeFiles/Cyclometer.dir/C_/Users/gjmontagner/.pico-sdk/sdk/1.5.1/lib/cyw43-driver/src/cyw43_ll.c.obj (memmove)
C:/Users/gjmontagner/.pico-sdk/toolchain/13_3_Rel1/bin/../lib/gcc/arm-none-eabi/13.3.1/thumb/v6-m/nofp\libg.a(libc_a-strncmp.o)
                              CMakeFiles/Cyclometer.dir/C_/Users/gjmontagner/.pico-sdk/sdk/1.5.1/lib/cyw43-driver/src/cyw43_ll.c.obj (strncmp)
C:/Users/gjmontagner/.pico-sdk/toolchain/13_3_Rel1/bin/../lib/gcc/arm-none-eabi/13.3.1/thumb/v6-m/nofp\libg.a(libc_a-impure.o)
                              C:/Users/gjmontagner/.pico-sdk/toolchain/13_3_Rel1/bin/../lib/gcc/arm-none-eabi/13.3.1/thumb/v6-m/nofp\libg.a(libc_a-calloc.o) (_impure_ptr)
C:/Users/gjmontagner/.pico-sdk/toolchain/13_3_Rel1/bin/../lib/gcc/arm-none-eabi/13.3.1/thumb/v6-m/nofp\libg.a(libc_a-sbrkr.o)
                              C:/Users/gjmontagner/.pico-sdk/toolchain/13_3_Rel1/bin/../lib/gcc/arm-none-eabi/13.3.1/thumb/v6-m/nofp\libg.a(libc_a-mallocr.o) (_sbrk_r)
C:/Users/gjmontagner/.pico-sdk/toolchain/13_3_Rel1/bin/../lib/gcc/arm-none-eabi/13.3.1/thumb/v6-m/nofp\libg.a(libc_a-errno.o)
                              C:/Users/gjmontagner/.pico-sdk/toolchain/13_3_Rel1/bin/../lib/gcc/arm-none-eabi/13.3.1/thumb/v6-m/nofp\libg.a(libc_a-callocr.o) (__errno)
C:/Users/gjmontagner/.pico-sdk/toolchain/13_3_Rel1/bin/../lib/gcc/arm-none-eabi/13.3.1/thumb/v6-m/nofp\libg.a(libc_a-init.o)
                              C:/Users/gjmontagner/.pico-sdk/toolchain/13_3_Rel1/bin/../lib/gcc/arm-none-eabi/13.3.1/thumb/v6-m/nofp/crt0.o (__libc_init_array)
C:/Users/gjmontagner/.pico-sdk/toolchain/13_3_Rel1/bin/../lib/gcc/arm-none-eabi/13.3.1/thumb/v6-m/nofp\libg.a(libc_a-lock.o)
                              C:/Users/gjmontagner/.pico-sdk/toolchain/13_3_Rel1/bin/../lib/gcc/arm-none-eabi/13.3.1/thumb/v6-m/nofp\libg.a(libc_a-mlock.o) (__retarget_lock_acquire_recursive)
C:/Users/gjmontagner/.pico-sdk/toolchain/13_3_Rel1/bin/../lib/gcc/arm-none-eabi/13.3.1/thumb/v6-m/nofp\libg.a(libc_a-sysconf.o)
                              C:/Users/gjmontagner/.pico-sdk/toolchain/13_3_Rel1/bin/../lib/gcc/arm-none-eabi/13.3.1/thumb/v6-m/nofp\libg.a(libc_a-mallocr.o) (sysconf)
[...]
Memory Configuration

Name             Origin             Length             Attributes
FLASH            0x10000000         0x00200000         xr
RAM              0x20000000         0x00040000         xrw
SCRATCH_X        0x20040000         0x00001000         xrw
SCRATCH_Y        0x20041000         0x00001000         xrw
*default*        0x00000000         0xffffffff

Linker script and memory map

LOAD C:/Users/gjmontagner/.pico-sdk/toolchain/13_3_Rel1/bin/../lib/gcc/arm-none-eabi/13.3.1/thumb/v6-m/nofp/crti.o
LOAD C:/Users/gjmontagner/.pico-sdk/toolchain/13_3_Rel1/bin/../lib/gcc/arm-none-eabi/13.3.1/thumb/v6-m/nofp/crtbegin.o
LOAD C:/Users/gjmontagner/.pico-sdk/toolchain/13_3_Rel1/bin/../lib/gcc/arm-none-eabi/13.3.1/thumb/v6-m/nofp/crt0.o

.flash_begin    0x10000000        0x0
                0x10000000                        __flash_binary_start = .

.boot2          0x10000000      0x100
                0x10000000                        __boot2_start__ = .
 *(.boot2)
 .boot2         0x10000000      0x100 C:\Users\GJMONT~1\AppData\Local\Temp\cclP5XWi.o
                0x10000100                        __boot2_end__ = .
                0x00000001                        ASSERT (((__boot2_end__ - __boot2_start__) == 0x100), ERROR: Pico second stage bootloader must be 256 bytes in size)

.text           0x10000100     0xaef8
                0x10000100                        __logical_binary_start = .
 *(.vectors)
 .vectors       0x10000100       0xd4 CMakeFiles/Cyclometer.dir/C_/Users/gjmontagner/.pico-sdk/sdk/1.5.1/src/rp2_common/pico_standard_link/crt0.S.obj
                0x10000100                __VECTOR_TABLE
                0x10000100                __vectors
                0x100001c0                isr_invalid
                0x100001c0                __default_isrs_start
                0x100001c2                isr_nmi
                0x100001c4                isr_hardfault
                0x100001c6                isr_svcall
                0x100001c8                isr_pendsv
                0x100001ca                isr_systick
                0x100001cc                isr_irq23
                0x100001cc                isr_irq18
                0x100001cc                isr_irq11
                0x100001cc                isr_irq28
                0x100001cc                isr_irq19
                0x100001cc                isr_irq0
                0x100001cc                isr_irq6
                0x100001cc                isr_irq5
                0x100001cc                isr_irq12
                0x100001cc                isr_irq22
                0x100001cc                isr_irq31
                0x100001cc                isr_irq17
                0x100001cc                isr_irq27
                0x100001cc                isr_irq30
                0x100001cc                isr_irq2
                0x100001cc                isr_irq10
                0x100001cc                isr_irq8
                0x100001cc                isr_irq24
                0x100001cc                isr_irq1
                0x100001cc                isr_irq7
                0x100001cc                isr_irq21
                0x100001cc                isr_irq20
                0x100001cc                isr_irq15
                0x100001cc                isr_irq25
                0x100001cc                isr_irq13
                0x100001cc                __unhandled_user_irq
                0x100001cc                isr_irq4
                0x100001cc                isr_irq16
                0x100001cc                isr_irq29
                0x100001cc                isr_irq26
                0x100001cc                __default_isrs_end
                0x100001cc                isr_irq3
                0x100001cc                isr_irq14
                0x100001cc                isr_irq9
                0x100001d2                unhandled_user_irq_num_in_r0
 *(.binary_info_header)
 .binary_info_header
                0x100001d4       0x14 CMakeFiles/Cyclometer.dir/C_/Users/gjmontagner/.pico-sdk/sdk/1.5.1/src/rp2_common/pico_standard_link/crt0.S.obj
                0x100001e8                        __binary_info_header_end = .
 *(.reset)
 .reset         0x100001e8       0xa0 CMakeFiles/Cyclometer.dir/C_/Users/gjmontagner/.pico-sdk/sdk/1.5.1/src/rp2_common/pico_standard_link/crt0.S.obj
                0x100001e8                _entry_point
 .reset         0x10000288       0x30 CMakeFiles/Cyclometer.dir/C_/Users/gjmontagner/.pico-sdk/sdk/1.5.1/src/rp2_common/pico_standard_link/binary_info.c.obj
 *(.init)
 .init          0x100002b8        0x4 C:/Users/gjmontagner/.pico-sdk/toolchain/13_3_Rel1/bin/../lib/gcc/arm-none-eabi/13.3.1/thumb/v6-m/nofp/crti.o
                0x100002b8                _init
 *(EXCLUDE_FILE(*libm.a: *libc.a:*lib_a-mem*.o *libgcc.a:) .text*)
 .text.register_tm_clones
                0x100002bc       0x28 C:/Users/gjmontagner/.pico-sdk/toolchain/13_3_Rel1/bin/../lib/gcc/arm-none-eabi/13.3.1/thumb/v6-m/nofp/crtbegin.o
 .text.frame_dummy
                0x100002e4       0x24 C:/Users/gjmontagner/.pico-sdk/toolchain/13_3_Rel1/bin/../lib/gcc/arm-none-eabi/13.3.1/thumb/v6-m/nofp/crtbegin.o
 .text.pwm_set_chan_level
                0x10000308       0x40 CMakeFiles/Cyclometer.dir/main_cyclometer.c.obj
 .text.sm_config_set_clkdiv
                0x10000348       0x3c CMakeFiles/Cyclometer.dir/main_cyclometer.c.obj
 .text.pio_get_default_sm_config
                0x10000384       0x28 CMakeFiles/Cyclometer.dir/main_cyclometer.c.obj
 .text.quadrature_encoder_program_get_default_config
                0x100003ac       0x28 CMakeFiles/Cyclometer.dir/main_cyclometer.c.obj
 .text.quadrature_encoder_get_count
                0x100003d4       0x30 CMakeFiles/Cyclometer.dir/main_cyclometer.c.obj
 .text.pwm_irq_handler
                0x10000404       0x98 CMakeFiles/Cyclometer.dir/main_cyclometer.c.obj
                0x10000404                pwm_irq_handler
 .text.update_us_since_boot
                0x1000049c       0x24 CMakeFiles/Cyclometer.dir/main_cyclometer.c.obj
 .text.delayed_by_ms
                0x100004c0       0x44 CMakeFiles/Cyclometer.dir/main_cyclometer.c.obj
 .text.add_repeating_timer_ms
                0x10000504       0x3c CMakeFiles/Cyclometer.dir/main_cyclometer.c.obj
 .text.quadrature_encoder_program_init
                0x10000540       0xe8 CMakeFiles/Cyclometer.dir/main_cyclometer.c.obj
 .text.get_absolute_time
                0x10000628       0x22 CMakeFiles/Cyclometer.dir/main_cyclometer.c.obj
 .text.alarm_pool_add_alarm_in_ms
                0x1000064a       0x3e CMakeFiles/Cyclometer.dir/main_cyclometer.c.obj
 .text.add_alarm_in_ms
                0x10000688       0x20 CMakeFiles/Cyclometer.dir/main_cyclometer.c.obj
 .text.execute_tacho_read
                0x100006a8       0x50 CMakeFiles/Cyclometer.dir/main_cyclometer.c.obj
                0x100006a8                execute_tacho_read
 .text.set_RGB_leds
                0x100006f8       0xcc CMakeFiles/Cyclometer.dir/main_cyclometer.c.obj
                0x100006f8                set_RGB_leds
 .text.setup_pwm_r
                0x100007c4       0x74 CMakeFiles/Cyclometer.dir/main_cyclometer.c.obj
                0x100007c4                setup_pwm_r
 .text.setup_pwm_g
                0x10000838       0x60 CMakeFiles/Cyclometer.dir/main_cyclometer.c.obj
                0x10000838                setup_pwm_g
 .text.mpu9250_write_byte
                0x10000898       0x24 CMakeFiles/Cyclometer.dir/main_cyclometer.c.obj
                0x10000898                mpu9250_write_byte
 .text.mpu9250_read_bytes
                0x100008bc       0x34 CMakeFiles/Cyclometer.dir/main_cyclometer.c.obj
                0x100008bc                mpu9250_read_bytes
 .text.mpu9250_init
                0x100008f0       0x1c CMakeFiles/Cyclometer.dir/main_cyclometer.c.obj
                0x100008f0                mpu9250_init
 .text.read_accel_gyro
                0x1000090c       0x40 CMakeFiles/Cyclometer.dir/main_cyclometer.c.obj
                0x1000090c                read_accel_gyro
 .text.read_magnetometer
                0x1000094c       0x4c CMakeFiles/Cyclometer.dir/main_cyclometer.c.obj
                0x1000094c                read_magnetometer
 .text.repeating_timer_callback
                0x10000998       0x50 CMakeFiles/Cyclometer.dir/main_cyclometer.c.obj
                0x10000998                repeating_timer_callback
 .text.pico_led_init
                0x100009e8        0x8 CMakeFiles/Cyclometer.dir/main_cyclometer.c.obj
                0x100009e8                pico_led_init
 .text.pico_set_led
                0x100009f0        0xc CMakeFiles/Cyclometer.dir/main_cyclometer.c.obj
                0x100009f0                pico_set_led
 .text.acquisition_finalized_callback
                0x100009fc       0x24 CMakeFiles/Cyclometer.dir/main_cyclometer.c.obj
                0x100009fc                acquisition_finalized_callback
 .text.main     0x10000a20      0x1e8 CMakeFiles/Cyclometer.dir/main_cyclometer.c.obj
                0x10000a20                main
 .text.gpio_set_function
                0x10000c08       0x30 CMakeFiles/Cyclometer.dir/C_/Users/gjmontagner/.pico-sdk/sdk/1.5.1/src/rp2_common/hardware_gpio/gpio.c.obj
                0x10000c08                gpio_set_function
 .text.gpio_set_pulls
                0x10000c38       0x34 CMakeFiles/Cyclometer.dir/C_/Users/gjmontagner/.pico-sdk/sdk/1.5.1/src/rp2_common/hardware_gpio/gpio.c.obj
                0x10000c38                gpio_set_pulls
 .text.gpio_set_input_hysteresis_enabled
                0x10000c6c       0x30 CMakeFiles/Cyclometer.dir/C_/Users/gjmontagner/.pico-sdk/sdk/1.5.1/src/rp2_common/hardware_gpio/gpio.c.obj
                0x10000c6c                gpio_set_input_hysteresis_enabled
 .text.gpio_add_raw_irq_handler_with_order_priority_masked
                0x10000c9c       0x40 CMakeFiles/Cyclometer.dir/C_/Users/gjmontagner/.pico-sdk/sdk/1.5.1/src/rp2_common/hardware_gpio/gpio.c.obj
                0x10000c9c                gpio_add_raw_irq_handler_with_order_priority_masked
 .text.gpio_remove_raw_irq_handler_masked
                0x10000cdc       0x48 CMakeFiles/Cyclometer.dir/C_/Users/gjmontagner/.pico-sdk/sdk/1.5.1/src/rp2_common/hardware_gpio/gpio.c.obj
                0x10000cdc                gpio_remove_raw_irq_handler_masked
 .text.gpio_acknowledge_irq
                0x10000d24       0x18 CMakeFiles/Cyclometer.dir/C_/Users/gjmontagner/.pico-sdk/sdk/1.5.1/src/rp2_common/hardware_gpio/gpio.c.obj
                0x10000d24                gpio_acknowledge_irq
 .text._gpio_set_irq_enabled
                0x10000d3c       0x34 CMakeFiles/Cyclometer.dir/C_/Users/gjmontagner/.pico-sdk/sdk/1.5.1/src/rp2_common/hardware_gpio/gpio.c.obj
 .text.gpio_set_irq_enabled
                0x10000d70       0x20 CMakeFiles/Cyclometer.dir/C_/Users/gjmontagner/.pico-sdk/sdk/1.5.1/src/rp2_common/hardware_gpio/gpio.c.obj
                0x10000d70                gpio_set_irq_enabled
 .text.gpio_init
                0x10000d90       0x16 CMakeFiles/Cyclometer.dir/C_/Users/gjmontagner/.pico-sdk/sdk/1.5.1/src/rp2_common/hardware_gpio/gpio.c.obj
                0x10000d90                gpio_init
 *fill*         0x10000da6        0x2 
 .text.running_on_fpga
                0x10000da8       0x14 CMakeFiles/Cyclometer.dir/C_/Users/gjmontagner/.pico-sdk/sdk/1.5.1/src/rp2_common/pico_platform/platform.c.obj
                0x10000da8                running_on_fpga
 .text.hw_claim_lock
                0x10000dbc       0x18 CMakeFiles/Cyclometer.dir/C_/Users/gjmontagner/.pico-sdk/sdk/1.5.1/src/rp2_common/hardware_claim/claim.c.obj
                0x10000dbc                hw_claim_lock
 .text.hw_claim_unlock
                0x10000dd4       0x14 CMakeFiles/Cyclometer.dir/C_/Users/gjmontagner/.pico-sdk/sdk/1.5.1/src/rp2_common/hardware_claim/claim.c.obj
                0x10000dd4                hw_claim_unlock
 .text.hw_claim_or_assert
                0x10000de8       0x32 CMakeFiles/Cyclometer.dir/C_/Users/gjmontagner/.pico-sdk/sdk/1.5.1/src/rp2_common/hardware_claim/claim.c.obj
                0x10000de8                hw_claim_or_assert
 .text.hw_claim_unused_from_range
                0x10000e1a       0x50 CMakeFiles/Cyclometer.dir/C_/Users/gjmontagner/.pico-sdk/sdk/1.5.1/src/rp2_common/hardware_claim/claim.c.obj
                0x10000e1a                hw_claim_unused_from_range
 *fill*         0x10000e6a        0x2 
 .text.hw_claim_clear
                0x10000e6c       0x40 CMakeFiles/Cyclometer.dir/C_/Users/gjmontagner/.pico-sdk/sdk/1.5.1/src/rp2_common/hardware_claim/claim.c.obj
                0x10000e6c                hw_claim_clear
 .text.spin_locks_reset
                0x10000eac       0x20 CMakeFiles/Cyclometer.dir/C_/Users/gjmontagner/.pico-sdk/sdk/1.5.1/src/rp2_common/hardware_sync/sync.c.obj
                0x10000eac                spin_locks_reset
 .text.next_striped_spin_lock_num
                0x10000ecc       0x1c CMakeFiles/Cyclometer.dir/C_/Users/gjmontagner/.pico-sdk/sdk/1.5.1/src/rp2_common/hardware_sync/sync.c.obj
                0x10000ecc                next_striped_spin_lock_num
 .text.spin_lock_claim_unused
                0x10000ee8       0x24 CMakeFiles/Cyclometer.dir/C_/Users/gjmontagner/.pico-sdk/sdk/1.5.1/src/rp2_common/hardware_sync/sync.c.obj
                0x10000ee8                spin_lock_claim_unused
 .text.set_raw_irq_handler_and_unlock
                0x10000f0c       0x28 CMakeFiles/Cyclometer.dir/C_/Users/gjmontagner/.pico-sdk/sdk/1.5.1/src/rp2_common/hardware_irq/irq.c.obj
 .text.get_user_irq_claim_index
                0x10000f34        0x6 CMakeFiles/Cyclometer.dir/C_/Users/gjmontagner/.pico-sdk/sdk/1.5.1/src/rp2_common/hardware_irq/irq.c.obj
 *fill*         0x10000f3a        0x2 
 .text.resolve_branch
                0x10000f3c       0x30 CMakeFiles/Cyclometer.dir/C_/Users/gjmontagner/.pico-sdk/sdk/1.5.1/src/rp2_common/hardware_irq/irq.c.obj
 .text.make_branch
                0x10000f6c       0x48 CMakeFiles/Cyclometer.dir/C_/Users/gjmontagner/.pico-sdk/sdk/1.5.1/src/rp2_common/hardware_irq/irq.c.obj
 .text.insert_branch_and_link
                0x10000fb4       0x40 CMakeFiles/Cyclometer.dir/C_/Users/gjmontagner/.pico-sdk/sdk/1.5.1/src/rp2_common/hardware_irq/irq.c.obj
 .text.irq_is_enabled
                0x10000ff4       0x18 CMakeFiles/Cyclometer.dir/C_/Users/gjmontagner/.pico-sdk/sdk/1.5.1/src/rp2_common/hardware_irq/irq.c.obj
                0x10000ff4                irq_is_enabled
 .text.irq_set_mask_enabled
                0x1000100c       0x20 CMakeFiles/Cyclometer.dir/C_/Users/gjmontagner/.pico-sdk/sdk/1.5.1/src/rp2_common/hardware_irq/irq.c.obj
                0x1000100c                irq_set_mask_enabled
 .text.irq_set_enabled
                0x1000102c        0xe CMakeFiles/Cyclometer.dir/C_/Users/gjmontagner/.pico-sdk/sdk/1.5.1/src/rp2_common/hardware_irq/irq.c.obj
                0x1000102c                irq_set_enabled
 *fill*         0x1000103a        0x2 
 .text.irq_set_pending
                0x1000103c       0x10 CMakeFiles/Cyclometer.dir/C_/Users/gjmontagner/.pico-sdk/sdk/1.5.1/src/rp2_common/hardware_irq/irq.c.obj
                0x1000103c                irq_set_pending
 .text.irq_get_vtable_handler
                0x1000104c       0x10 CMakeFiles/Cyclometer.dir/C_/Users/gjmontagner/.pico-sdk/sdk/1.5.1/src/rp2_common/hardware_irq/irq.c.obj
                0x1000104c                irq_get_vtable_handler
 .text.irq_has_shared_handler
                0x1000105c       0x24 CMakeFiles/Cyclometer.dir/C_/Users/gjmontagner/.pico-sdk/sdk/1.5.1/src/rp2_common/hardware_irq/irq.c.obj
                0x1000105c                irq_has_shared_handler
 .text.irq_set_exclusive_handler
                0x10001080       0x54 CMakeFiles/Cyclometer.dir/C_/Users/gjmontagner/.pico-sdk/sdk/1.5.1/src/rp2_common/hardware_irq/irq.c.obj
                0x10001080                irq_set_exclusive_handler
 .text.irq_add_shared_handler
                0x100010d4      0x210 CMakeFiles/Cyclometer.dir/C_/Users/gjmontagner/.pico-sdk/sdk/1.5.1/src/rp2_common/hardware_irq/irq.c.obj
                0x100010d4                irq_add_shared_handler
 .text.irq_remove_handler
                0x100012e4      0x188 CMakeFiles/Cyclometer.dir/C_/Users/gjmontagner/.pico-sdk/sdk/1.5.1/src/rp2_common/hardware_irq/irq.c.obj
                0x100012e4                irq_remove_handler
 .text.irq_set_priority
                0x1000146c       0x28 CMakeFiles/Cyclometer.dir/C_/Users/gjmontagner/.pico-sdk/sdk/1.5.1/src/rp2_common/hardware_irq/irq.c.obj
                0x1000146c                irq_set_priority
 .text.irq_add_tail_to_free_list
                0x10001494       0xf0 CMakeFiles/Cyclometer.dir/C_/Users/gjmontagner/.pico-sdk/sdk/1.5.1/src/rp2_common/hardware_irq/irq.c.obj
                0x10001494                irq_add_tail_to_free_list
 .text.irq_init_priorities
                0x10001584       0x1c CMakeFiles/Cyclometer.dir/C_/Users/gjmontagner/.pico-sdk/sdk/1.5.1/src/rp2_common/hardware_irq/irq.c.obj
                0x10001584                irq_init_priorities
 .text.user_irq_unclaim
                0x100015a0       0x18 CMakeFiles/Cyclometer.dir/C_/Users/gjmontagner/.pico-sdk/sdk/1.5.1/src/rp2_common/hardware_irq/irq.c.obj
                0x100015a0                user_irq_unclaim
 .text.user_irq_claim_unused
                0x100015b8       0x2c CMakeFiles/Cyclometer.dir/C_/Users/gjmontagner/.pico-sdk/sdk/1.5.1/src/rp2_common/hardware_irq/irq.c.obj
                0x100015b8                user_irq_claim_unused
 .text.sem_init
                0x100015e4       0x1e CMakeFiles/Cyclometer.dir/C_/Users/gjmontagner/.pico-sdk/sdk/1.5.1/src/common/pico_sync/sem.c.obj
                0x100015e4                sem_init
 *fill*         0x10001602        0x2 
 .text.lock_init
                0x10001604       0x10 CMakeFiles/Cyclometer.dir/C_/Users/gjmontagner/.pico-sdk/sdk/1.5.1/src/common/pico_sync/lock_core.c.obj
                0x10001604                lock_init
 .text.update_us_since_boot
                0x10001614       0x24 CMakeFiles/Cyclometer.dir/C_/Users/gjmontagner/.pico-sdk/sdk/1.5.1/src/common/pico_sync/mutex.c.obj
 .text.delayed_by_ms
                0x10001638       0x44 CMakeFiles/Cyclometer.dir/C_/Users/gjmontagner/.pico-sdk/sdk/1.5.1/src/common/pico_sync/mutex.c.obj
 .text.get_absolute_time
                0x1000167c       0x22 CMakeFiles/Cyclometer.dir/C_/Users/gjmontagner/.pico-sdk/sdk/1.5.1/src/common/pico_sync/mutex.c.obj
 .text.make_timeout_time_ms
                0x1000169e       0x20 CMakeFiles/Cyclometer.dir/C_/Users/gjmontagner/.pico-sdk/sdk/1.5.1/src/common/pico_sync/mutex.c.obj
 .text.mutex_init
                0x100016be       0x1a CMakeFiles/Cyclometer.dir/C_/Users/gjmontagner/.pico-sdk/sdk/1.5.1/src/common/pico_sync/mutex.c.obj
                0x100016be                mutex_init
 .text.recursive_mutex_init
                0x100016d8       0x1e CMakeFiles/Cyclometer.dir/C_/Users/gjmontagner/.pico-sdk/sdk/1.5.1/src/common/pico_sync/mutex.c.obj
                0x100016d8                recursive_mutex_init
 *fill*         0x100016f6        0x2 
 .text.critical_section_init_with_lock_num
                0x100016f8       0x14 CMakeFiles/Cyclometer.dir/C_/Users/gjmontagner/.pico-sdk/sdk/1.5.1/src/common/pico_sync/critical_section.c.obj
                0x100016f8                critical_section_init_with_lock_num
 .text.critical_section_init
                0x1000170c       0x14 CMakeFiles/Cyclometer.dir/C_/Users/gjmontagner/.pico-sdk/sdk/1.5.1/src/common/pico_sync/critical_section.c.obj
                0x1000170c                critical_section_init
 .text.time_reached
                0x10001720       0x28 CMakeFiles/Cyclometer.dir/C_/Users/gjmontagner/.pico-sdk/sdk/1.5.1/src/common/pico_time/time.c.obj
 .text.get_entry
                0x10001748       0x38 CMakeFiles/Cyclometer.dir/C_/Users/gjmontagner/.pico-sdk/sdk/1.5.1/src/common/pico_time/time.c.obj
 .text.timer_pool_entry_comparator
                0x10001780       0x2e CMakeFiles/Cyclometer.dir/C_/Users/gjmontagner/.pico-sdk/sdk/1.5.1/src/common/pico_time/time.c.obj
                0x10001780                timer_pool_entry_comparator
 *fill*         0x100017ae        0x2 
 .text.update_us_since_boot
                0x100017b0       0x24 CMakeFiles/Cyclometer.dir/C_/Users/gjmontagner/.pico-sdk/sdk/1.5.1/src/common/pico_time/time.c.obj
 .text.delayed_by_us
                0x100017d4       0x34 CMakeFiles/Cyclometer.dir/C_/Users/gjmontagner/.pico-sdk/sdk/1.5.1/src/common/pico_time/time.c.obj
 .text.ph_get_node
                0x10001808       0x30 CMakeFiles/Cyclometer.dir/C_/Users/gjmontagner/.pico-sdk/sdk/1.5.1/src/common/pico_time/time.c.obj
 .text.ph_contains_node
                0x10001838       0x1e CMakeFiles/Cyclometer.dir/C_/Users/gjmontagner/.pico-sdk/sdk/1.5.1/src/common/pico_time/time.c.obj
 .text.ph_new_node
                0x10001856       0x28 CMakeFiles/Cyclometer.dir/C_/Users/gjmontagner/.pico-sdk/sdk/1.5.1/src/common/pico_time/time.c.obj
 *fill*         0x1000187e        0x2 
 .text.ph_add_child_node
                0x10001880       0x6c CMakeFiles/Cyclometer.dir/C_/Users/gjmontagner/.pico-sdk/sdk/1.5.1/src/common/pico_time/time.c.obj
 .text.ph_merge_nodes
                0x100018ec       0x3e CMakeFiles/Cyclometer.dir/C_/Users/gjmontagner/.pico-sdk/sdk/1.5.1/src/common/pico_time/time.c.obj
 *fill*         0x1000192a        0x2 
 .text.ph_insert_node
                0x1000192c       0x3c CMakeFiles/Cyclometer.dir/C_/Users/gjmontagner/.pico-sdk/sdk/1.5.1/src/common/pico_time/time.c.obj
 .text.ph_free_node
                0x10001968       0x5c CMakeFiles/Cyclometer.dir/C_/Users/gjmontagner/.pico-sdk/sdk/1.5.1/src/common/pico_time/time.c.obj
 .text.get_entry_id_high
                0x100019c4       0x30 CMakeFiles/Cyclometer.dir/C_/Users/gjmontagner/.pico-sdk/sdk/1.5.1/src/common/pico_time/time.c.obj
 .text.repeating_timer_callback
                0x100019f4       0x40 CMakeFiles/Cyclometer.dir/C_/Users/gjmontagner/.pico-sdk/sdk/1.5.1/src/common/pico_time/time.c.obj
 .text.alarm_pool_post_alloc_init
                0x10001a34       0x40 CMakeFiles/Cyclometer.dir/C_/Users/gjmontagner/.pico-sdk/sdk/1.5.1/src/common/pico_time/time.c.obj
 .text.sleep_until_callback
                0x10001a74       0x30 CMakeFiles/Cyclometer.dir/C_/Users/gjmontagner/.pico-sdk/sdk/1.5.1/src/common/pico_time/time.c.obj
 .text.get_absolute_time
                0x10001aa4       0x22 CMakeFiles/Cyclometer.dir/C_/Users/gjmontagner/.pico-sdk/sdk/1.5.1/src/common/pico_time/time.c.obj
 .text.make_timeout_time_us
                0x10001ac6       0x24 CMakeFiles/Cyclometer.dir/C_/Users/gjmontagner/.pico-sdk/sdk/1.5.1/src/common/pico_time/time.c.obj
 *fill*         0x10001aea        0x2 
 .text.add_alarm_under_lock
                0x10001aec       0x94 CMakeFiles/Cyclometer.dir/C_/Users/gjmontagner/.pico-sdk/sdk/1.5.1/src/common/pico_time/time.c.obj
 .text.alarm_pool_alarm_callback
                0x10001b80      0x210 CMakeFiles/Cyclometer.dir/C_/Users/gjmontagner/.pico-sdk/sdk/1.5.1/src/common/pico_time/time.c.obj
 .text.alarm_pool_init_default
                0x10001d90       0x40 CMakeFiles/Cyclometer.dir/C_/Users/gjmontagner/.pico-sdk/sdk/1.5.1/src/common/pico_time/time.c.obj
                0x10001d90                alarm_pool_init_default
 .text.alarm_pool_get_default
                0x10001dd0       0x2c CMakeFiles/Cyclometer.dir/C_/Users/gjmontagner/.pico-sdk/sdk/1.5.1/src/common/pico_time/time.c.obj
                0x10001dd0                alarm_pool_get_default
 .text.alarm_pool_add_alarm_at
                0x10001dfc      0x10e CMakeFiles/Cyclometer.dir/C_/Users/gjmontagner/.pico-sdk/sdk/1.5.1/src/common/pico_time/time.c.obj
                0x10001dfc                alarm_pool_add_alarm_at
 .text.add_alarm_at
                0x10001f0a       0x2e CMakeFiles/Cyclometer.dir/C_/Users/gjmontagner/.pico-sdk/sdk/1.5.1/src/common/pico_time/time.c.obj
 .text.alarm_pool_cancel_alarm
                0x10001f38       0xa8 CMakeFiles/Cyclometer.dir/C_/Users/gjmontagner/.pico-sdk/sdk/1.5.1/src/common/pico_time/time.c.obj
                0x10001f38                alarm_pool_cancel_alarm
 .text.cancel_alarm
                0x10001fe0       0x10 CMakeFiles/Cyclometer.dir/C_/Users/gjmontagner/.pico-sdk/sdk/1.5.1/src/common/pico_time/time.c.obj
 .text.alarm_pool_core_num
                0x10001ff0        0x4 CMakeFiles/Cyclometer.dir/C_/Users/gjmontagner/.pico-sdk/sdk/1.5.1/src/common/pico_time/time.c.obj
                0x10001ff0                alarm_pool_core_num
 .text.alarm_pool_add_repeating_timer_us
                0x10001ff4       0x5c CMakeFiles/Cyclometer.dir/C_/Users/gjmontagner/.pico-sdk/sdk/1.5.1/src/common/pico_time/time.c.obj
                0x10001ff4                alarm_pool_add_repeating_timer_us
 .text.sleep_until
                0x10002050       0xb0 CMakeFiles/Cyclometer.dir/C_/Users/gjmontagner/.pico-sdk/sdk/1.5.1/src/common/pico_time/time.c.obj
                0x10002050                sleep_until
 .text.sleep_us
                0x10002100       0x1a CMakeFiles/Cyclometer.dir/C_/Users/gjmontagner/.pico-sdk/sdk/1.5.1/src/common/pico_time/time.c.obj
                0x10002100                sleep_us
 .text.sleep_ms
                0x1000211a       0x14 CMakeFiles/Cyclometer.dir/C_/Users/gjmontagner/.pico-sdk/sdk/1.5.1/src/common/pico_time/time.c.obj
                0x1000211a                sleep_ms
 *fill*         0x1000212e        0x2 
 .text.best_effort_wfe_or_timeout
                0x10002130       0x44 CMakeFiles/Cyclometer.dir/C_/Users/gjmontagner/.pico-sdk/sdk/1.5.1/src/common/pico_time/time.c.obj
                0x10002130                best_effort_wfe_or_timeout
 .text.hardware_alarm_irq_handler
                0x10002174       0x8c CMakeFiles/Cyclometer.dir/C_/Users/gjmontagner/.pico-sdk/sdk/1.5.1/src/rp2_common/hardware_timer/timer.c.obj
 .text.hardware_alarm_claim
                0x10002200       0x18 CMakeFiles/Cyclometer.dir/C_/Users/gjmontagner/.pico-sdk/sdk/1.5.1/src/rp2_common/hardware_timer/timer.c.obj
                0x10002200                hardware_alarm_claim
 .text.time_us_64
                0x10002218       0x18 CMakeFiles/Cyclometer.dir/C_/Users/gjmontagner/.pico-sdk/sdk/1.5.1/src/rp2_common/hardware_timer/timer.c.obj
                0x10002218                time_us_64
 .text.busy_wait_until
                0x10002230       0x28 CMakeFiles/Cyclometer.dir/C_/Users/gjmontagner/.pico-sdk/sdk/1.5.1/src/rp2_common/hardware_timer/timer.c.obj
                0x10002230                busy_wait_until
 .text.hardware_alarm_set_callback
                0x10002258       0x90 CMakeFiles/Cyclometer.dir/C_/Users/gjmontagner/.pico-sdk/sdk/1.5.1/src/rp2_common/hardware_timer/timer.c.obj
                0x10002258                hardware_alarm_set_callback
 .text.hardware_alarm_set_target
                0x100022e8       0xe8 CMakeFiles/Cyclometer.dir/C_/Users/gjmontagner/.pico-sdk/sdk/1.5.1/src/rp2_common/hardware_timer/timer.c.obj
                0x100022e8                hardware_alarm_set_target
 .text.hardware_alarm_cancel
                0x100023d0       0x40 CMakeFiles/Cyclometer.dir/C_/Users/gjmontagner/.pico-sdk/sdk/1.5.1/src/rp2_common/hardware_timer/timer.c.obj
                0x100023d0                hardware_alarm_cancel
 .text.datetime_to_str
                0x10002410       0x68 CMakeFiles/Cyclometer.dir/C_/Users/gjmontagner/.pico-sdk/sdk/1.5.1/src/common/pico_util/datetime.c.obj
                0x10002410                datetime_to_str
 .text.ph_get_node
                0x10002478       0x30 CMakeFiles/Cyclometer.dir/C_/Users/gjmontagner/.pico-sdk/sdk/1.5.1/src/common/pico_util/pheap.c.obj
 .text.ph_add_child_node
                0x100024a8       0x6c CMakeFiles/Cyclometer.dir/C_/Users/gjmontagner/.pico-sdk/sdk/1.5.1/src/common/pico_util/pheap.c.obj
 .text.ph_merge_nodes
                0x10002514       0x3e CMakeFiles/Cyclometer.dir/C_/Users/gjmontagner/.pico-sdk/sdk/1.5.1/src/common/pico_util/pheap.c.obj
 .text.ph_clear
                0x10002552       0x34 CMakeFiles/Cyclometer.dir/C_/Users/gjmontagner/.pico-sdk/sdk/1.5.1/src/common/pico_util/pheap.c.obj
                0x10002552                ph_clear
 .text.ph_post_alloc_init
                0x10002586        0xe CMakeFiles/Cyclometer.dir/C_/Users/gjmontagner/.pico-sdk/sdk/1.5.1/src/common/pico_util/pheap.c.obj
                0x10002586                ph_post_alloc_init
 .text.ph_merge_two_pass
                0x10002594       0x5c CMakeFiles/Cyclometer.dir/C_/Users/gjmontagner/.pico-sdk/sdk/1.5.1/src/common/pico_util/pheap.c.obj
                0x10002594                ph_merge_two_pass
 .text.ph_remove_any_head
                0x100025f0       0xc0 CMakeFiles/Cyclometer.dir/C_/Users/gjmontagner/.pico-sdk/sdk/1.5.1/src/common/pico_util/pheap.c.obj
 .text.ph_remove_head
                0x100026b0       0x14 CMakeFiles/Cyclometer.dir/C_/Users/gjmontagner/.pico-sdk/sdk/1.5.1/src/common/pico_util/pheap.c.obj
                0x100026b0                ph_remove_head
 .text.ph_remove_and_free_node
                0x100026c4       0xa0 CMakeFiles/Cyclometer.dir/C_/Users/gjmontagner/.pico-sdk/sdk/1.5.1/src/common/pico_util/pheap.c.obj
                0x100026c4                ph_remove_and_free_node
 .text.clock_configure
                0x10002764      0x108 CMakeFiles/Cyclometer.dir/C_/Users/gjmontagner/.pico-sdk/sdk/1.5.1/src/rp2_common/hardware_clocks/clocks.c.obj
                0x10002764                clock_configure
 .text.clocks_init
                0x1000286c      0x100 CMakeFiles/Cyclometer.dir/C_/Users/gjmontagner/.pico-sdk/sdk/1.5.1/src/rp2_common/hardware_clocks/clocks.c.obj
                0x1000286c                clocks_init
 .text.clock_get_hz
                0x1000296c        0xc CMakeFiles/Cyclometer.dir/C_/Users/gjmontagner/.pico-sdk/sdk/1.5.1/src/rp2_common/hardware_clocks/clocks.c.obj
                0x1000296c                clock_get_hz
 .text.pll_init
                0x10002978      0x120 CMakeFiles/Cyclometer.dir/C_/Users/gjmontagner/.pico-sdk/sdk/1.5.1/src/rp2_common/hardware_pll/pll.c.obj
                0x10002978                pll_init
 .text.watchdog_start_tick
                0x10002a98       0x10 CMakeFiles/Cyclometer.dir/C_/Users/gjmontagner/.pico-sdk/sdk/1.5.1/src/rp2_common/hardware_watchdog/watchdog.c.obj
                0x10002a98                watchdog_start_tick
 .text.watchdog_update
                0x10002aa8       0x14 CMakeFiles/Cyclometer.dir/C_/Users/gjmontagner/.pico-sdk/sdk/1.5.1/src/rp2_common/hardware_watchdog/watchdog.c.obj
                0x10002aa8                watchdog_update
 .text._watchdog_enable
                0x10002abc       0x78 CMakeFiles/Cyclometer.dir/C_/Users/gjmontagner/.pico-sdk/sdk/1.5.1/src/rp2_common/hardware_watchdog/watchdog.c.obj
                0x10002abc                _watchdog_enable
 .text.watchdog_reboot
                0x10002b34       0x48 CMakeFiles/Cyclometer.dir/C_/Users/gjmontagner/.pico-sdk/sdk/1.5.1/src/rp2_common/hardware_watchdog/watchdog.c.obj
                0x10002b34                watchdog_reboot
 .text.xosc_init
                0x10002b7c       0x28 CMakeFiles/Cyclometer.dir/C_/Users/gjmontagner/.pico-sdk/sdk/1.5.1/src/rp2_common/hardware_xosc/xosc.c.obj
                0x10002b7c                xosc_init
 .text._exit    0x10002ba4        0x4 CMakeFiles/Cyclometer.dir/C_/Users/gjmontagner/.pico-sdk/sdk/1.5.1/src/rp2_common/pico_runtime/runtime.c.obj
                0x10002ba4                _exit
 .text.exit     0x10002ba8        0x6 CMakeFiles/Cyclometer.dir/C_/Users/gjmontagner/.pico-sdk/sdk/1.5.1/src/rp2_common/pico_runtime/runtime.c.obj
                0x10002ba8                exit
 *fill*         0x10002bae        0x2 
 .text.__assert_func
                0x10002bb0       0x38 CMakeFiles/Cyclometer.dir/C_/Users/gjmontagner/.pico-sdk/sdk/1.5.1/src/rp2_common/pico_runtime/runtime.c.obj
                0x10002bb0                __assert_func
 .text.runtime_init
                0x10002be8       0xf8 CMakeFiles/Cyclometer.dir/C_/Users/gjmontagner/.pico-sdk/sdk/1.5.1/src/rp2_common/pico_runtime/runtime.c.obj
                0x10002be8                runtime_init
 .text.panic    0x10002ce0       0x30 CMakeFiles/Cyclometer.dir/C_/Users/gjmontagner/.pico-sdk/sdk/1.5.1/src/rp2_common/pico_runtime/runtime.c.obj
                0x10002ce0                panic
 .text.panic_unsupported
                0x10002d10        0xc CMakeFiles/Cyclometer.dir/C_/Users/gjmontagner/.pico-sdk/sdk/1.5.1/src/rp2_common/pico_runtime/runtime.c.obj
                0x10002d10                panic_unsupported
 .text._out_buffer
                0x10002d1c        0x8 CMakeFiles/Cyclometer.dir/C_/Users/gjmontagner/.pico-sdk/sdk/1.5.1/src/rp2_common/pico_printf/printf.c.obj
 .text._out_null
                0x10002d24        0x2 CMakeFiles/Cyclometer.dir/C_/Users/gjmontagner/.pico-sdk/sdk/1.5.1/src/rp2_common/pico_printf/printf.c.obj
 .text._out_fct
                0x10002d26        0xe CMakeFiles/Cyclometer.dir/C_/Users/gjmontagner/.pico-sdk/sdk/1.5.1/src/rp2_common/pico_printf/printf.c.obj
 .text._atoi    0x10002d34       0x24 CMakeFiles/Cyclometer.dir/C_/Users/gjmontagner/.pico-sdk/sdk/1.5.1/src/rp2_common/pico_printf/printf.c.obj
 .text._out_rev
                0x10002d58       0xae CMakeFiles/Cyclometer.dir/C_/Users/gjmontagner/.pico-sdk/sdk/1.5.1/src/rp2_common/pico_printf/printf.c.obj
 .text._ntoa_format
                0x10002e06      0x110 CMakeFiles/Cyclometer.dir/C_/Users/gjmontagner/.pico-sdk/sdk/1.5.1/src/rp2_common/pico_printf/printf.c.obj
 .text._ntoa_long
                0x10002f16       0xbc CMakeFiles/Cyclometer.dir/C_/Users/gjmontagner/.pico-sdk/sdk/1.5.1/src/rp2_common/pico_printf/printf.c.obj
 .text._ntoa_long_long
                0x10002fd2      0x10e CMakeFiles/Cyclometer.dir/C_/Users/gjmontagner/.pico-sdk/sdk/1.5.1/src/rp2_common/pico_printf/printf.c.obj
 .text._etoa    0x100030e0      0x420 CMakeFiles/Cyclometer.dir/C_/Users/gjmontagner/.pico-sdk/sdk/1.5.1/src/rp2_common/pico_printf/printf.c.obj
 .text._ftoa    0x10003500      0x354 CMakeFiles/Cyclometer.dir/C_/Users/gjmontagner/.pico-sdk/sdk/1.5.1/src/rp2_common/pico_printf/printf.c.obj
 .text._vsnprintf
                0x10003854      0x668 CMakeFiles/Cyclometer.dir/C_/Users/gjmontagner/.pico-sdk/sdk/1.5.1/src/rp2_common/pico_printf/printf.c.obj
 .text.__wrap_snprintf
                0x10003ebc       0x28 CMakeFiles/Cyclometer.dir/C_/Users/gjmontagner/.pico-sdk/sdk/1.5.1/src/rp2_common/pico_printf/printf.c.obj
                0x10003ebc                __wrap_snprintf
 .text.vfctprintf
                0x10003ee4       0x20 CMakeFiles/Cyclometer.dir/C_/Users/gjmontagner/.pico-sdk/sdk/1.5.1/src/rp2_common/pico_printf/printf.c.obj
                0x10003ee4                vfctprintf
 .text          0x10003f04       0x10 CMakeFiles/Cyclometer.dir/C_/Users/gjmontagner/.pico-sdk/sdk/1.5.1/src/rp2_common/pico_bit_ops/bit_ops_aeabi.S.obj
 .text.ctzsi    0x10003f14        0xc CMakeFiles/Cyclometer.dir/C_/Users/gjmontagner/.pico-sdk/sdk/1.5.1/src/rp2_common/pico_bit_ops/bit_ops_aeabi.S.obj
                0x10003f14                __wrap___ctzsi2
 .text.rom_func_lookup
                0x10003f20       0x10 CMakeFiles/Cyclometer.dir/C_/Users/gjmontagner/.pico-sdk/sdk/1.5.1/src/rp2_common/pico_bootrom/bootrom.c.obj
                0x10003f20                rom_func_lookup
 .text.rom_data_lookup
                0x10003f30       0x10 CMakeFiles/Cyclometer.dir/C_/Users/gjmontagner/.pico-sdk/sdk/1.5.1/src/rp2_common/pico_bootrom/bootrom.c.obj
                0x10003f30                rom_data_lookup
 .text.rom_funcs_lookup
                0x10003f40       0x36 CMakeFiles/Cyclometer.dir/C_/Users/gjmontagner/.pico-sdk/sdk/1.5.1/src/rp2_common/pico_bootrom/bootrom.c.obj
                0x10003f40                rom_funcs_lookup
 *fill*         0x10003f76        0x2 
 .text.__wrap___aeabi_idiv
                0x10003f78       0x50 CMakeFiles/Cyclometer.dir/C_/Users/gjmontagner/.pico-sdk/sdk/1.5.1/src/rp2_common/pico_divider/divider.S.obj
                0x10003f78                __wrap___aeabi_idivmod
                0x10003f78                divmod_s32s32
                0x10003f78                div_s32s32
                0x10003f78                __wrap___aeabi_idiv
                0x10003f80                divmod_s32s32_unsafe
                0x10003fac                divmod_s32s32_savestate
 .text.__wrap___aeabi_uidiv
                0x10003fc8       0x4c CMakeFiles/Cyclometer.dir/C_/Users/gjmontagner/.pico-sdk/sdk/1.5.1/src/rp2_common/pico_divider/divider.S.obj
                0x10003fc8                __wrap___aeabi_uidiv
                0x10003fc8                __wrap___aeabi_uidivmod
                0x10003fc8                div_u32u32
                0x10003fc8                divmod_u32u32
                0x10003fd0                divmod_u32u32_unsafe
                0x10003ff8                divmod_u32u32_savestate
 .text.__wrap___aeabi_ldiv
                0x10004014      0x424 CMakeFiles/Cyclometer.dir/C_/Users/gjmontagner/.pico-sdk/sdk/1.5.1/src/rp2_common/pico_divider/divider.S.obj
                0x10004014                div_s64s64
                0x10004014                divmod_s64s64
                0x10004014                __wrap___aeabi_ldivmod
                0x10004044                divmod_u64u64
                0x10004044                div_u64u64
                0x10004044                __wrap___aeabi_uldivmod
                0x10004054                divmod_u64u64_savestate
                0x10004074                divmod_s64s64_unsafe
                0x100040fc                divmod_u64u64_unsafe
 .text.__wrap___aeabi_darithmetic
                0x10004438       0x60 CMakeFiles/Cyclometer.dir/C_/Users/gjmontagner/.pico-sdk/sdk/1.5.1/src/rp2_common/pico_double/double_aeabi.S.obj
                0x10004438                __wrap___aeabi_drsub
                0x1000443e                __wrap___aeabi_dsub
                0x10004448                __wrap___aeabi_dadd
                0x10004452                __wrap___aeabi_ddiv
                0x10004486                __wrap___aeabi_dmul
 .text.__wrap___aeabi_cdcmple
                0x10004498       0x6c CMakeFiles/Cyclometer.dir/C_/Users/gjmontagner/.pico-sdk/sdk/1.5.1/src/rp2_common/pico_double/double_aeabi.S.obj
                0x10004498                __wrap___aeabi_cdrcmple
                0x100044a8                __wrap___aeabi_cdcmpeq
                0x100044a8                __wrap___aeabi_cdcmple
 .text.__wrap___aeabi_dcmplt
                0x10004504        0xc CMakeFiles/Cyclometer.dir/C_/Users/gjmontagner/.pico-sdk/sdk/1.5.1/src/rp2_common/pico_double/double_aeabi.S.obj
                0x10004504                __wrap___aeabi_dcmplt
 .text.__wrap___aeabi_dcmple
                0x10004510       0x10 CMakeFiles/Cyclometer.dir/C_/Users/gjmontagner/.pico-sdk/sdk/1.5.1/src/rp2_common/pico_double/double_aeabi.S.obj
                0x10004510                __wrap___aeabi_dcmple
 .text.__wrap___aeabi_dcmpge
                0x10004520       0x10 CMakeFiles/Cyclometer.dir/C_/Users/gjmontagner/.pico-sdk/sdk/1.5.1/src/rp2_common/pico_double/double_aeabi.S.obj
                0x10004520                __wrap___aeabi_dcmpge
 .text.__wrap___aeabi_dcmpgt
                0x10004530        0xa CMakeFiles/Cyclometer.dir/C_/Users/gjmontagner/.pico-sdk/sdk/1.5.1/src/rp2_common/pico_double/double_aeabi.S.obj
                0x10004530                __wrap___aeabi_dcmpgt
 .text.__wrap___aeabi_dcmpun
                0x1000453a       0x1c CMakeFiles/Cyclometer.dir/C_/Users/gjmontagner/.pico-sdk/sdk/1.5.1/src/rp2_common/pico_double/double_aeabi.S.obj
                0x1000453a                __wrap___aeabi_dcmpun
 *fill*         0x10004556        0x2 
 .text.__wrap___aeabi_i2d
                0x10004558       0x38 CMakeFiles/Cyclometer.dir/C_/Users/gjmontagner/.pico-sdk/sdk/1.5.1/src/rp2_common/pico_double/double_aeabi.S.obj
                0x10004558                __wrap___aeabi_ui2d
                0x10004560                __wrap___aeabi_i2d
 .text.__wrap___aeabi_d2iz
                0x10004590       0x48 CMakeFiles/Cyclometer.dir/C_/Users/gjmontagner/.pico-sdk/sdk/1.5.1/src/rp2_common/pico_double/double_aeabi.S.obj
                0x10004590                double2int_z
                0x10004590                __wrap___aeabi_d2iz
 .text.__wrap___aeabi_d2uiz
                0x100045d8       0x10 CMakeFiles/Cyclometer.dir/C_/Users/gjmontagner/.pico-sdk/sdk/1.5.1/src/rp2_common/pico_double/double_aeabi.S.obj
                0x100045d8                __wrap___aeabi_d2uiz
                0x100045d8                double2uint
 .text.missing_double_func_shim
                0x100045e8        0xc CMakeFiles/Cyclometer.dir/C_/Users/gjmontagner/.pico-sdk/sdk/1.5.1/src/rp2_common/pico_double/double_init_rom.c.obj
 .text.__aeabi_double_init
                0x100045f4       0xd0 CMakeFiles/Cyclometer.dir/C_/Users/gjmontagner/.pico-sdk/sdk/1.5.1/src/rp2_common/pico_double/double_init_rom.c.obj
                0x100045f4                __aeabi_double_init
 .text.double_table_shim_on_use_helper
                0x100046c4       0x34 CMakeFiles/Cyclometer.dir/C_/Users/gjmontagner/.pico-sdk/sdk/1.5.1/src/rp2_common/pico_double/double_v1_rom_shim.S.obj
                0x100046c4                double_table_shim_on_use_helper
 .text.__aeabi_lmul
                0x100046f8       0x32 CMakeFiles/Cyclometer.dir/C_/Users/gjmontagner/.pico-sdk/sdk/1.5.1/src/rp2_common/pico_int64_ops/pico_int64_ops_aeabi.S.obj
                0x100046f8                __wrap___aeabi_lmul
 *fill*         0x1000472a        0x2 
 .text.__wrap___aeabi_farithmetic
                0x1000472c       0x48 CMakeFiles/Cyclometer.dir/C_/Users/gjmontagner/.pico-sdk/sdk/1.5.1/src/rp2_common/pico_float/float_aeabi.S.obj
                0x1000472c                __wrap___aeabi_frsub
                0x10004732                __wrap___aeabi_fsub
                0x10004738                __wrap___aeabi_fadd
                0x1000473e                __wrap___aeabi_fdiv
                0x10004766                __wrap___aeabi_fmul
 .text.__wrap___aeabi_ui2f
                0x10004774        0xa CMakeFiles/Cyclometer.dir/C_/Users/gjmontagner/.pico-sdk/sdk/1.5.1/src/rp2_common/pico_float/float_aeabi.S.obj
                0x10004774                __wrap___aeabi_ui2f
 *fill*         0x1000477e        0x2 
 .text.__wrap___aeabi_i2f
                0x10004780       0x44 CMakeFiles/Cyclometer.dir/C_/Users/gjmontagner/.pico-sdk/sdk/1.5.1/src/rp2_common/pico_float/float_aeabi.S.obj
                0x10004780                __wrap___aeabi_i2f
 .text.__wrap___aeabi_f2uiz
                0x100047c4        0xc CMakeFiles/Cyclometer.dir/C_/Users/gjmontagner/.pico-sdk/sdk/1.5.1/src/rp2_common/pico_float/float_aeabi.S.obj
                0x100047c4                __wrap___aeabi_f2uiz
 .text.missing_float_func_shim
                0x100047d0        0xc CMakeFiles/Cyclometer.dir/C_/Users/gjmontagner/.pico-sdk/sdk/1.5.1/src/rp2_common/pico_float/float_init_rom.c.obj
 .text.__aeabi_float_init
                0x100047dc       0x88 CMakeFiles/Cyclometer.dir/C_/Users/gjmontagner/.pico-sdk/sdk/1.5.1/src/rp2_common/pico_float/float_init_rom.c.obj
                0x100047dc                __aeabi_float_init
 .text          0x10004864       0x10 CMakeFiles/Cyclometer.dir/C_/Users/gjmontagner/.pico-sdk/sdk/1.5.1/src/rp2_common/pico_mem_ops/mem_ops_aeabi.S.obj
                0x10004864                __aeabi_mem_init
 .text.memset   0x10004874        0xc CMakeFiles/Cyclometer.dir/C_/Users/gjmontagner/.pico-sdk/sdk/1.5.1/src/rp2_common/pico_mem_ops/mem_ops_aeabi.S.obj
                0x10004874                __wrap_memset
 .text.memcpy   0x10004880        0xc CMakeFiles/Cyclometer.dir/C_/Users/gjmontagner/.pico-sdk/sdk/1.5.1/src/rp2_common/pico_mem_ops/mem_ops_aeabi.S.obj
                0x10004880                __wrap_memcpy
                0x10004880                __wrap___aeabi_memcpy
 .text.stdio_out_chars_no_crlf
                0x1000488c        0xe CMakeFiles/Cyclometer.dir/C_/Users/gjmontagner/.pico-sdk/sdk/1.5.1/src/rp2_common/pico_stdio/stdio.c.obj
 *fill*         0x1000489a        0x2 
 .text.stdio_out_chars_crlf
                0x1000489c       0x80 CMakeFiles/Cyclometer.dir/C_/Users/gjmontagner/.pico-sdk/sdk/1.5.1/src/rp2_common/pico_stdio/stdio.c.obj
 .text.stdio_stack_buffer_flush
                0x1000491c       0x44 CMakeFiles/Cyclometer.dir/C_/Users/gjmontagner/.pico-sdk/sdk/1.5.1/src/rp2_common/pico_stdio/stdio.c.obj
 .text.stdio_buffered_printer
                0x10004960       0x20 CMakeFiles/Cyclometer.dir/C_/Users/gjmontagner/.pico-sdk/sdk/1.5.1/src/rp2_common/pico_stdio/stdio.c.obj
 .text.update_us_since_boot
                0x10004980       0x24 CMakeFiles/Cyclometer.dir/C_/Users/gjmontagner/.pico-sdk/sdk/1.5.1/src/rp2_common/pico_stdio/stdio.c.obj
 .text.get_absolute_time
                0x100049a4       0x22 CMakeFiles/Cyclometer.dir/C_/Users/gjmontagner/.pico-sdk/sdk/1.5.1/src/rp2_common/pico_stdio/stdio.c.obj
 *fill*         0x100049c6        0x2 
 .text.delayed_by_ms
                0x100049c8       0x44 CMakeFiles/Cyclometer.dir/C_/Users/gjmontagner/.pico-sdk/sdk/1.5.1/src/rp2_common/pico_stdio/stdio.c.obj
 .text.make_timeout_time_ms
                0x10004a0c       0x20 CMakeFiles/Cyclometer.dir/C_/Users/gjmontagner/.pico-sdk/sdk/1.5.1/src/rp2_common/pico_stdio/stdio.c.obj
 .text.stdout_serialize_begin
                0x10004a2c       0x20 CMakeFiles/Cyclometer.dir/C_/Users/gjmontagner/.pico-sdk/sdk/1.5.1/src/rp2_common/pico_stdio/stdio.c.obj
                0x10004a2c                stdout_serialize_begin
 .text.stdout_serialize_end
                0x10004a4c       0x10 CMakeFiles/Cyclometer.dir/C_/Users/gjmontagner/.pico-sdk/sdk/1.5.1/src/rp2_common/pico_stdio/stdio.c.obj
                0x10004a4c                stdout_serialize_end
 .text.stdio_put_string
                0x10004a5c       0x98 CMakeFiles/Cyclometer.dir/C_/Users/gjmontagner/.pico-sdk/sdk/1.5.1/src/rp2_common/pico_stdio/stdio.c.obj
 .text.stdio_set_driver_enabled
                0x10004af4       0x2c CMakeFiles/Cyclometer.dir/C_/Users/gjmontagner/.pico-sdk/sdk/1.5.1/src/rp2_common/pico_stdio/stdio.c.obj
                0x10004af4                stdio_set_driver_enabled
 .text.stdio_flush
                0x10004b20       0x20 CMakeFiles/Cyclometer.dir/C_/Users/gjmontagner/.pico-sdk/sdk/1.5.1/src/rp2_common/pico_stdio/stdio.c.obj
                0x10004b20                stdio_flush
 .text.__wrap_puts
                0x10004b40       0x1e CMakeFiles/Cyclometer.dir/C_/Users/gjmontagner/.pico-sdk/sdk/1.5.1/src/rp2_common/pico_stdio/stdio.c.obj
                0x10004b40                __wrap_puts
 *fill*         0x10004b5e        0x2 
 .text.__wrap_vprintf
                0x10004b60       0x40 CMakeFiles/Cyclometer.dir/C_/Users/gjmontagner/.pico-sdk/sdk/1.5.1/src/rp2_common/pico_stdio/stdio.c.obj
                0x10004b60                __wrap_vprintf
 .text.__wrap_printf
                0x10004ba0       0x18 CMakeFiles/Cyclometer.dir/C_/Users/gjmontagner/.pico-sdk/sdk/1.5.1/src/rp2_common/pico_stdio/stdio.c.obj
                0x10004ba0                __wrap_printf
 .text.stdio_init_all
                0x10004bb8        0x8 CMakeFiles/Cyclometer.dir/C_/Users/gjmontagner/.pico-sdk/sdk/1.5.1/src/rp2_common/pico_stdio/stdio.c.obj
                0x10004bb8                stdio_init_all
 .text.resetd_init
                0x10004bc0        0x2 CMakeFiles/Cyclometer.dir/C_/Users/gjmontagner/.pico-sdk/sdk/1.5.1/src/rp2_common/pico_stdio_usb/reset_interface.c.obj
 *fill*         0x10004bc2        0x2 
 .text.resetd_reset
                0x10004bc4        0xc CMakeFiles/Cyclometer.dir/C_/Users/gjmontagner/.pico-sdk/sdk/1.5.1/src/rp2_common/pico_stdio_usb/reset_interface.c.obj
 .text.resetd_open
                0x10004bd0       0x34 CMakeFiles/Cyclometer.dir/C_/Users/gjmontagner/.pico-sdk/sdk/1.5.1/src/rp2_common/pico_stdio_usb/reset_interface.c.obj
 .text.resetd_xfer_cb
                0x10004c04        0x4 CMakeFiles/Cyclometer.dir/C_/Users/gjmontagner/.pico-sdk/sdk/1.5.1/src/rp2_common/pico_stdio_usb/reset_interface.c.obj
 .text.reset_usb_boot
                0x10004c08       0x18 CMakeFiles/Cyclometer.dir/C_/Users/gjmontagner/.pico-sdk/sdk/1.5.1/src/rp2_common/pico_stdio_usb/reset_interface.c.obj
 .text.resetd_control_xfer_cb
                0x10004c20       0x5c CMakeFiles/Cyclometer.dir/C_/Users/gjmontagner/.pico-sdk/sdk/1.5.1/src/rp2_common/pico_stdio_usb/reset_interface.c.obj
 .text.usbd_app_driver_get_cb
                0x10004c7c        0xc CMakeFiles/Cyclometer.dir/C_/Users/gjmontagner/.pico-sdk/sdk/1.5.1/src/rp2_common/pico_stdio_usb/reset_interface.c.obj
                0x10004c7c                usbd_app_driver_get_cb
 .text.tud_cdc_line_coding_cb
                0x10004c88       0x28 CMakeFiles/Cyclometer.dir/C_/Users/gjmontagner/.pico-sdk/sdk/1.5.1/src/rp2_common/pico_stdio_usb/reset_interface.c.obj
                0x10004c88                tud_cdc_line_coding_cb
 .text.stdio_usb_set_chars_available_callback
                0x10004cb0       0x14 CMakeFiles/Cyclometer.dir/C_/Users/gjmontagner/.pico-sdk/sdk/1.5.1/src/rp2_common/pico_stdio_usb/stdio_usb.c.obj
                0x10004cb0                stdio_usb_set_chars_available_callback
 .text.update_us_since_boot
                0x10004cc4       0x24 CMakeFiles/Cyclometer.dir/C_/Users/gjmontagner/.pico-sdk/sdk/1.5.1/src/rp2_common/pico_stdio_usb/stdio_usb.c.obj
 .text.get_absolute_time
                0x10004ce8       0x22 CMakeFiles/Cyclometer.dir/C_/Users/gjmontagner/.pico-sdk/sdk/1.5.1/src/rp2_common/pico_stdio_usb/stdio_usb.c.obj
 *fill*         0x10004d0a        0x2 
 .text.delayed_by_ms
                0x10004d0c       0x44 CMakeFiles/Cyclometer.dir/C_/Users/gjmontagner/.pico-sdk/sdk/1.5.1/src/rp2_common/pico_stdio_usb/stdio_usb.c.obj
 .text.make_timeout_time_ms
                0x10004d50       0x20 CMakeFiles/Cyclometer.dir/C_/Users/gjmontagner/.pico-sdk/sdk/1.5.1/src/rp2_common/pico_stdio_usb/stdio_usb.c.obj
 .text.delayed_by_us
                0x10004d70       0x34 CMakeFiles/Cyclometer.dir/C_/Users/gjmontagner/.pico-sdk/sdk/1.5.1/src/rp2_common/pico_stdio_usb/stdio_usb.c.obj
 .text.usb_irq  0x10004da4       0x10 CMakeFiles/Cyclometer.dir/C_/Users/gjmontagner/.pico-sdk/sdk/1.5.1/src/rp2_common/pico_stdio_usb/stdio_usb.c.obj
 .text.critical_section_enter_blocking
                0x10004db4       0x16 CMakeFiles/Cyclometer.dir/C_/Users/gjmontagner/.pico-sdk/sdk/1.5.1/src/rp2_common/pico_stdio_usb/stdio_usb.c.obj
 *fill*         0x10004dca        0x2 
 .text.timer_task
                0x10004dcc       0x4c CMakeFiles/Cyclometer.dir/C_/Users/gjmontagner/.pico-sdk/sdk/1.5.1/src/rp2_common/pico_stdio_usb/stdio_usb.c.obj
 .text.alarm_pool_add_alarm_in_us
                0x10004e18       0x3a CMakeFiles/Cyclometer.dir/C_/Users/gjmontagner/.pico-sdk/sdk/1.5.1/src/rp2_common/pico_stdio_usb/stdio_usb.c.obj
 .text.add_alarm_in_us
                0x10004e52       0x2e CMakeFiles/Cyclometer.dir/C_/Users/gjmontagner/.pico-sdk/sdk/1.5.1/src/rp2_common/pico_stdio_usb/stdio_usb.c.obj
 .text.low_priority_worker_irq
                0x10004e80       0x7c CMakeFiles/Cyclometer.dir/C_/Users/gjmontagner/.pico-sdk/sdk/1.5.1/src/rp2_common/pico_stdio_usb/stdio_usb.c.obj
 .text.tud_cdc_rx_cb
                0x10004efc       0x20 CMakeFiles/Cyclometer.dir/C_/Users/gjmontagner/.pico-sdk/sdk/1.5.1/src/rp2_common/pico_stdio_usb/stdio_usb.c.obj
                0x10004efc                tud_cdc_rx_cb
 .text.stdio_usb_init
                0x10004f1c       0xd0 CMakeFiles/Cyclometer.dir/C_/Users/gjmontagner/.pico-sdk/sdk/1.5.1/src/rp2_common/pico_stdio_usb/stdio_usb.c.obj
                0x10004f1c                stdio_usb_init
 .text.stdio_usb_connected
                0x10004fec        0xa CMakeFiles/Cyclometer.dir/C_/Users/gjmontagner/.pico-sdk/sdk/1.5.1/src/rp2_common/pico_stdio_usb/stdio_usb.c.obj
                0x10004fec                stdio_usb_connected
 *fill*         0x10004ff6        0x2 
 .text.stdio_usb_in_chars
                0x10004ff8       0x88 CMakeFiles/Cyclometer.dir/C_/Users/gjmontagner/.pico-sdk/sdk/1.5.1/src/rp2_common/pico_stdio_usb/stdio_usb.c.obj
                0x10004ff8                stdio_usb_in_chars
 .text.stdio_usb_out_chars
                0x10005080       0xd8 CMakeFiles/Cyclometer.dir/C_/Users/gjmontagner/.pico-sdk/sdk/1.5.1/src/rp2_common/pico_stdio_usb/stdio_usb.c.obj
 .text.tud_descriptor_device_cb
                0x10005158        0x8 CMakeFiles/Cyclometer.dir/C_/Users/gjmontagner/.pico-sdk/sdk/1.5.1/src/rp2_common/pico_stdio_usb/stdio_usb_descriptors.c.obj
                0x10005158                tud_descriptor_device_cb
 .text.tud_descriptor_configuration_cb
                0x10005160        0x8 CMakeFiles/Cyclometer.dir/C_/Users/gjmontagner/.pico-sdk/sdk/1.5.1/src/rp2_common/pico_stdio_usb/stdio_usb_descriptors.c.obj
                0x10005160                tud_descriptor_configuration_cb
 .text.tud_descriptor_string_cb
                0x10005168       0x6c CMakeFiles/Cyclometer.dir/C_/Users/gjmontagner/.pico-sdk/sdk/1.5.1/src/rp2_common/pico_stdio_usb/stdio_usb_descriptors.c.obj
                0x10005168                tud_descriptor_string_cb
 .text._retrieve_unique_id_on_boot
                0x100051d4       0x10 CMakeFiles/Cyclometer.dir/C_/Users/gjmontagner/.pico-sdk/sdk/1.5.1/src/rp2_common/pico_unique_id/unique_id.c.obj
 .text.pico_get_unique_board_id
                0x100051e4       0x10 CMakeFiles/Cyclometer.dir/C_/Users/gjmontagner/.pico-sdk/sdk/1.5.1/src/rp2_common/pico_unique_id/unique_id.c.obj
                0x100051e4                pico_get_unique_board_id
 .text.pico_get_unique_board_id_string
                0x100051f4       0x5c CMakeFiles/Cyclometer.dir/C_/Users/gjmontagner/.pico-sdk/sdk/1.5.1/src/rp2_common/pico_unique_id/unique_id.c.obj
                0x100051f4                pico_get_unique_board_id_string
 .text.flash_get_unique_id
                0x10005250       0x40 CMakeFiles/Cyclometer.dir/C_/Users/gjmontagner/.pico-sdk/sdk/1.5.1/src/rp2_common/hardware_flash/flash.c.obj
                0x10005250                flash_get_unique_id
 .text.hw_endpoint_get_by_addr
                0x10005290       0x18 CMakeFiles/Cyclometer.dir/C_/Users/gjmontagner/.pico-sdk/sdk/1.5.1/lib/tinyusb/src/portable/raspberrypi/rp2040/dcd_rp2040.c.obj
 .text._hw_endpoint_alloc
                0x100052a8       0x70 CMakeFiles/Cyclometer.dir/C_/Users/gjmontagner/.pico-sdk/sdk/1.5.1/lib/tinyusb/src/portable/raspberrypi/rp2040/dcd_rp2040.c.obj
 .text.hw_endpoint_init
                0x10005318       0x88 CMakeFiles/Cyclometer.dir/C_/Users/gjmontagner/.pico-sdk/sdk/1.5.1/lib/tinyusb/src/portable/raspberrypi/rp2040/dcd_rp2040.c.obj
 .text.dcd_event_sof
                0x100053a0       0x2c CMakeFiles/Cyclometer.dir/C_/Users/gjmontagner/.pico-sdk/sdk/1.5.1/lib/tinyusb/src/portable/raspberrypi/rp2040/dcd_rp2040.c.obj
 .text.hw_endpoint_xfer
                0x100053cc       0x14 CMakeFiles/Cyclometer.dir/C_/Users/gjmontagner/.pico-sdk/sdk/1.5.1/lib/tinyusb/src/portable/raspberrypi/rp2040/dcd_rp2040.c.obj
 .text.dcd_int_enable
                0x100053e0       0x2c CMakeFiles/Cyclometer.dir/C_/Users/gjmontagner/.pico-sdk/sdk/1.5.1/lib/tinyusb/src/portable/raspberrypi/rp2040/dcd_rp2040.c.obj
                0x100053e0                dcd_int_enable
 .text.dcd_set_address
                0x1000540c       0x2c CMakeFiles/Cyclometer.dir/C_/Users/gjmontagner/.pico-sdk/sdk/1.5.1/lib/tinyusb/src/portable/raspberrypi/rp2040/dcd_rp2040.c.obj
                0x1000540c                dcd_set_address
 .text.dcd_connect
                0x10005438       0x10 CMakeFiles/Cyclometer.dir/C_/Users/gjmontagner/.pico-sdk/sdk/1.5.1/lib/tinyusb/src/portable/raspberrypi/rp2040/dcd_rp2040.c.obj
                0x10005438                dcd_connect
 .text.dcd_init
                0x10005448       0x80 CMakeFiles/Cyclometer.dir/C_/Users/gjmontagner/.pico-sdk/sdk/1.5.1/lib/tinyusb/src/portable/raspberrypi/rp2040/dcd_rp2040.c.obj
                0x10005448                dcd_init
 .text.dcd_edpt0_status_complete
                0x100054c8       0x1c CMakeFiles/Cyclometer.dir/C_/Users/gjmontagner/.pico-sdk/sdk/1.5.1/lib/tinyusb/src/portable/raspberrypi/rp2040/dcd_rp2040.c.obj
                0x100054c8                dcd_edpt0_status_complete
 .text.dcd_edpt_open
                0x100054e4       0x40 CMakeFiles/Cyclometer.dir/C_/Users/gjmontagner/.pico-sdk/sdk/1.5.1/lib/tinyusb/src/portable/raspberrypi/rp2040/dcd_rp2040.c.obj
                0x100054e4                dcd_edpt_open
 .text.dcd_edpt_close_all
                0x10005524        0x8 CMakeFiles/Cyclometer.dir/C_/Users/gjmontagner/.pico-sdk/sdk/1.5.1/lib/tinyusb/src/portable/raspberrypi/rp2040/dcd_rp2040.c.obj
                0x10005524                dcd_edpt_close_all
 .text.dcd_edpt_xfer
                0x1000552c       0x34 CMakeFiles/Cyclometer.dir/C_/Users/gjmontagner/.pico-sdk/sdk/1.5.1/lib/tinyusb/src/portable/raspberrypi/rp2040/dcd_rp2040.c.obj
                0x1000552c                dcd_edpt_xfer
 .text.dcd_edpt_stall
                0x10005560       0x2c CMakeFiles/Cyclometer.dir/C_/Users/gjmontagner/.pico-sdk/sdk/1.5.1/lib/tinyusb/src/portable/raspberrypi/rp2040/dcd_rp2040.c.obj
                0x10005560                dcd_edpt_stall
 .text.dcd_edpt_clear_stall
                0x1000558c       0x20 CMakeFiles/Cyclometer.dir/C_/Users/gjmontagner/.pico-sdk/sdk/1.5.1/lib/tinyusb/src/portable/raspberrypi/rp2040/dcd_rp2040.c.obj
                0x1000558c                dcd_edpt_clear_stall
 .text.rp2040_usb_init
                0x100055ac       0x4c CMakeFiles/Cyclometer.dir/C_/Users/gjmontagner/.pico-sdk/sdk/1.5.1/lib/tinyusb/src/portable/raspberrypi/rp2040/rp2040_usb.c.obj
                0x100055ac                rp2040_usb_init
 .text.hw_endpoint_xfer_start
                0x100055f8       0x50 CMakeFiles/Cyclometer.dir/C_/Users/gjmontagner/.pico-sdk/sdk/1.5.1/lib/tinyusb/src/portable/raspberrypi/rp2040/rp2040_usb.c.obj
                0x100055f8                hw_endpoint_xfer_start
 .text.configuration_reset
                0x10005648       0x84 CMakeFiles/Cyclometer.dir/C_/Users/gjmontagner/.pico-sdk/sdk/1.5.1/lib/tinyusb/src/device/usbd.c.obj
 .text.critical_section_enter_blocking
                0x100056cc       0x16 CMakeFiles/Cyclometer.dir/C_/Users/gjmontagner/.pico-sdk/sdk/1.5.1/lib/tinyusb/src/device/usbd.c.obj
 .text.usbd_reset
                0x100056e2        0xc CMakeFiles/Cyclometer.dir/C_/Users/gjmontagner/.pico-sdk/sdk/1.5.1/lib/tinyusb/src/device/usbd.c.obj
 .text.invoke_class_control
                0x100056ee       0x1a CMakeFiles/Cyclometer.dir/C_/Users/gjmontagner/.pico-sdk/sdk/1.5.1/lib/tinyusb/src/device/usbd.c.obj
 .text.process_set_config
                0x10005708      0x178 CMakeFiles/Cyclometer.dir/C_/Users/gjmontagner/.pico-sdk/sdk/1.5.1/lib/tinyusb/src/device/usbd.c.obj
 .text.process_get_descriptor
                0x10005880       0xdc CMakeFiles/Cyclometer.dir/C_/Users/gjmontagner/.pico-sdk/sdk/1.5.1/lib/tinyusb/src/device/usbd.c.obj
 .text.tud_mounted
                0x1000595c       0x10 CMakeFiles/Cyclometer.dir/C_/Users/gjmontagner/.pico-sdk/sdk/1.5.1/lib/tinyusb/src/device/usbd.c.obj
                0x1000595c                tud_mounted
 .text.tud_suspended
                0x1000596c       0x10 CMakeFiles/Cyclometer.dir/C_/Users/gjmontagner/.pico-sdk/sdk/1.5.1/lib/tinyusb/src/device/usbd.c.obj
                0x1000596c                tud_suspended
 .text.tud_inited
                0x1000597c       0x14 CMakeFiles/Cyclometer.dir/C_/Users/gjmontagner/.pico-sdk/sdk/1.5.1/lib/tinyusb/src/device/usbd.c.obj
                0x1000597c                tud_inited
 .text.tud_init
                0x10005990       0xcc CMakeFiles/Cyclometer.dir/C_/Users/gjmontagner/.pico-sdk/sdk/1.5.1/lib/tinyusb/src/device/usbd.c.obj
                0x10005990                tud_init
 .text.usbd_defer_func
                0x10005a5c       0x2a CMakeFiles/Cyclometer.dir/C_/Users/gjmontagner/.pico-sdk/sdk/1.5.1/lib/tinyusb/src/device/usbd.c.obj
                0x10005a5c                usbd_defer_func
 *fill*         0x10005a86        0x2 
 .text.usbd_edpt_open
                0x10005a88       0x34 CMakeFiles/Cyclometer.dir/C_/Users/gjmontagner/.pico-sdk/sdk/1.5.1/lib/tinyusb/src/device/usbd.c.obj
                0x10005a88                usbd_edpt_open
 .text.usbd_open_edpt_pair
                0x10005abc       0x62 CMakeFiles/Cyclometer.dir/C_/Users/gjmontagner/.pico-sdk/sdk/1.5.1/lib/tinyusb/src/device/usbd.c.obj
                0x10005abc                usbd_open_edpt_pair
 *fill*         0x10005b1e        0x2 
 .text.usbd_edpt_claim
                0x10005b20       0x28 CMakeFiles/Cyclometer.dir/C_/Users/gjmontagner/.pico-sdk/sdk/1.5.1/lib/tinyusb/src/device/usbd.c.obj
                0x10005b20                usbd_edpt_claim
 .text.usbd_edpt_release
                0x10005b48       0x28 CMakeFiles/Cyclometer.dir/C_/Users/gjmontagner/.pico-sdk/sdk/1.5.1/lib/tinyusb/src/device/usbd.c.obj
                0x10005b48                usbd_edpt_release
 .text.usbd_edpt_xfer
                0x10005b70       0x78 CMakeFiles/Cyclometer.dir/C_/Users/gjmontagner/.pico-sdk/sdk/1.5.1/lib/tinyusb/src/device/usbd.c.obj
                0x10005b70                usbd_edpt_xfer
 .text.usbd_edpt_stall
                0x10005be8       0x48 CMakeFiles/Cyclometer.dir/C_/Users/gjmontagner/.pico-sdk/sdk/1.5.1/lib/tinyusb/src/device/usbd.c.obj
                0x10005be8                usbd_edpt_stall
 .text.usbd_edpt_clear_stall
                0x10005c30       0x48 CMakeFiles/Cyclometer.dir/C_/Users/gjmontagner/.pico-sdk/sdk/1.5.1/lib/tinyusb/src/device/usbd.c.obj
                0x10005c30                usbd_edpt_clear_stall
 .text.usbd_edpt_stalled
                0x10005c78       0x1c CMakeFiles/Cyclometer.dir/C_/Users/gjmontagner/.pico-sdk/sdk/1.5.1/lib/tinyusb/src/device/usbd.c.obj
                0x10005c78                usbd_edpt_stalled
 .text.process_control_request
                0x10005c94      0x374 CMakeFiles/Cyclometer.dir/C_/Users/gjmontagner/.pico-sdk/sdk/1.5.1/lib/tinyusb/src/device/usbd.c.obj
 .text.tud_task_ext
                0x10006008      0x1a8 CMakeFiles/Cyclometer.dir/C_/Users/gjmontagner/.pico-sdk/sdk/1.5.1/lib/tinyusb/src/device/usbd.c.obj
                0x10006008                tud_task_ext
 .text._status_stage_xact
                0x100061b0       0x1a CMakeFiles/Cyclometer.dir/C_/Users/gjmontagner/.pico-sdk/sdk/1.5.1/lib/tinyusb/src/device/usbd_control.c.obj
 *fill*         0x100061ca        0x2 
 .text._data_stage_xact
                0x100061cc       0x58 CMakeFiles/Cyclometer.dir/C_/Users/gjmontagner/.pico-sdk/sdk/1.5.1/lib/tinyusb/src/device/usbd_control.c.obj
 .text.tud_control_status
                0x10006224       0x28 CMakeFiles/Cyclometer.dir/C_/Users/gjmontagner/.pico-sdk/sdk/1.5.1/lib/tinyusb/src/device/usbd_control.c.obj
                0x10006224                tud_control_status
 .text.tud_control_xfer
                0x1000624c       0x68 CMakeFiles/Cyclometer.dir/C_/Users/gjmontagner/.pico-sdk/sdk/1.5.1/lib/tinyusb/src/device/usbd_control.c.obj
                0x1000624c                tud_control_xfer
 .text.usbd_control_reset
                0x100062b4       0x14 CMakeFiles/Cyclometer.dir/C_/Users/gjmontagner/.pico-sdk/sdk/1.5.1/lib/tinyusb/src/device/usbd_control.c.obj
                0x100062b4                usbd_control_reset
 .text.usbd_control_set_complete_callback
                0x100062c8        0xc CMakeFiles/Cyclometer.dir/C_/Users/gjmontagner/.pico-sdk/sdk/1.5.1/lib/tinyusb/src/device/usbd_control.c.obj
                0x100062c8                usbd_control_set_complete_callback
 .text.usbd_control_set_request
                0x100062d4       0x1c CMakeFiles/Cyclometer.dir/C_/Users/gjmontagner/.pico-sdk/sdk/1.5.1/lib/tinyusb/src/device/usbd_control.c.obj
                0x100062d4                usbd_control_set_request
 .text.usbd_control_xfer_cb
                0x100062f0       0xbc CMakeFiles/Cyclometer.dir/C_/Users/gjmontagner/.pico-sdk/sdk/1.5.1/lib/tinyusb/src/device/usbd_control.c.obj
                0x100062f0                usbd_control_xfer_cb
 .text._prep_out_transaction
                0x100063ac       0x4a CMakeFiles/Cyclometer.dir/C_/Users/gjmontagner/.pico-sdk/sdk/1.5.1/lib/tinyusb/src/class/cdc/cdc_device.c.obj
 *fill*         0x100063f6        0x2 
 .text.tud_cdc_n_connected
                0x100063f8       0x38 CMakeFiles/Cyclometer.dir/C_/Users/gjmontagner/.pico-sdk/sdk/1.5.1/lib/tinyusb/src/class/cdc/cdc_device.c.obj
                0x100063f8                tud_cdc_n_connected
 .text.tud_cdc_n_available
                0x10006430       0x18 CMakeFiles/Cyclometer.dir/C_/Users/gjmontagner/.pico-sdk/sdk/1.5.1/lib/tinyusb/src/class/cdc/cdc_device.c.obj
                0x10006430                tud_cdc_n_available
 .text.tud_cdc_n_read
                0x10006448       0x28 CMakeFiles/Cyclometer.dir/C_/Users/gjmontagner/.pico-sdk/sdk/1.5.1/lib/tinyusb/src/class/cdc/cdc_device.c.obj
                0x10006448                tud_cdc_n_read
 .text.tud_cdc_n_write_flush
                0x10006470       0xb8 CMakeFiles/Cyclometer.dir/C_/Users/gjmontagner/.pico-sdk/sdk/1.5.1/lib/tinyusb/src/class/cdc/cdc_device.c.obj
                0x10006470                tud_cdc_n_write_flush
 .text.tud_cdc_n_write
                0x10006528       0x38 CMakeFiles/Cyclometer.dir/C_/Users/gjmontagner/.pico-sdk/sdk/1.5.1/lib/tinyusb/src/class/cdc/cdc_device.c.obj
                0x10006528                tud_cdc_n_write
 .text.tud_cdc_n_write_available
                0x10006560       0x1c CMakeFiles/Cyclometer.dir/C_/Users/gjmontagner/.pico-sdk/sdk/1.5.1/lib/tinyusb/src/class/cdc/cdc_device.c.obj
                0x10006560                tud_cdc_n_write_available
 .text.cdcd_init
                0x1000657c       0xbc CMakeFiles/Cyclometer.dir/C_/Users/gjmontagner/.pico-sdk/sdk/1.5.1/lib/tinyusb/src/class/cdc/cdc_device.c.obj
                0x1000657c                cdcd_init
 .text.cdcd_reset
                0x10006638       0x44 CMakeFiles/Cyclometer.dir/C_/Users/gjmontagner/.pico-sdk/sdk/1.5.1/lib/tinyusb/src/class/cdc/cdc_device.c.obj
                0x10006638                cdcd_reset
 .text.cdcd_open
                0x1000667c       0xc4 CMakeFiles/Cyclometer.dir/C_/Users/gjmontagner/.pico-sdk/sdk/1.5.1/lib/tinyusb/src/class/cdc/cdc_device.c.obj
                0x1000667c                cdcd_open
 .text.cdcd_control_xfer_cb
                0x10006740      0x134 CMakeFiles/Cyclometer.dir/C_/Users/gjmontagner/.pico-sdk/sdk/1.5.1/lib/tinyusb/src/class/cdc/cdc_device.c.obj
                0x10006740                cdcd_control_xfer_cb
 .text.cdcd_xfer_cb
                0x10006874      0x130 CMakeFiles/Cyclometer.dir/C_/Users/gjmontagner/.pico-sdk/sdk/1.5.1/lib/tinyusb/src/class/cdc/cdc_device.c.obj
                0x10006874                cdcd_xfer_cb
 .text.tusb_init
                0x100069a4        0xa CMakeFiles/Cyclometer.dir/C_/Users/gjmontagner/.pico-sdk/sdk/1.5.1/lib/tinyusb/src/tusb.c.obj
                0x100069a4                tusb_init
 .text.tusb_inited
                0x100069ae        0xe CMakeFiles/Cyclometer.dir/C_/Users/gjmontagner/.pico-sdk/sdk/1.5.1/lib/tinyusb/src/tusb.c.obj
                0x100069ae                tusb_inited
 .text.tu_edpt_claim
                0x100069bc       0x50 CMakeFiles/Cyclometer.dir/C_/Users/gjmontagner/.pico-sdk/sdk/1.5.1/lib/tinyusb/src/tusb.c.obj
                0x100069bc                tu_edpt_claim
 .text.tu_edpt_release
                0x10006a0c       0x38 CMakeFiles/Cyclometer.dir/C_/Users/gjmontagner/.pico-sdk/sdk/1.5.1/lib/tinyusb/src/tusb.c.obj
                0x10006a0c                tu_edpt_release
 .text.tu_edpt_validate
                0x10006a44       0x78 CMakeFiles/Cyclometer.dir/C_/Users/gjmontagner/.pico-sdk/sdk/1.5.1/lib/tinyusb/src/tusb.c.obj
                0x10006a44                tu_edpt_validate
 .text.tu_edpt_bind_driver
                0x10006abc       0x26 CMakeFiles/Cyclometer.dir/C_/Users/gjmontagner/.pico-sdk/sdk/1.5.1/lib/tinyusb/src/tusb.c.obj
                0x10006abc                tu_edpt_bind_driver
 .text.advance_index
                0x10006ae2       0x1a CMakeFiles/Cyclometer.dir/C_/Users/gjmontagner/.pico-sdk/sdk/1.5.1/lib/tinyusb/src/common/tusb_fifo.c.obj
 .text._tu_fifo_peek
                0x10006afc       0x56 CMakeFiles/Cyclometer.dir/C_/Users/gjmontagner/.pico-sdk/sdk/1.5.1/lib/tinyusb/src/common/tusb_fifo.c.obj
 .text._ff_pull_const_addr
                0x10006b52       0x4c CMakeFiles/Cyclometer.dir/C_/Users/gjmontagner/.pico-sdk/sdk/1.5.1/lib/tinyusb/src/common/tusb_fifo.c.obj
 .text._ff_pull_n
                0x10006b9e      0x110 CMakeFiles/Cyclometer.dir/C_/Users/gjmontagner/.pico-sdk/sdk/1.5.1/lib/tinyusb/src/common/tusb_fifo.c.obj
 .text._tu_fifo_peek_n
                0x10006cae       0x6a CMakeFiles/Cyclometer.dir/C_/Users/gjmontagner/.pico-sdk/sdk/1.5.1/lib/tinyusb/src/common/tusb_fifo.c.obj
 .text._tu_fifo_read_n
                0x10006d18       0x4e CMakeFiles/Cyclometer.dir/C_/Users/gjmontagner/.pico-sdk/sdk/1.5.1/lib/tinyusb/src/common/tusb_fifo.c.obj
 .text._ff_push_const_addr
                0x10006d66       0x40 CMakeFiles/Cyclometer.dir/C_/Users/gjmontagner/.pico-sdk/sdk/1.5.1/lib/tinyusb/src/common/tusb_fifo.c.obj
 .text._ff_push_n
                0x10006da6      0x10c CMakeFiles/Cyclometer.dir/C_/Users/gjmontagner/.pico-sdk/sdk/1.5.1/lib/tinyusb/src/common/tusb_fifo.c.obj
 .text._tu_fifo_write_n
                0x10006eb2       0xf0 CMakeFiles/Cyclometer.dir/C_/Users/gjmontagner/.pico-sdk/sdk/1.5.1/lib/tinyusb/src/common/tusb_fifo.c.obj
 .text.tu_fifo_config
                0x10006fa2       0x7c CMakeFiles/Cyclometer.dir/C_/Users/gjmontagner/.pico-sdk/sdk/1.5.1/lib/tinyusb/src/common/tusb_fifo.c.obj
                0x10006fa2                tu_fifo_config
 .text.tu_fifo_count
                0x1000701e       0x2a CMakeFiles/Cyclometer.dir/C_/Users/gjmontagner/.pico-sdk/sdk/1.5.1/lib/tinyusb/src/common/tusb_fifo.c.obj
                0x1000701e                tu_fifo_count
 .text.tu_fifo_empty
                0x10007048        0xe CMakeFiles/Cyclometer.dir/C_/Users/gjmontagner/.pico-sdk/sdk/1.5.1/lib/tinyusb/src/common/tusb_fifo.c.obj
                0x10007048                tu_fifo_empty
 .text.tu_fifo_full
                0x10007056       0x28 CMakeFiles/Cyclometer.dir/C_/Users/gjmontagner/.pico-sdk/sdk/1.5.1/lib/tinyusb/src/common/tusb_fifo.c.obj
                0x10007056                tu_fifo_full
 .text.tu_fifo_remaining
                0x1000707e       0x2c CMakeFiles/Cyclometer.dir/C_/Users/gjmontagner/.pico-sdk/sdk/1.5.1/lib/tinyusb/src/common/tusb_fifo.c.obj
                0x1000707e                tu_fifo_remaining
 .text.tu_fifo_read
                0x100070aa       0x42 CMakeFiles/Cyclometer.dir/C_/Users/gjmontagner/.pico-sdk/sdk/1.5.1/lib/tinyusb/src/common/tusb_fifo.c.obj
                0x100070aa                tu_fifo_read
 .text.tu_fifo_read_n
                0x100070ec        0xa CMakeFiles/Cyclometer.dir/C_/Users/gjmontagner/.pico-sdk/sdk/1.5.1/lib/tinyusb/src/common/tusb_fifo.c.obj
                0x100070ec                tu_fifo_read_n
 .text.tu_fifo_write
                0x100070f6       0x64 CMakeFiles/Cyclometer.dir/C_/Users/gjmontagner/.pico-sdk/sdk/1.5.1/lib/tinyusb/src/common/tusb_fifo.c.obj
                0x100070f6                tu_fifo_write
 .text.tu_fifo_write_n
                0x1000715a        0xa CMakeFiles/Cyclometer.dir/C_/Users/gjmontagner/.pico-sdk/sdk/1.5.1/lib/tinyusb/src/common/tusb_fifo.c.obj
                0x1000715a                tu_fifo_write_n
 .text.tu_fifo_clear
                0x10007164       0x3e CMakeFiles/Cyclometer.dir/C_/Users/gjmontagner/.pico-sdk/sdk/1.5.1/lib/tinyusb/src/common/tusb_fifo.c.obj
                0x10007164                tu_fifo_clear
 .text.tu_fifo_set_overwritable
                0x100071a2       0x46 CMakeFiles/Cyclometer.dir/C_/Users/gjmontagner/.pico-sdk/sdk/1.5.1/lib/tinyusb/src/common/tusb_fifo.c.obj
                0x100071a2                tu_fifo_set_overwritable
 .text.i2c_write_blocking_internal
                0x100071e8      0x146 CMakeFiles/Cyclometer.dir/C_/Users/gjmontagner/.pico-sdk/sdk/1.5.1/src/rp2_common/hardware_i2c/i2c.c.obj
 .text.i2c_read_blocking_internal
                0x1000732e       0xe6 CMakeFiles/Cyclometer.dir/C_/Users/gjmontagner/.pico-sdk/sdk/1.5.1/src/rp2_common/hardware_i2c/i2c.c.obj
 .text.i2c_set_baudrate
                0x10007414       0xf0 CMakeFiles/Cyclometer.dir/C_/Users/gjmontagner/.pico-sdk/sdk/1.5.1/src/rp2_common/hardware_i2c/i2c.c.obj
                0x10007414                i2c_set_baudrate
 .text.i2c_init
                0x10007504       0x58 CMakeFiles/Cyclometer.dir/C_/Users/gjmontagner/.pico-sdk/sdk/1.5.1/src/rp2_common/hardware_i2c/i2c.c.obj
                0x10007504                i2c_init
 .text.i2c_write_blocking
                0x1000755c       0x18 CMakeFiles/Cyclometer.dir/C_/Users/gjmontagner/.pico-sdk/sdk/1.5.1/src/rp2_common/hardware_i2c/i2c.c.obj
                0x1000755c                i2c_write_blocking
 .text.i2c_read_blocking
                0x10007574       0x18 CMakeFiles/Cyclometer.dir/C_/Users/gjmontagner/.pico-sdk/sdk/1.5.1/src/rp2_common/hardware_i2c/i2c.c.obj
                0x10007574                i2c_read_blocking
 .text.pio_get_default_sm_config
                0x1000758c       0x28 CMakeFiles/Cyclometer.dir/C_/Users/gjmontagner/.pico-sdk/sdk/1.5.1/src/rp2_common/hardware_pio/pio.c.obj
 .text._pio_can_add_program_at_offset
                0x100075b4       0x3c CMakeFiles/Cyclometer.dir/C_/Users/gjmontagner/.pico-sdk/sdk/1.5.1/src/rp2_common/hardware_pio/pio.c.obj
 .text._pio_find_offset_for_program
                0x100075f0       0x7c CMakeFiles/Cyclometer.dir/C_/Users/gjmontagner/.pico-sdk/sdk/1.5.1/src/rp2_common/hardware_pio/pio.c.obj
 .text._pio_add_program_at_offset
                0x1000766c       0x7c CMakeFiles/Cyclometer.dir/C_/Users/gjmontagner/.pico-sdk/sdk/1.5.1/src/rp2_common/hardware_pio/pio.c.obj
 .text.pio_sm_unclaim
                0x100076e8       0x20 CMakeFiles/Cyclometer.dir/C_/Users/gjmontagner/.pico-sdk/sdk/1.5.1/src/rp2_common/hardware_pio/pio.c.obj
                0x100076e8                pio_sm_unclaim
 .text.pio_claim_unused_sm
                0x10007708       0x3c CMakeFiles/Cyclometer.dir/C_/Users/gjmontagner/.pico-sdk/sdk/1.5.1/src/rp2_common/hardware_pio/pio.c.obj
                0x10007708                pio_claim_unused_sm
 .text.pio_can_add_program
                0x10007744       0x26 CMakeFiles/Cyclometer.dir/C_/Users/gjmontagner/.pico-sdk/sdk/1.5.1/src/rp2_common/hardware_pio/pio.c.obj
                0x10007744                pio_can_add_program
 *fill*         0x1000776a        0x2 
 .text.pio_add_program
                0x1000776c       0x38 CMakeFiles/Cyclometer.dir/C_/Users/gjmontagner/.pico-sdk/sdk/1.5.1/src/rp2_common/hardware_pio/pio.c.obj
                0x1000776c                pio_add_program
 .text.pio_remove_program
                0x100077a4       0x58 CMakeFiles/Cyclometer.dir/C_/Users/gjmontagner/.pico-sdk/sdk/1.5.1/src/rp2_common/hardware_pio/pio.c.obj
                0x100077a4                pio_remove_program
 .text.pio_sm_set_pindirs_with_mask
                0x100077fc       0x9c CMakeFiles/Cyclometer.dir/C_/Users/gjmontagner/.pico-sdk/sdk/1.5.1/src/rp2_common/hardware_pio/pio.c.obj
                0x100077fc                pio_sm_set_pindirs_with_mask
 .text.pio_sm_set_consecutive_pindirs
                0x10007898       0xa4 CMakeFiles/Cyclometer.dir/C_/Users/gjmontagner/.pico-sdk/sdk/1.5.1/src/rp2_common/hardware_pio/pio.c.obj
                0x10007898                pio_sm_set_consecutive_pindirs
 .text.pio_sm_init
                0x1000793c       0xb0 CMakeFiles/Cyclometer.dir/C_/Users/gjmontagner/.pico-sdk/sdk/1.5.1/src/rp2_common/hardware_pio/pio.c.obj
                0x1000793c                pio_sm_init
 .text.valid_datetime
                0x100079ec       0x5a CMakeFiles/Cyclometer.dir/C_/Users/gjmontagner/.pico-sdk/sdk/1.5.1/src/rp2_common/hardware_rtc/rtc.c.obj
 *fill*         0x10007a46        0x2 
 .text.rtc_running
                0x10007a48       0x10 CMakeFiles/Cyclometer.dir/C_/Users/gjmontagner/.pico-sdk/sdk/1.5.1/src/rp2_common/hardware_rtc/rtc.c.obj
                0x10007a48                rtc_running
 .text.rtc_init
                0x10007a58       0x6c CMakeFiles/Cyclometer.dir/C_/Users/gjmontagner/.pico-sdk/sdk/1.5.1/src/rp2_common/hardware_rtc/rtc.c.obj
                0x10007a58                rtc_init
 .text.rtc_set_datetime
                0x10007ac4       0x68 CMakeFiles/Cyclometer.dir/C_/Users/gjmontagner/.pico-sdk/sdk/1.5.1/src/rp2_common/hardware_rtc/rtc.c.obj
                0x10007ac4                rtc_set_datetime
 .text.rtc_get_datetime
                0x10007b2c       0x4c CMakeFiles/Cyclometer.dir/C_/Users/gjmontagner/.pico-sdk/sdk/1.5.1/src/rp2_common/hardware_rtc/rtc.c.obj
                0x10007b2c                rtc_get_datetime
 .text.cyw43_arch_set_async_context
                0x10007b78        0xc CMakeFiles/Cyclometer.dir/C_/Users/gjmontagner/.pico-sdk/sdk/1.5.1/src/rp2_common/pico_cyw43_arch/cyw43_arch.c.obj
                0x10007b78                cyw43_arch_set_async_context
 .text.cyw43_arch_gpio_put
                0x10007b84       0x14 CMakeFiles/Cyclometer.dir/C_/Users/gjmontagner/.pico-sdk/sdk/1.5.1/src/rp2_common/pico_cyw43_arch/cyw43_arch.c.obj
                0x10007b84                cyw43_arch_gpio_put
 .text.cyw43_arch_async_context
                0x10007b98        0xc CMakeFiles/Cyclometer.dir/C_/Users/gjmontagner/.pico-sdk/sdk/1.5.1/src/rp2_common/pico_cyw43_arch/cyw43_arch.c.obj
                0x10007b98                cyw43_arch_async_context
 .text.cyw43_arch_init_default_async_context
                0x10007ba4       0x20 CMakeFiles/Cyclometer.dir/C_/Users/gjmontagner/.pico-sdk/sdk/1.5.1/src/rp2_common/pico_cyw43_arch/cyw43_arch_threadsafe_background.c.obj
                0x10007ba4                cyw43_arch_init_default_async_context
 .text.cyw43_arch_deinit
                0x10007bc4       0x28 CMakeFiles/Cyclometer.dir/C_/Users/gjmontagner/.pico-sdk/sdk/1.5.1/src/rp2_common/pico_cyw43_arch/cyw43_arch_threadsafe_background.c.obj
                0x10007bc4                cyw43_arch_deinit
 .text.cyw43_arch_init
                0x10007bec       0x36 CMakeFiles/Cyclometer.dir/C_/Users/gjmontagner/.pico-sdk/sdk/1.5.1/src/rp2_common/pico_cyw43_arch/cyw43_arch_threadsafe_background.c.obj
                0x10007bec                cyw43_arch_init
 .text.pio_get_default_sm_config
                0x10007c22       0x28 CMakeFiles/Cyclometer.dir/C_/Users/gjmontagner/.pico-sdk/sdk/1.5.1/src/rp2_common/pico_cyw43_driver/cyw43_bus_pio_spi.c.obj
 *fill*         0x10007c4a        0x2 
 .text.spi_gap01_sample0_program_get_default_config
                0x10007c4c       0x3c CMakeFiles/Cyclometer.dir/C_/Users/gjmontagner/.pico-sdk/sdk/1.5.1/src/rp2_common/pico_cyw43_driver/cyw43_bus_pio_spi.c.obj
 .text.cs_set   0x10007c88       0x1c CMakeFiles/Cyclometer.dir/C_/Users/gjmontagner/.pico-sdk/sdk/1.5.1/src/rp2_common/pico_cyw43_driver/cyw43_bus_pio_spi.c.obj
 .text.channel_config_set_chain_to
                0x10007ca4       0x30 CMakeFiles/Cyclometer.dir/C_/Users/gjmontagner/.pico-sdk/sdk/1.5.1/src/rp2_common/pico_cyw43_driver/cyw43_bus_pio_spi.c.obj
 .text.dma_channel_get_default_config
                0x10007cd4       0x74 CMakeFiles/Cyclometer.dir/C_/Users/gjmontagner/.pico-sdk/sdk/1.5.1/src/rp2_common/pico_cyw43_driver/cyw43_bus_pio_spi.c.obj
 .text.channel_config_set_dreq
                0x10007d48       0x30 CMakeFiles/Cyclometer.dir/C_/Users/gjmontagner/.pico-sdk/sdk/1.5.1/src/rp2_common/pico_cyw43_driver/cyw43_bus_pio_spi.c.obj
 .text.start_spi_comms
                0x10007d78       0x2c CMakeFiles/Cyclometer.dir/C_/Users/gjmontagner/.pico-sdk/sdk/1.5.1/src/rp2_common/pico_cyw43_driver/cyw43_bus_pio_spi.c.obj
 .text.ns_delay
                0x10007da4       0x20 CMakeFiles/Cyclometer.dir/C_/Users/gjmontagner/.pico-sdk/sdk/1.5.1/src/rp2_common/pico_cyw43_driver/cyw43_bus_pio_spi.c.obj
 .text.stop_spi_comms
                0x10007dc4       0x10 CMakeFiles/Cyclometer.dir/C_/Users/gjmontagner/.pico-sdk/sdk/1.5.1/src/rp2_common/pico_cyw43_driver/cyw43_bus_pio_spi.c.obj
 .text.cyw43_spi_deinit
                0x10007dd4       0x74 CMakeFiles/Cyclometer.dir/C_/Users/gjmontagner/.pico-sdk/sdk/1.5.1/src/rp2_common/pico_cyw43_driver/cyw43_bus_pio_spi.c.obj
                0x10007dd4                cyw43_spi_deinit
 .text.cyw43_spi_init
                0x10007e48      0x234 CMakeFiles/Cyclometer.dir/C_/Users/gjmontagner/.pico-sdk/sdk/1.5.1/src/rp2_common/pico_cyw43_driver/cyw43_bus_pio_spi.c.obj
                0x10007e48                cyw43_spi_init
 .text.cyw43_spi_transfer
                0x1000807c      0x568 CMakeFiles/Cyclometer.dir/C_/Users/gjmontagner/.pico-sdk/sdk/1.5.1/src/rp2_common/pico_cyw43_driver/cyw43_bus_pio_spi.c.obj
                0x1000807c                cyw43_spi_transfer
 .text._cyw43_read_reg
                0x100085e4       0x50 CMakeFiles/Cyclometer.dir/C_/Users/gjmontagner/.pico-sdk/sdk/1.5.1/src/rp2_common/pico_cyw43_driver/cyw43_bus_pio_spi.c.obj
 .text._cyw43_write_reg
                0x10008634       0x58 CMakeFiles/Cyclometer.dir/C_/Users/gjmontagner/.pico-sdk/sdk/1.5.1/src/rp2_common/pico_cyw43_driver/cyw43_bus_pio_spi.c.obj
 .text.cyw43_spi_gpio_setup
                0x1000868c       0x3a CMakeFiles/Cyclometer.dir/C_/Users/gjmontagner/.pico-sdk/sdk/1.5.1/src/rp2_common/pico_cyw43_driver/cyw43_bus_pio_spi.c.obj
                0x1000868c                cyw43_spi_gpio_setup
 .text.cyw43_spi_reset
                0x100086c6       0x28 CMakeFiles/Cyclometer.dir/C_/Users/gjmontagner/.pico-sdk/sdk/1.5.1/src/rp2_common/pico_cyw43_driver/cyw43_bus_pio_spi.c.obj
                0x100086c6                cyw43_spi_reset
 *fill*         0x100086ee        0x2 
 .text.read_reg_u32_swap
                0x100086f0       0x68 CMakeFiles/Cyclometer.dir/C_/Users/gjmontagner/.pico-sdk/sdk/1.5.1/src/rp2_common/pico_cyw43_driver/cyw43_bus_pio_spi.c.obj
                0x100086f0                read_reg_u32_swap
 .text.cyw43_read_reg_u32
                0x10008758        0xa CMakeFiles/Cyclometer.dir/C_/Users/gjmontagner/.pico-sdk/sdk/1.5.1/src/rp2_common/pico_cyw43_driver/cyw43_bus_pio_spi.c.obj
                0x10008758                cyw43_read_reg_u32
 .text.cyw43_read_reg_u16
                0x10008762        0xa CMakeFiles/Cyclometer.dir/C_/Users/gjmontagner/.pico-sdk/sdk/1.5.1/src/rp2_common/pico_cyw43_driver/cyw43_bus_pio_spi.c.obj
                0x10008762                cyw43_read_reg_u16
 .text.cyw43_read_reg_u8
                0x1000876c        0xa CMakeFiles/Cyclometer.dir/C_/Users/gjmontagner/.pico-sdk/sdk/1.5.1/src/rp2_common/pico_cyw43_driver/cyw43_bus_pio_spi.c.obj
                0x1000876c                cyw43_read_reg_u8
 *fill*         0x10008776        0x2 
 .text.write_reg_u32_swap
                0x10008778       0x34 CMakeFiles/Cyclometer.dir/C_/Users/gjmontagner/.pico-sdk/sdk/1.5.1/src/rp2_common/pico_cyw43_driver/cyw43_bus_pio_spi.c.obj
                0x10008778                write_reg_u32_swap
 .text.cyw43_write_reg_u32
                0x100087ac       0x10 CMakeFiles/Cyclometer.dir/C_/Users/gjmontagner/.pico-sdk/sdk/1.5.1/src/rp2_common/pico_cyw43_driver/cyw43_bus_pio_spi.c.obj
                0x100087ac                cyw43_write_reg_u32
 .text.cyw43_write_reg_u16
                0x100087bc       0x10 CMakeFiles/Cyclometer.dir/C_/Users/gjmontagner/.pico-sdk/sdk/1.5.1/src/rp2_common/pico_cyw43_driver/cyw43_bus_pio_spi.c.obj
                0x100087bc                cyw43_write_reg_u16
 .text.cyw43_write_reg_u8
                0x100087cc       0x10 CMakeFiles/Cyclometer.dir/C_/Users/gjmontagner/.pico-sdk/sdk/1.5.1/src/rp2_common/pico_cyw43_driver/cyw43_bus_pio_spi.c.obj
                0x100087cc                cyw43_write_reg_u8
 .text.cyw43_read_bytes
                0x100087dc       0xfc CMakeFiles/Cyclometer.dir/C_/Users/gjmontagner/.pico-sdk/sdk/1.5.1/src/rp2_common/pico_cyw43_driver/cyw43_bus_pio_spi.c.obj
                0x100087dc                cyw43_read_bytes
 .text.cyw43_write_bytes
                0x100088d8      0x124 CMakeFiles/Cyclometer.dir/C_/Users/gjmontagner/.pico-sdk/sdk/1.5.1/src/rp2_common/pico_cyw43_driver/cyw43_bus_pio_spi.c.obj
                0x100088d8                cyw43_write_bytes
 .text.get_core_address
                0x100089fc       0x1c CMakeFiles/Cyclometer.dir/C_/Users/gjmontagner/.pico-sdk/sdk/1.5.1/lib/cyw43-driver/src/cyw43_ll.c.obj
 .text.sdpcm_process_rx_packet
                0x10008a18      0x180 CMakeFiles/Cyclometer.dir/C_/Users/gjmontagner/.pico-sdk/sdk/1.5.1/lib/cyw43-driver/src/cyw43_ll.c.obj
 .text.cyw43_ll_wifi_parse_scan_result
                0x10008b98       0x9c CMakeFiles/Cyclometer.dir/C_/Users/gjmontagner/.pico-sdk/sdk/1.5.1/lib/cyw43-driver/src/cyw43_ll.c.obj
 .text.cyw43_ll_parse_async_event
                0x10008c34       0x8a CMakeFiles/Cyclometer.dir/C_/Users/gjmontagner/.pico-sdk/sdk/1.5.1/lib/cyw43-driver/src/cyw43_ll.c.obj
 *fill*         0x10008cbe        0x2 
 .text.cyw43_kso_set
                0x10008cc0       0x98 CMakeFiles/Cyclometer.dir/C_/Users/gjmontagner/.pico-sdk/sdk/1.5.1/lib/cyw43-driver/src/cyw43_ll.c.obj
 .text.cyw43_ll_bus_sleep_helper
                0x10008d58        0xe CMakeFiles/Cyclometer.dir/C_/Users/gjmontagner/.pico-sdk/sdk/1.5.1/lib/cyw43-driver/src/cyw43_ll.c.obj
 *fill*         0x10008d66        0x2 
 .text.cyw43_read_reg
                0x10008d68       0x48 CMakeFiles/Cyclometer.dir/C_/Users/gjmontagner/.pico-sdk/sdk/1.5.1/lib/cyw43-driver/src/cyw43_ll.c.obj
 .text.cyw43_write_reg
                0x10008db0       0x4c CMakeFiles/Cyclometer.dir/C_/Users/gjmontagner/.pico-sdk/sdk/1.5.1/lib/cyw43-driver/src/cyw43_ll.c.obj
 .text.cyw43_set_backplane_window
                0x10008dfc       0x78 CMakeFiles/Cyclometer.dir/C_/Users/gjmontagner/.pico-sdk/sdk/1.5.1/lib/cyw43-driver/src/cyw43_ll.c.obj
 .text.cyw43_read_backplane
                0x10008e74       0x30 CMakeFiles/Cyclometer.dir/C_/Users/gjmontagner/.pico-sdk/sdk/1.5.1/lib/cyw43-driver/src/cyw43_ll.c.obj
 .text.disable_device_core
                0x10008ea4       0x3c CMakeFiles/Cyclometer.dir/C_/Users/gjmontagner/.pico-sdk/sdk/1.5.1/lib/cyw43-driver/src/cyw43_ll.c.obj
 .text.device_core_is_up
                0x10008ee0       0x4c CMakeFiles/Cyclometer.dir/C_/Users/gjmontagner/.pico-sdk/sdk/1.5.1/lib/cyw43-driver/src/cyw43_ll.c.obj
 .text.cyw43_write_backplane
                0x10008f2c       0x34 CMakeFiles/Cyclometer.dir/C_/Users/gjmontagner/.pico-sdk/sdk/1.5.1/lib/cyw43-driver/src/cyw43_ll.c.obj
 .text.reset_device_core
                0x10008f60       0x74 CMakeFiles/Cyclometer.dir/C_/Users/gjmontagner/.pico-sdk/sdk/1.5.1/lib/cyw43-driver/src/cyw43_ll.c.obj
 .text.cyw43_download_resource
                0x10008fd4      0x17c CMakeFiles/Cyclometer.dir/C_/Users/gjmontagner/.pico-sdk/sdk/1.5.1/lib/cyw43-driver/src/cyw43_ll.c.obj
 .text.cyw43_ll_init
                0x10009150       0x20 CMakeFiles/Cyclometer.dir/C_/Users/gjmontagner/.pico-sdk/sdk/1.5.1/lib/cyw43-driver/src/cyw43_ll.c.obj
                0x10009150                cyw43_ll_init
 .text.cyw43_ll_deinit
                0x10009170        0x8 CMakeFiles/Cyclometer.dir/C_/Users/gjmontagner/.pico-sdk/sdk/1.5.1/lib/cyw43-driver/src/cyw43_ll.c.obj
                0x10009170                cyw43_ll_deinit
 .text.cyw43_ll_bus_sleep
                0x10009178       0x34 CMakeFiles/Cyclometer.dir/C_/Users/gjmontagner/.pico-sdk/sdk/1.5.1/lib/cyw43-driver/src/cyw43_ll.c.obj
                0x10009178                cyw43_ll_bus_sleep
 .text.cyw43_ll_sdpcm_poll_device
                0x100091ac      0x158 CMakeFiles/Cyclometer.dir/C_/Users/gjmontagner/.pico-sdk/sdk/1.5.1/lib/cyw43-driver/src/cyw43_ll.c.obj
 .text.cyw43_ll_process_packets
                0x10009304       0x5c CMakeFiles/Cyclometer.dir/C_/Users/gjmontagner/.pico-sdk/sdk/1.5.1/lib/cyw43-driver/src/cyw43_ll.c.obj
                0x10009304                cyw43_ll_process_packets
 .text.cyw43_sdpcm_send_common
                0x10009360      0x104 CMakeFiles/Cyclometer.dir/C_/Users/gjmontagner/.pico-sdk/sdk/1.5.1/lib/cyw43-driver/src/cyw43_ll.c.obj
 .text.cyw43_send_ioctl
                0x10009464       0x56 CMakeFiles/Cyclometer.dir/C_/Users/gjmontagner/.pico-sdk/sdk/1.5.1/lib/cyw43-driver/src/cyw43_ll.c.obj
 *fill*         0x100094ba        0x2 
 .text.cyw43_do_ioctl
                0x100094bc       0xc0 CMakeFiles/Cyclometer.dir/C_/Users/gjmontagner/.pico-sdk/sdk/1.5.1/lib/cyw43-driver/src/cyw43_ll.c.obj
 .text.cyw43_ll_ioctl
                0x1000957c       0x1e CMakeFiles/Cyclometer.dir/C_/Users/gjmontagner/.pico-sdk/sdk/1.5.1/lib/cyw43-driver/src/cyw43_ll.c.obj
                0x1000957c                cyw43_ll_ioctl
 *fill*         0x1000959a        0x2 
 .text.cyw43_clm_load
                0x1000959c       0xdc CMakeFiles/Cyclometer.dir/C_/Users/gjmontagner/.pico-sdk/sdk/1.5.1/lib/cyw43-driver/src/cyw43_ll.c.obj
 .text.cyw43_write_iovar_u32
                0x10009678       0x60 CMakeFiles/Cyclometer.dir/C_/Users/gjmontagner/.pico-sdk/sdk/1.5.1/lib/cyw43-driver/src/cyw43_ll.c.obj
 .text.cyw43_write_iovar_n
                0x100096d8       0x50 CMakeFiles/Cyclometer.dir/C_/Users/gjmontagner/.pico-sdk/sdk/1.5.1/lib/cyw43-driver/src/cyw43_ll.c.obj
 .text.cyw43_set_ioctl_u32
                0x10009728       0x30 CMakeFiles/Cyclometer.dir/C_/Users/gjmontagner/.pico-sdk/sdk/1.5.1/lib/cyw43-driver/src/cyw43_ll.c.obj
 .text.cyw43_write_iovar_u32_u32
                0x10009758       0x74 CMakeFiles/Cyclometer.dir/C_/Users/gjmontagner/.pico-sdk/sdk/1.5.1/lib/cyw43-driver/src/cyw43_ll.c.obj
 .text.cyw43_ll_wifi_get_mac
                0x100097cc       0x44 CMakeFiles/Cyclometer.dir/C_/Users/gjmontagner/.pico-sdk/sdk/1.5.1/lib/cyw43-driver/src/cyw43_ll.c.obj
                0x100097cc                cyw43_ll_wifi_get_mac
 .text.cyw43_ll_bus_init
                0x10009810      0x360 CMakeFiles/Cyclometer.dir/C_/Users/gjmontagner/.pico-sdk/sdk/1.5.1/lib/cyw43-driver/src/cyw43_ll.c.obj
                0x10009810                cyw43_ll_bus_init
 .text.cyw43_ll_wifi_set_wpa_auth
                0x10009b70        0xe CMakeFiles/Cyclometer.dir/C_/Users/gjmontagner/.pico-sdk/sdk/1.5.1/lib/cyw43-driver/src/cyw43_ll.c.obj
                0x10009b70                cyw43_ll_wifi_set_wpa_auth
 *fill*         0x10009b7e        0x2 
 .text.cyw43_ll_wifi_rejoin
                0x10009b80       0x20 CMakeFiles/Cyclometer.dir/C_/Users/gjmontagner/.pico-sdk/sdk/1.5.1/lib/cyw43-driver/src/cyw43_ll.c.obj
                0x10009b80                cyw43_ll_wifi_rejoin
 .text.cyw43_ll_gpio_set
                0x10009ba0       0x30 CMakeFiles/Cyclometer.dir/C_/Users/gjmontagner/.pico-sdk/sdk/1.5.1/lib/cyw43-driver/src/cyw43_ll.c.obj
                0x10009ba0                cyw43_ll_gpio_set
 .text.cyw43_ll_has_work
                0x10009bd0       0x12 CMakeFiles/Cyclometer.dir/C_/Users/gjmontagner/.pico-sdk/sdk/1.5.1/lib/cyw43-driver/src/cyw43_ll.c.obj
                0x10009bd0                cyw43_ll_has_work
 .text.to_ms_since_boot
                0x10009be2       0x1c CMakeFiles/Cyclometer.dir/C_/Users/gjmontagner/.pico-sdk/sdk/1.5.1/lib/cyw43-driver/src/cyw43_ctrl.c.obj
 *fill*         0x10009bfe        0x2 
 .text.update_us_since_boot
                0x10009c00       0x24 CMakeFiles/Cyclometer.dir/C_/Users/gjmontagner/.pico-sdk/sdk/1.5.1/lib/cyw43-driver/src/cyw43_ctrl.c.obj
 .text.cyw43_poll_func
                0x10009c24       0xac CMakeFiles/Cyclometer.dir/C_/Users/gjmontagner/.pico-sdk/sdk/1.5.1/lib/cyw43-driver/src/cyw43_ctrl.c.obj
 .text.get_absolute_time
                0x10009cd0       0x22 CMakeFiles/Cyclometer.dir/C_/Users/gjmontagner/.pico-sdk/sdk/1.5.1/lib/cyw43-driver/src/cyw43_ctrl.c.obj
 .text.cyw43_hal_ticks_ms
                0x10009cf2       0x16 CMakeFiles/Cyclometer.dir/C_/Users/gjmontagner/.pico-sdk/sdk/1.5.1/lib/cyw43-driver/src/cyw43_ctrl.c.obj
 .text.cyw43_dump_async_event
                0x10009d08       0x58 CMakeFiles/Cyclometer.dir/C_/Users/gjmontagner/.pico-sdk/sdk/1.5.1/lib/cyw43-driver/src/cyw43_ctrl.c.obj
 .text.cyw43_ensure_up
                0x10009d60       0xec CMakeFiles/Cyclometer.dir/C_/Users/gjmontagner/.pico-sdk/sdk/1.5.1/lib/cyw43-driver/src/cyw43_ctrl.c.obj
 .text.cyw43_init
                0x10009e4c       0x8c CMakeFiles/Cyclometer.dir/C_/Users/gjmontagner/.pico-sdk/sdk/1.5.1/lib/cyw43-driver/src/cyw43_ctrl.c.obj
                0x10009e4c                cyw43_init
 .text.cyw43_deinit
                0x10009ed8       0x3c CMakeFiles/Cyclometer.dir/C_/Users/gjmontagner/.pico-sdk/sdk/1.5.1/lib/cyw43-driver/src/cyw43_ctrl.c.obj
                0x10009ed8                cyw43_deinit
 .text.cyw43_cb_read_host_interrupt_pin
                0x10009f14        0xe CMakeFiles/Cyclometer.dir/C_/Users/gjmontagner/.pico-sdk/sdk/1.5.1/lib/cyw43-driver/src/cyw43_ctrl.c.obj
                0x10009f14                cyw43_cb_read_host_interrupt_pin
 *fill*         0x10009f22        0x2 
 .text.cyw43_cb_ensure_awake
                0x10009f24        0xc CMakeFiles/Cyclometer.dir/C_/Users/gjmontagner/.pico-sdk/sdk/1.5.1/lib/cyw43-driver/src/cyw43_ctrl.c.obj
                0x10009f24                cyw43_cb_ensure_awake
 .text.cyw43_cb_process_async_event
                0x10009f30      0x1ac CMakeFiles/Cyclometer.dir/C_/Users/gjmontagner/.pico-sdk/sdk/1.5.1/lib/cyw43-driver/src/cyw43_ctrl.c.obj
                0x10009f30                cyw43_cb_process_async_event
 .text.cyw43_gpio_set
                0x1000a0dc       0x30 CMakeFiles/Cyclometer.dir/C_/Users/gjmontagner/.pico-sdk/sdk/1.5.1/lib/cyw43-driver/src/cyw43_ctrl.c.obj
                0x1000a0dc                cyw43_gpio_set
 .text.dma_channel_unclaim
                0x1000a10c       0x14 CMakeFiles/Cyclometer.dir/C_/Users/gjmontagner/.pico-sdk/sdk/1.5.1/src/rp2_common/hardware_dma/dma.c.obj
                0x1000a10c                dma_channel_unclaim
 .text.dma_claim_unused_channel
                0x1000a120       0x24 CMakeFiles/Cyclometer.dir/C_/Users/gjmontagner/.pico-sdk/sdk/1.5.1/src/rp2_common/hardware_dma/dma.c.obj
                0x1000a120                dma_claim_unused_channel
 .text.dma_channel_cleanup
                0x1000a144       0x5c CMakeFiles/Cyclometer.dir/C_/Users/gjmontagner/.pico-sdk/sdk/1.5.1/src/rp2_common/hardware_dma/dma.c.obj